[    0.000000] Linux version 5.8.0-63-generic (buildd@lgw01-amd64-035) (gcc (Ubuntu 9.3.0-17ubuntu1~20.04) 9.3.0, GNU ld (GNU Binutils for Ubuntu) 2.34) #71~20.04.1-Ubuntu SMP Thu Jul 15 17:46:08 UTC 2021 (Ubuntu 5.8.0-63.71~20.04.1-generic 5.8.18)
[    0.000000] Command line: BOOT_IMAGE=/boot/vmlinuz-5.8.0-63-generic root=UUID=877e1867-02f1-46cd-b135-28e5fb0a7646 ro quiet splash
[    0.000000] KERNEL supported cpus:
[    0.000000]   Intel GenuineIntel
[    0.000000]   AMD AuthenticAMD
[    0.000000]   Hygon HygonGenuine
[    0.000000]   Centaur CentaurHauls
[    0.000000]   zhaoxin   Shanghai  
[    0.000000] Disabled fast string operations
[    0.000000] x86/fpu: Supporting XSAVE feature 0x001: 'x87 floating point registers'
[    0.000000] x86/fpu: Supporting XSAVE feature 0x002: 'SSE registers'
[    0.000000] x86/fpu: Supporting XSAVE feature 0x004: 'AVX registers'
[    0.000000] x86/fpu: xstate_offset[2]:  576, xstate_sizes[2]:  256
[    0.000000] x86/fpu: Enabled xstate features 0x7, context size is 832 bytes, using 'standard' format.
[    0.000000] BIOS-provided physical RAM map:
[    0.000000] BIOS-e820: [mem 0x0000000000000000-0x000000000009e7ff] usable
[    0.000000] BIOS-e820: [mem 0x000000000009e800-0x000000000009ffff] reserved
[    0.000000] BIOS-e820: [mem 0x00000000000dc000-0x00000000000fffff] reserved
[    0.000000] BIOS-e820: [mem 0x0000000000100000-0x00000000bfedffff] usable
[    0.000000] BIOS-e820: [mem 0x00000000bfee0000-0x00000000bfefefff] ACPI data
[    0.000000] BIOS-e820: [mem 0x00000000bfeff000-0x00000000bfefffff] ACPI NVS
[    0.000000] BIOS-e820: [mem 0x00000000bff00000-0x00000000bfffffff] usable
[    0.000000] BIOS-e820: [mem 0x00000000f0000000-0x00000000f7ffffff] reserved
[    0.000000] BIOS-e820: [mem 0x00000000fec00000-0x00000000fec0ffff] reserved
[    0.000000] BIOS-e820: [mem 0x00000000fee00000-0x00000000fee00fff] reserved
[    0.000000] BIOS-e820: [mem 0x00000000fffe0000-0x00000000ffffffff] reserved
[    0.000000] BIOS-e820: [mem 0x0000000100000000-0x000000023fffffff] usable
[    0.000000] NX (Execute Disable) protection: active
[    0.000000] SMBIOS 2.7 present.
[    0.000000] DMI: VMware, Inc. VMware Virtual Platform/440BX Desktop Reference Platform, BIOS 6.00 07/22/2020
[    0.000000] vmware: hypercall mode: 0x02
[    0.000000] Hypervisor detected: VMware
[    0.000000] vmware: TSC freq read from hypervisor : 2294.609 MHz
[    0.000000] vmware: Host bus clock speed read from hypervisor : 66000000 Hz
[    0.000000] vmware: using clock offset of 71255722549 ns
[    0.000069] tsc: Detected 2294.609 MHz processor
[    0.003153] e820: update [mem 0x00000000-0x00000fff] usable ==> reserved
[    0.003157] e820: remove [mem 0x000a0000-0x000fffff] usable
[    0.003165] last_pfn = 0x240000 max_arch_pfn = 0x400000000
[    0.003372] MTRR default type: uncachable
[    0.003373] MTRR fixed ranges enabled:
[    0.003375]   00000-9FFFF write-back
[    0.003376]   A0000-BFFFF uncachable
[    0.003377]   C0000-CFFFF write-protect
[    0.003378]   D0000-EFFFF uncachable
[    0.003379]   F0000-FFFFF write-protect
[    0.003380] MTRR variable ranges enabled:
[    0.003382]   0 base 000000000000 mask 1FC000000000 write-back
[    0.003384]   1 base 0000C0000000 mask 1FFFC0000000 uncachable
[    0.003385]   2 disabled
[    0.003385]   3 disabled
[    0.003386]   4 disabled
[    0.003387]   5 disabled
[    0.003387]   6 disabled
[    0.003388]   7 disabled
[    0.003498] x86/PAT: Configuration [0-7]: WB  WC  UC- UC  WB  WP  UC- WT  
[    0.003593] total RAM covered: 261120M
[    0.004276]  gran_size: 64K 	chunk_size: 64K 	num_reg: 8  	lose cover RAM: 0G
[    0.004278]  gran_size: 64K 	chunk_size: 128K 	num_reg: 8  	lose cover RAM: 0G
[    0.004279]  gran_size: 64K 	chunk_size: 256K 	num_reg: 8  	lose cover RAM: 0G
[    0.004281]  gran_size: 64K 	chunk_size: 512K 	num_reg: 8  	lose cover RAM: 0G
[    0.004282]  gran_size: 64K 	chunk_size: 1M 	num_reg: 8  	lose cover RAM: 0G
[    0.004284]  gran_size: 64K 	chunk_size: 2M 	num_reg: 8  	lose cover RAM: 0G
[    0.004296]  gran_size: 64K 	chunk_size: 4M 	num_reg: 8  	lose cover RAM: 0G
[    0.004298]  gran_size: 64K 	chunk_size: 8M 	num_reg: 8  	lose cover RAM: 0G
[    0.004299]  gran_size: 64K 	chunk_size: 16M 	num_reg: 8  	lose cover RAM: 0G
[    0.004300]  gran_size: 64K 	chunk_size: 32M 	num_reg: 8  	lose cover RAM: 0G
[    0.004302]  gran_size: 64K 	chunk_size: 64M 	num_reg: 8  	lose cover RAM: 0G
[    0.004303]  gran_size: 64K 	chunk_size: 128M 	num_reg: 8  	lose cover RAM: 0G
[    0.004304]  gran_size: 64K 	chunk_size: 256M 	num_reg: 8  	lose cover RAM: 0G
[    0.004305]  gran_size: 64K 	chunk_size: 512M 	num_reg: 8  	lose cover RAM: 0G
[    0.004307]  gran_size: 64K 	chunk_size: 1G 	num_reg: 8  	lose cover RAM: 0G
[    0.004308]  gran_size: 64K 	chunk_size: 2G 	num_reg: 8  	lose cover RAM: 0G
[    0.004309]  gran_size: 128K 	chunk_size: 128K 	num_reg: 8  	lose cover RAM: 0G
[    0.004311]  gran_size: 128K 	chunk_size: 256K 	num_reg: 8  	lose cover RAM: 0G
[    0.004312]  gran_size: 128K 	chunk_size: 512K 	num_reg: 8  	lose cover RAM: 0G
[    0.004313]  gran_size: 128K 	chunk_size: 1M 	num_reg: 8  	lose cover RAM: 0G
[    0.004315]  gran_size: 128K 	chunk_size: 2M 	num_reg: 8  	lose cover RAM: 0G
[    0.004316]  gran_size: 128K 	chunk_size: 4M 	num_reg: 8  	lose cover RAM: 0G
[    0.004317]  gran_size: 128K 	chunk_size: 8M 	num_reg: 8  	lose cover RAM: 0G
[    0.004319]  gran_size: 128K 	chunk_size: 16M 	num_reg: 8  	lose cover RAM: 0G
[    0.004320]  gran_size: 128K 	chunk_size: 32M 	num_reg: 8  	lose cover RAM: 0G
[    0.004321]  gran_size: 128K 	chunk_size: 64M 	num_reg: 8  	lose cover RAM: 0G
[    0.004322]  gran_size: 128K 	chunk_size: 128M 	num_reg: 8  	lose cover RAM: 0G
[    0.004324]  gran_size: 128K 	chunk_size: 256M 	num_reg: 8  	lose cover RAM: 0G
[    0.004325]  gran_size: 128K 	chunk_size: 512M 	num_reg: 8  	lose cover RAM: 0G
[    0.004327]  gran_size: 128K 	chunk_size: 1G 	num_reg: 8  	lose cover RAM: 0G
[    0.004328]  gran_size: 128K 	chunk_size: 2G 	num_reg: 8  	lose cover RAM: 0G
[    0.004329]  gran_size: 256K 	chunk_size: 256K 	num_reg: 8  	lose cover RAM: 0G
[    0.004330]  gran_size: 256K 	chunk_size: 512K 	num_reg: 8  	lose cover RAM: 0G
[    0.004331]  gran_size: 256K 	chunk_size: 1M 	num_reg: 8  	lose cover RAM: 0G
[    0.004333]  gran_size: 256K 	chunk_size: 2M 	num_reg: 8  	lose cover RAM: 0G
[    0.004334]  gran_size: 256K 	chunk_size: 4M 	num_reg: 8  	lose cover RAM: 0G
[    0.004335]  gran_size: 256K 	chunk_size: 8M 	num_reg: 8  	lose cover RAM: 0G
[    0.004336]  gran_size: 256K 	chunk_size: 16M 	num_reg: 8  	lose cover RAM: 0G
[    0.004337]  gran_size: 256K 	chunk_size: 32M 	num_reg: 8  	lose cover RAM: 0G
[    0.004339]  gran_size: 256K 	chunk_size: 64M 	num_reg: 8  	lose cover RAM: 0G
[    0.004340]  gran_size: 256K 	chunk_size: 128M 	num_reg: 8  	lose cover RAM: 0G
[    0.004341]  gran_size: 256K 	chunk_size: 256M 	num_reg: 8  	lose cover RAM: 0G
[    0.004342]  gran_size: 256K 	chunk_size: 512M 	num_reg: 8  	lose cover RAM: 0G
[    0.004344]  gran_size: 256K 	chunk_size: 1G 	num_reg: 8  	lose cover RAM: 0G
[    0.004345]  gran_size: 256K 	chunk_size: 2G 	num_reg: 8  	lose cover RAM: 0G
[    0.004346]  gran_size: 512K 	chunk_size: 512K 	num_reg: 8  	lose cover RAM: 0G
[    0.004347]  gran_size: 512K 	chunk_size: 1M 	num_reg: 8  	lose cover RAM: 0G
[    0.004349]  gran_size: 512K 	chunk_size: 2M 	num_reg: 8  	lose cover RAM: 0G
[    0.004350]  gran_size: 512K 	chunk_size: 4M 	num_reg: 8  	lose cover RAM: 0G
[    0.004351]  gran_size: 512K 	chunk_size: 8M 	num_reg: 8  	lose cover RAM: 0G
[    0.004353]  gran_size: 512K 	chunk_size: 16M 	num_reg: 8  	lose cover RAM: 0G
[    0.004354]  gran_size: 512K 	chunk_size: 32M 	num_reg: 8  	lose cover RAM: 0G
[    0.004355]  gran_size: 512K 	chunk_size: 64M 	num_reg: 8  	lose cover RAM: 0G
[    0.004357]  gran_size: 512K 	chunk_size: 128M 	num_reg: 8  	lose cover RAM: 0G
[    0.004358]  gran_size: 512K 	chunk_size: 256M 	num_reg: 8  	lose cover RAM: 0G
[    0.004359]  gran_size: 512K 	chunk_size: 512M 	num_reg: 8  	lose cover RAM: 0G
[    0.004360]  gran_size: 512K 	chunk_size: 1G 	num_reg: 8  	lose cover RAM: 0G
[    0.004362]  gran_size: 512K 	chunk_size: 2G 	num_reg: 8  	lose cover RAM: 0G
[    0.004363]  gran_size: 1M 	chunk_size: 1M 	num_reg: 8  	lose cover RAM: 0G
[    0.004364]  gran_size: 1M 	chunk_size: 2M 	num_reg: 8  	lose cover RAM: 0G
[    0.004365]  gran_size: 1M 	chunk_size: 4M 	num_reg: 8  	lose cover RAM: 0G
[    0.004367]  gran_size: 1M 	chunk_size: 8M 	num_reg: 8  	lose cover RAM: 0G
[    0.004368]  gran_size: 1M 	chunk_size: 16M 	num_reg: 8  	lose cover RAM: 0G
[    0.004369]  gran_size: 1M 	chunk_size: 32M 	num_reg: 8  	lose cover RAM: 0G
[    0.004370]  gran_size: 1M 	chunk_size: 64M 	num_reg: 8  	lose cover RAM: 0G
[    0.004371]  gran_size: 1M 	chunk_size: 128M 	num_reg: 8  	lose cover RAM: 0G
[    0.004373]  gran_size: 1M 	chunk_size: 256M 	num_reg: 8  	lose cover RAM: 0G
[    0.004374]  gran_size: 1M 	chunk_size: 512M 	num_reg: 8  	lose cover RAM: 0G
[    0.004375]  gran_size: 1M 	chunk_size: 1G 	num_reg: 8  	lose cover RAM: 0G
[    0.004376]  gran_size: 1M 	chunk_size: 2G 	num_reg: 8  	lose cover RAM: 0G
[    0.004377]  gran_size: 2M 	chunk_size: 2M 	num_reg: 8  	lose cover RAM: 0G
[    0.004379]  gran_size: 2M 	chunk_size: 4M 	num_reg: 8  	lose cover RAM: 0G
[    0.004380]  gran_size: 2M 	chunk_size: 8M 	num_reg: 8  	lose cover RAM: 0G
[    0.004419]  gran_size: 2M 	chunk_size: 16M 	num_reg: 8  	lose cover RAM: 0G
[    0.004421]  gran_size: 2M 	chunk_size: 32M 	num_reg: 8  	lose cover RAM: 0G
[    0.004423]  gran_size: 2M 	chunk_size: 64M 	num_reg: 8  	lose cover RAM: 0G
[    0.004424]  gran_size: 2M 	chunk_size: 128M 	num_reg: 8  	lose cover RAM: 0G
[    0.004425]  gran_size: 2M 	chunk_size: 256M 	num_reg: 8  	lose cover RAM: 0G
[    0.004426]  gran_size: 2M 	chunk_size: 512M 	num_reg: 8  	lose cover RAM: 0G
[    0.004428]  gran_size: 2M 	chunk_size: 1G 	num_reg: 8  	lose cover RAM: 0G
[    0.004429]  gran_size: 2M 	chunk_size: 2G 	num_reg: 8  	lose cover RAM: 0G
[    0.004430]  gran_size: 4M 	chunk_size: 4M 	num_reg: 8  	lose cover RAM: 0G
[    0.004431]  gran_size: 4M 	chunk_size: 8M 	num_reg: 8  	lose cover RAM: 0G
[    0.004433]  gran_size: 4M 	chunk_size: 16M 	num_reg: 8  	lose cover RAM: 0G
[    0.004434]  gran_size: 4M 	chunk_size: 32M 	num_reg: 8  	lose cover RAM: 0G
[    0.004436]  gran_size: 4M 	chunk_size: 64M 	num_reg: 8  	lose cover RAM: 0G
[    0.004437]  gran_size: 4M 	chunk_size: 128M 	num_reg: 8  	lose cover RAM: 0G
[    0.004438]  gran_size: 4M 	chunk_size: 256M 	num_reg: 8  	lose cover RAM: 0G
[    0.004440]  gran_size: 4M 	chunk_size: 512M 	num_reg: 8  	lose cover RAM: 0G
[    0.004441]  gran_size: 4M 	chunk_size: 1G 	num_reg: 8  	lose cover RAM: 0G
[    0.004442]  gran_size: 4M 	chunk_size: 2G 	num_reg: 8  	lose cover RAM: 0G
[    0.004444]  gran_size: 8M 	chunk_size: 8M 	num_reg: 8  	lose cover RAM: 0G
[    0.004445]  gran_size: 8M 	chunk_size: 16M 	num_reg: 8  	lose cover RAM: 0G
[    0.004446]  gran_size: 8M 	chunk_size: 32M 	num_reg: 8  	lose cover RAM: 0G
[    0.004448]  gran_size: 8M 	chunk_size: 64M 	num_reg: 8  	lose cover RAM: 0G
[    0.004449]  gran_size: 8M 	chunk_size: 128M 	num_reg: 8  	lose cover RAM: 0G
[    0.004451]  gran_size: 8M 	chunk_size: 256M 	num_reg: 8  	lose cover RAM: 0G
[    0.004452]  gran_size: 8M 	chunk_size: 512M 	num_reg: 8  	lose cover RAM: 0G
[    0.004453]  gran_size: 8M 	chunk_size: 1G 	num_reg: 8  	lose cover RAM: 0G
[    0.004455]  gran_size: 8M 	chunk_size: 2G 	num_reg: 8  	lose cover RAM: 0G
[    0.004456]  gran_size: 16M 	chunk_size: 16M 	num_reg: 8  	lose cover RAM: 0G
[    0.004457]  gran_size: 16M 	chunk_size: 32M 	num_reg: 8  	lose cover RAM: 0G
[    0.004458]  gran_size: 16M 	chunk_size: 64M 	num_reg: 8  	lose cover RAM: 0G
[    0.004460]  gran_size: 16M 	chunk_size: 128M 	num_reg: 8  	lose cover RAM: 0G
[    0.004461]  gran_size: 16M 	chunk_size: 256M 	num_reg: 8  	lose cover RAM: 0G
[    0.004462]  gran_size: 16M 	chunk_size: 512M 	num_reg: 8  	lose cover RAM: 0G
[    0.004464]  gran_size: 16M 	chunk_size: 1G 	num_reg: 8  	lose cover RAM: 0G
[    0.004465]  gran_size: 16M 	chunk_size: 2G 	num_reg: 8  	lose cover RAM: 0G
[    0.004466]  gran_size: 32M 	chunk_size: 32M 	num_reg: 8  	lose cover RAM: 0G
[    0.004468]  gran_size: 32M 	chunk_size: 64M 	num_reg: 8  	lose cover RAM: 0G
[    0.004469]  gran_size: 32M 	chunk_size: 128M 	num_reg: 8  	lose cover RAM: 0G
[    0.004470]  gran_size: 32M 	chunk_size: 256M 	num_reg: 8  	lose cover RAM: 0G
[    0.004472]  gran_size: 32M 	chunk_size: 512M 	num_reg: 8  	lose cover RAM: 0G
[    0.004473]  gran_size: 32M 	chunk_size: 1G 	num_reg: 8  	lose cover RAM: 0G
[    0.004474]  gran_size: 32M 	chunk_size: 2G 	num_reg: 8  	lose cover RAM: 0G
[    0.004476]  gran_size: 64M 	chunk_size: 64M 	num_reg: 8  	lose cover RAM: 0G
[    0.004477]  gran_size: 64M 	chunk_size: 128M 	num_reg: 8  	lose cover RAM: 0G
[    0.004478]  gran_size: 64M 	chunk_size: 256M 	num_reg: 8  	lose cover RAM: 0G
[    0.004479]  gran_size: 64M 	chunk_size: 512M 	num_reg: 8  	lose cover RAM: 0G
[    0.004481]  gran_size: 64M 	chunk_size: 1G 	num_reg: 8  	lose cover RAM: 0G
[    0.004482]  gran_size: 64M 	chunk_size: 2G 	num_reg: 8  	lose cover RAM: 0G
[    0.004483]  gran_size: 128M 	chunk_size: 128M 	num_reg: 8  	lose cover RAM: 0G
[    0.004485]  gran_size: 128M 	chunk_size: 256M 	num_reg: 8  	lose cover RAM: 0G
[    0.004486]  gran_size: 128M 	chunk_size: 512M 	num_reg: 8  	lose cover RAM: 0G
[    0.004487]  gran_size: 128M 	chunk_size: 1G 	num_reg: 8  	lose cover RAM: 0G
[    0.004489]  gran_size: 128M 	chunk_size: 2G 	num_reg: 8  	lose cover RAM: 0G
[    0.004490]  gran_size: 256M 	chunk_size: 256M 	num_reg: 8  	lose cover RAM: 0G
[    0.004491]  gran_size: 256M 	chunk_size: 512M 	num_reg: 8  	lose cover RAM: 0G
[    0.004493]  gran_size: 256M 	chunk_size: 1G 	num_reg: 8  	lose cover RAM: 0G
[    0.004494]  gran_size: 256M 	chunk_size: 2G 	num_reg: 8  	lose cover RAM: 0G
[    0.004495]  gran_size: 512M 	chunk_size: 512M 	num_reg: 8  	lose cover RAM: 0G
[    0.004497]  gran_size: 512M 	chunk_size: 1G 	num_reg: 8  	lose cover RAM: 0G
[    0.004498]  gran_size: 512M 	chunk_size: 2G 	num_reg: 8  	lose cover RAM: 0G
[    0.004499]  gran_size: 1G 	chunk_size: 1G 	num_reg: 8  	lose cover RAM: 0G
[    0.004500]  gran_size: 1G 	chunk_size: 2G 	num_reg: 8  	lose cover RAM: 0G
[    0.004502]  gran_size: 2G 	chunk_size: 2G 	num_reg: 7  	lose cover RAM: 1G
[    0.004503] mtrr_cleanup: can not find optimal value
[    0.004504] please specify mtrr_gran_size/mtrr_chunk_size
[    0.004570] e820: update [mem 0xc0000000-0xffffffff] usable ==> reserved
[    0.004588] last_pfn = 0xc0000 max_arch_pfn = 0x400000000
[    0.018985] found SMP MP-table at [mem 0x000f6a70-0x000f6a7f]
[    0.019522] check: Scanning 1 areas for low memory corruption
[    0.019676] Using GB pages for direct mapping
[    0.020017] RAMDISK: [mem 0x31bdd000-0x34de5fff]
[    0.020026] ACPI: Early table checksum verification disabled
[    0.020032] ACPI: RSDP 0x00000000000F6A00 000024 (v02 PTLTD )
[    0.020037] ACPI: XSDT 0x00000000BFEE6633 00005C (v01 INTEL  440BX    06040000 VMW  01324272)
[    0.020045] ACPI: FACP 0x00000000BFEFEE73 0000F4 (v04 INTEL  440BX    06040000 PTL  000F4240)
[    0.020053] ACPI: DSDT 0x00000000BFEE7CBD 0171B6 (v01 PTLTD  Custom   06040000 MSFT 03000001)
[    0.020084] ACPI: FACS 0x00000000BFEFFFC0 000040
[    0.020088] ACPI: FACS 0x00000000BFEFFFC0 000040
[    0.020091] ACPI: BOOT 0x00000000BFEE7C95 000028 (v01 PTLTD  $SBFTBL$ 06040000  LTP 00000001)
[    0.020096] ACPI: APIC 0x00000000BFEE7553 000742 (v01 PTLTD  ? APIC   06040000  LTP 00000000)
[    0.020101] ACPI: MCFG 0x00000000BFEE7517 00003C (v01 PTLTD  $PCITBL$ 06040000  LTP 00000001)
[    0.020105] ACPI: SRAT 0x00000000BFEE672F 0008D0 (v02 VMWARE MEMPLUG  06040000 VMW  00000001)
[    0.020110] ACPI: HPET 0x00000000BFEE66F7 000038 (v01 VMWARE VMW HPET 06040000 VMW  00000001)
[    0.020115] ACPI: WAET 0x00000000BFEE66CF 000028 (v01 VMWARE VMW WAET 06040000 VMW  00000001)
[    0.020118] ACPI: Reserving FACP table memory at [mem 0xbfefee73-0xbfefef66]
[    0.020120] ACPI: Reserving DSDT table memory at [mem 0xbfee7cbd-0xbfefee72]
[    0.020120] ACPI: Reserving FACS table memory at [mem 0xbfefffc0-0xbfefffff]
[    0.020121] ACPI: Reserving FACS table memory at [mem 0xbfefffc0-0xbfefffff]
[    0.020122] ACPI: Reserving BOOT table memory at [mem 0xbfee7c95-0xbfee7cbc]
[    0.020123] ACPI: Reserving APIC table memory at [mem 0xbfee7553-0xbfee7c94]
[    0.020124] ACPI: Reserving MCFG table memory at [mem 0xbfee7517-0xbfee7552]
[    0.020125] ACPI: Reserving SRAT table memory at [mem 0xbfee672f-0xbfee6ffe]
[    0.020126] ACPI: Reserving HPET table memory at [mem 0xbfee66f7-0xbfee672e]
[    0.020126] ACPI: Reserving WAET table memory at [mem 0xbfee66cf-0xbfee66f6]
[    0.020204] ACPI: Local APIC address 0xfee00000
[    0.020233] system APIC only can use physical flat
[    0.020234] Setting APIC routing to physical flat.
[    0.020338] SRAT: PXM 0 -> APIC 0x00 -> Node 0
[    0.020339] SRAT: PXM 0 -> APIC 0x02 -> Node 0
[    0.020339] SRAT: PXM 0 -> APIC 0x04 -> Node 0
[    0.020340] SRAT: PXM 0 -> APIC 0x06 -> Node 0
[    0.020341] SRAT: PXM 0 -> APIC 0x08 -> Node 0
[    0.020341] SRAT: PXM 0 -> APIC 0x0a -> Node 0
[    0.020342] SRAT: PXM 0 -> APIC 0x0c -> Node 0
[    0.020343] SRAT: PXM 0 -> APIC 0x0e -> Node 0
[    0.020343] SRAT: PXM 0 -> APIC 0x10 -> Node 0
[    0.020344] SRAT: PXM 0 -> APIC 0x12 -> Node 0
[    0.020345] SRAT: PXM 0 -> APIC 0x14 -> Node 0
[    0.020345] SRAT: PXM 0 -> APIC 0x16 -> Node 0
[    0.020346] SRAT: PXM 0 -> APIC 0x18 -> Node 0
[    0.020347] SRAT: PXM 0 -> APIC 0x1a -> Node 0
[    0.020347] SRAT: PXM 0 -> APIC 0x1c -> Node 0
[    0.020348] SRAT: PXM 0 -> APIC 0x1e -> Node 0
[    0.020348] SRAT: PXM 0 -> APIC 0x20 -> Node 0
[    0.020349] SRAT: PXM 0 -> APIC 0x22 -> Node 0
[    0.020349] SRAT: PXM 0 -> APIC 0x24 -> Node 0
[    0.020350] SRAT: PXM 0 -> APIC 0x26 -> Node 0
[    0.020351] SRAT: PXM 0 -> APIC 0x28 -> Node 0
[    0.020351] SRAT: PXM 0 -> APIC 0x2a -> Node 0
[    0.020352] SRAT: PXM 0 -> APIC 0x2c -> Node 0
[    0.020352] SRAT: PXM 0 -> APIC 0x2e -> Node 0
[    0.020353] SRAT: PXM 0 -> APIC 0x30 -> Node 0
[    0.020353] SRAT: PXM 0 -> APIC 0x32 -> Node 0
[    0.020354] SRAT: PXM 0 -> APIC 0x34 -> Node 0
[    0.020354] SRAT: PXM 0 -> APIC 0x36 -> Node 0
[    0.020355] SRAT: PXM 0 -> APIC 0x38 -> Node 0
[    0.020355] SRAT: PXM 0 -> APIC 0x3a -> Node 0
[    0.020356] SRAT: PXM 0 -> APIC 0x3c -> Node 0
[    0.020357] SRAT: PXM 0 -> APIC 0x3e -> Node 0
[    0.020357] SRAT: PXM 0 -> APIC 0x40 -> Node 0
[    0.020358] SRAT: PXM 0 -> APIC 0x42 -> Node 0
[    0.020359] SRAT: PXM 0 -> APIC 0x44 -> Node 0
[    0.020359] SRAT: PXM 0 -> APIC 0x46 -> Node 0
[    0.020360] SRAT: PXM 0 -> APIC 0x48 -> Node 0
[    0.020360] SRAT: PXM 0 -> APIC 0x4a -> Node 0
[    0.020361] SRAT: PXM 0 -> APIC 0x4c -> Node 0
[    0.020362] SRAT: PXM 0 -> APIC 0x4e -> Node 0
[    0.020362] SRAT: PXM 0 -> APIC 0x50 -> Node 0
[    0.020363] SRAT: PXM 0 -> APIC 0x52 -> Node 0
[    0.020363] SRAT: PXM 0 -> APIC 0x54 -> Node 0
[    0.020364] SRAT: PXM 0 -> APIC 0x56 -> Node 0
[    0.020365] SRAT: PXM 0 -> APIC 0x58 -> Node 0
[    0.020365] SRAT: PXM 0 -> APIC 0x5a -> Node 0
[    0.020366] SRAT: PXM 0 -> APIC 0x5c -> Node 0
[    0.020367] SRAT: PXM 0 -> APIC 0x5e -> Node 0
[    0.020367] SRAT: PXM 0 -> APIC 0x60 -> Node 0
[    0.020368] SRAT: PXM 0 -> APIC 0x62 -> Node 0
[    0.020369] SRAT: PXM 0 -> APIC 0x64 -> Node 0
[    0.020369] SRAT: PXM 0 -> APIC 0x66 -> Node 0
[    0.020370] SRAT: PXM 0 -> APIC 0x68 -> Node 0
[    0.020371] SRAT: PXM 0 -> APIC 0x6a -> Node 0
[    0.020371] SRAT: PXM 0 -> APIC 0x6c -> Node 0
[    0.020372] SRAT: PXM 0 -> APIC 0x6e -> Node 0
[    0.020373] SRAT: PXM 0 -> APIC 0x70 -> Node 0
[    0.020373] SRAT: PXM 0 -> APIC 0x72 -> Node 0
[    0.020374] SRAT: PXM 0 -> APIC 0x74 -> Node 0
[    0.020375] SRAT: PXM 0 -> APIC 0x76 -> Node 0
[    0.020376] SRAT: PXM 0 -> APIC 0x78 -> Node 0
[    0.020376] SRAT: PXM 0 -> APIC 0x7a -> Node 0
[    0.020410] SRAT: PXM 0 -> APIC 0x7c -> Node 0
[    0.020411] SRAT: PXM 0 -> APIC 0x7e -> Node 0
[    0.020412] SRAT: PXM 0 -> APIC 0x80 -> Node 0
[    0.020413] SRAT: PXM 0 -> APIC 0x82 -> Node 0
[    0.020413] SRAT: PXM 0 -> APIC 0x84 -> Node 0
[    0.020414] SRAT: PXM 0 -> APIC 0x86 -> Node 0
[    0.020415] SRAT: PXM 0 -> APIC 0x88 -> Node 0
[    0.020415] SRAT: PXM 0 -> APIC 0x8a -> Node 0
[    0.020416] SRAT: PXM 0 -> APIC 0x8c -> Node 0
[    0.020417] SRAT: PXM 0 -> APIC 0x8e -> Node 0
[    0.020417] SRAT: PXM 0 -> APIC 0x90 -> Node 0
[    0.020418] SRAT: PXM 0 -> APIC 0x92 -> Node 0
[    0.020419] SRAT: PXM 0 -> APIC 0x94 -> Node 0
[    0.020419] SRAT: PXM 0 -> APIC 0x96 -> Node 0
[    0.020420] SRAT: PXM 0 -> APIC 0x98 -> Node 0
[    0.020421] SRAT: PXM 0 -> APIC 0x9a -> Node 0
[    0.020421] SRAT: PXM 0 -> APIC 0x9c -> Node 0
[    0.020422] SRAT: PXM 0 -> APIC 0x9e -> Node 0
[    0.020423] SRAT: PXM 0 -> APIC 0xa0 -> Node 0
[    0.020423] SRAT: PXM 0 -> APIC 0xa2 -> Node 0
[    0.020424] SRAT: PXM 0 -> APIC 0xa4 -> Node 0
[    0.020425] SRAT: PXM 0 -> APIC 0xa6 -> Node 0
[    0.020425] SRAT: PXM 0 -> APIC 0xa8 -> Node 0
[    0.020426] SRAT: PXM 0 -> APIC 0xaa -> Node 0
[    0.020427] SRAT: PXM 0 -> APIC 0xac -> Node 0
[    0.020427] SRAT: PXM 0 -> APIC 0xae -> Node 0
[    0.020428] SRAT: PXM 0 -> APIC 0xb0 -> Node 0
[    0.020429] SRAT: PXM 0 -> APIC 0xb2 -> Node 0
[    0.020429] SRAT: PXM 0 -> APIC 0xb4 -> Node 0
[    0.020430] SRAT: PXM 0 -> APIC 0xb6 -> Node 0
[    0.020431] SRAT: PXM 0 -> APIC 0xb8 -> Node 0
[    0.020431] SRAT: PXM 0 -> APIC 0xba -> Node 0
[    0.020432] SRAT: PXM 0 -> APIC 0xbc -> Node 0
[    0.020432] SRAT: PXM 0 -> APIC 0xbe -> Node 0
[    0.020433] SRAT: PXM 0 -> APIC 0xc0 -> Node 0
[    0.020434] SRAT: PXM 0 -> APIC 0xc2 -> Node 0
[    0.020434] SRAT: PXM 0 -> APIC 0xc4 -> Node 0
[    0.020435] SRAT: PXM 0 -> APIC 0xc6 -> Node 0
[    0.020435] SRAT: PXM 0 -> APIC 0xc8 -> Node 0
[    0.020436] SRAT: PXM 0 -> APIC 0xca -> Node 0
[    0.020437] SRAT: PXM 0 -> APIC 0xcc -> Node 0
[    0.020437] SRAT: PXM 0 -> APIC 0xce -> Node 0
[    0.020438] SRAT: PXM 0 -> APIC 0xd0 -> Node 0
[    0.020438] SRAT: PXM 0 -> APIC 0xd2 -> Node 0
[    0.020439] SRAT: PXM 0 -> APIC 0xd4 -> Node 0
[    0.020440] SRAT: PXM 0 -> APIC 0xd6 -> Node 0
[    0.020440] SRAT: PXM 0 -> APIC 0xd8 -> Node 0
[    0.020441] SRAT: PXM 0 -> APIC 0xda -> Node 0
[    0.020442] SRAT: PXM 0 -> APIC 0xdc -> Node 0
[    0.020442] SRAT: PXM 0 -> APIC 0xde -> Node 0
[    0.020443] SRAT: PXM 0 -> APIC 0xe0 -> Node 0
[    0.020444] SRAT: PXM 0 -> APIC 0xe2 -> Node 0
[    0.020444] SRAT: PXM 0 -> APIC 0xe4 -> Node 0
[    0.020445] SRAT: PXM 0 -> APIC 0xe6 -> Node 0
[    0.020445] SRAT: PXM 0 -> APIC 0xe8 -> Node 0
[    0.020446] SRAT: PXM 0 -> APIC 0xea -> Node 0
[    0.020447] SRAT: PXM 0 -> APIC 0xec -> Node 0
[    0.020447] SRAT: PXM 0 -> APIC 0xee -> Node 0
[    0.020448] SRAT: PXM 0 -> APIC 0xf0 -> Node 0
[    0.020449] SRAT: PXM 0 -> APIC 0xf2 -> Node 0
[    0.020450] SRAT: PXM 0 -> APIC 0xf4 -> Node 0
[    0.020450] SRAT: PXM 0 -> APIC 0xf6 -> Node 0
[    0.020451] SRAT: PXM 0 -> APIC 0xf8 -> Node 0
[    0.020452] SRAT: PXM 0 -> APIC 0xfa -> Node 0
[    0.020453] SRAT: PXM 0 -> APIC 0xfc -> Node 0
[    0.020453] SRAT: PXM 0 -> APIC 0xfe -> Node 0
[    0.020459] ACPI: SRAT: Node 0 PXM 0 [mem 0x00000000-0x0009ffff]
[    0.020460] ACPI: SRAT: Node 0 PXM 0 [mem 0x00100000-0xbfffffff]
[    0.020461] ACPI: SRAT: Node 0 PXM 0 [mem 0x100000000-0x23fffffff]
[    0.020462] ACPI: SRAT: Node 0 PXM 0 [mem 0x240000000-0x203fffffff] hotplug
[    0.020466] NUMA: Node 0 [mem 0x00000000-0x0009ffff] + [mem 0x00100000-0xbfffffff] -> [mem 0x00000000-0xbfffffff]
[    0.020467] NUMA: Node 0 [mem 0x00000000-0xbfffffff] + [mem 0x100000000-0x23fffffff] -> [mem 0x00000000-0x23fffffff]
[    0.020478] NODE_DATA(0) allocated [mem 0x23ffd6000-0x23fffffff]
[    0.023937] Zone ranges:
[    0.023940]   DMA      [mem 0x0000000000001000-0x0000000000ffffff]
[    0.023942]   DMA32    [mem 0x0000000001000000-0x00000000ffffffff]
[    0.023943]   Normal   [mem 0x0000000100000000-0x000000023fffffff]
[    0.023944]   Device   empty
[    0.023945] Movable zone start for each node
[    0.023948] Early memory node ranges
[    0.023949]   node   0: [mem 0x0000000000001000-0x000000000009dfff]
[    0.023951]   node   0: [mem 0x0000000000100000-0x00000000bfedffff]
[    0.023952]   node   0: [mem 0x00000000bff00000-0x00000000bfffffff]
[    0.023953]   node   0: [mem 0x0000000100000000-0x000000023fffffff]
[    0.023955] Initmem setup node 0 [mem 0x0000000000001000-0x000000023fffffff]
[    0.023957] On node 0 totalpages: 2097021
[    0.023958]   DMA zone: 64 pages used for memmap
[    0.023959]   DMA zone: 21 pages reserved
[    0.023960]   DMA zone: 3997 pages, LIFO batch:0
[    0.049542]   DMA zone: 28771 pages in unavailable ranges
[    0.049545]   DMA32 zone: 12224 pages used for memmap
[    0.049547]   DMA32 zone: 782304 pages, LIFO batch:63
[    0.652815]   DMA32 zone: 32 pages in unavailable ranges
[    0.652817]   Normal zone: 20480 pages used for memmap
[    0.652818]   Normal zone: 1310720 pages, LIFO batch:63
[    1.734731] ACPI: PM-Timer IO Port: 0x1008
[    1.734734] ACPI: Local APIC address 0xfee00000
[    1.734746] system APIC only can use physical flat
[    1.734761] ACPI: LAPIC_NMI (acpi_id[0x00] high edge lint[0x1])
[    1.734762] ACPI: LAPIC_NMI (acpi_id[0x01] high edge lint[0x1])
[    1.734762] ACPI: LAPIC_NMI (acpi_id[0x02] high edge lint[0x1])
[    1.734763] ACPI: LAPIC_NMI (acpi_id[0x03] high edge lint[0x1])
[    1.734763] ACPI: LAPIC_NMI (acpi_id[0x04] high edge lint[0x1])
[    1.734764] ACPI: LAPIC_NMI (acpi_id[0x05] high edge lint[0x1])
[    1.734764] ACPI: LAPIC_NMI (acpi_id[0x06] high edge lint[0x1])
[    1.734765] ACPI: LAPIC_NMI (acpi_id[0x07] high edge lint[0x1])
[    1.734765] ACPI: LAPIC_NMI (acpi_id[0x08] high edge lint[0x1])
[    1.734765] ACPI: LAPIC_NMI (acpi_id[0x09] high edge lint[0x1])
[    1.734766] ACPI: LAPIC_NMI (acpi_id[0x0a] high edge lint[0x1])
[    1.734766] ACPI: LAPIC_NMI (acpi_id[0x0b] high edge lint[0x1])
[    1.734767] ACPI: LAPIC_NMI (acpi_id[0x0c] high edge lint[0x1])
[    1.734767] ACPI: LAPIC_NMI (acpi_id[0x0d] high edge lint[0x1])
[    1.734768] ACPI: LAPIC_NMI (acpi_id[0x0e] high edge lint[0x1])
[    1.734768] ACPI: LAPIC_NMI (acpi_id[0x0f] high edge lint[0x1])
[    1.734768] ACPI: LAPIC_NMI (acpi_id[0x10] high edge lint[0x1])
[    1.734769] ACPI: LAPIC_NMI (acpi_id[0x11] high edge lint[0x1])
[    1.734769] ACPI: LAPIC_NMI (acpi_id[0x12] high edge lint[0x1])
[    1.734770] ACPI: LAPIC_NMI (acpi_id[0x13] high edge lint[0x1])
[    1.734770] ACPI: LAPIC_NMI (acpi_id[0x14] high edge lint[0x1])
[    1.734771] ACPI: LAPIC_NMI (acpi_id[0x15] high edge lint[0x1])
[    1.734771] ACPI: LAPIC_NMI (acpi_id[0x16] high edge lint[0x1])
[    1.734772] ACPI: LAPIC_NMI (acpi_id[0x17] high edge lint[0x1])
[    1.734772] ACPI: LAPIC_NMI (acpi_id[0x18] high edge lint[0x1])
[    1.734773] ACPI: LAPIC_NMI (acpi_id[0x19] high edge lint[0x1])
[    1.734773] ACPI: LAPIC_NMI (acpi_id[0x1a] high edge lint[0x1])
[    1.734774] ACPI: LAPIC_NMI (acpi_id[0x1b] high edge lint[0x1])
[    1.734774] ACPI: LAPIC_NMI (acpi_id[0x1c] high edge lint[0x1])
[    1.734775] ACPI: LAPIC_NMI (acpi_id[0x1d] high edge lint[0x1])
[    1.734775] ACPI: LAPIC_NMI (acpi_id[0x1e] high edge lint[0x1])
[    1.734775] ACPI: LAPIC_NMI (acpi_id[0x1f] high edge lint[0x1])
[    1.734776] ACPI: LAPIC_NMI (acpi_id[0x20] high edge lint[0x1])
[    1.734776] ACPI: LAPIC_NMI (acpi_id[0x21] high edge lint[0x1])
[    1.734777] ACPI: LAPIC_NMI (acpi_id[0x22] high edge lint[0x1])
[    1.734777] ACPI: LAPIC_NMI (acpi_id[0x23] high edge lint[0x1])
[    1.734777] ACPI: LAPIC_NMI (acpi_id[0x24] high edge lint[0x1])
[    1.734778] ACPI: LAPIC_NMI (acpi_id[0x25] high edge lint[0x1])
[    1.734778] ACPI: LAPIC_NMI (acpi_id[0x26] high edge lint[0x1])
[    1.734779] ACPI: LAPIC_NMI (acpi_id[0x27] high edge lint[0x1])
[    1.734779] ACPI: LAPIC_NMI (acpi_id[0x28] high edge lint[0x1])
[    1.734780] ACPI: LAPIC_NMI (acpi_id[0x29] high edge lint[0x1])
[    1.734780] ACPI: LAPIC_NMI (acpi_id[0x2a] high edge lint[0x1])
[    1.734780] ACPI: LAPIC_NMI (acpi_id[0x2b] high edge lint[0x1])
[    1.734781] ACPI: LAPIC_NMI (acpi_id[0x2c] high edge lint[0x1])
[    1.734781] ACPI: LAPIC_NMI (acpi_id[0x2d] high edge lint[0x1])
[    1.734782] ACPI: LAPIC_NMI (acpi_id[0x2e] high edge lint[0x1])
[    1.734782] ACPI: LAPIC_NMI (acpi_id[0x2f] high edge lint[0x1])
[    1.734783] ACPI: LAPIC_NMI (acpi_id[0x30] high edge lint[0x1])
[    1.734783] ACPI: LAPIC_NMI (acpi_id[0x31] high edge lint[0x1])
[    1.734783] ACPI: LAPIC_NMI (acpi_id[0x32] high edge lint[0x1])
[    1.734784] ACPI: LAPIC_NMI (acpi_id[0x33] high edge lint[0x1])
[    1.734784] ACPI: LAPIC_NMI (acpi_id[0x34] high edge lint[0x1])
[    1.734785] ACPI: LAPIC_NMI (acpi_id[0x35] high edge lint[0x1])
[    1.734785] ACPI: LAPIC_NMI (acpi_id[0x36] high edge lint[0x1])
[    1.734786] ACPI: LAPIC_NMI (acpi_id[0x37] high edge lint[0x1])
[    1.734786] ACPI: LAPIC_NMI (acpi_id[0x38] high edge lint[0x1])
[    1.734786] ACPI: LAPIC_NMI (acpi_id[0x39] high edge lint[0x1])
[    1.734787] ACPI: LAPIC_NMI (acpi_id[0x3a] high edge lint[0x1])
[    1.734787] ACPI: LAPIC_NMI (acpi_id[0x3b] high edge lint[0x1])
[    1.734788] ACPI: LAPIC_NMI (acpi_id[0x3c] high edge lint[0x1])
[    1.734788] ACPI: LAPIC_NMI (acpi_id[0x3d] high edge lint[0x1])
[    1.734788] ACPI: LAPIC_NMI (acpi_id[0x3e] high edge lint[0x1])
[    1.734789] ACPI: LAPIC_NMI (acpi_id[0x3f] high edge lint[0x1])
[    1.734789] ACPI: LAPIC_NMI (acpi_id[0x40] high edge lint[0x1])
[    1.734790] ACPI: LAPIC_NMI (acpi_id[0x41] high edge lint[0x1])
[    1.734790] ACPI: LAPIC_NMI (acpi_id[0x42] high edge lint[0x1])
[    1.734791] ACPI: LAPIC_NMI (acpi_id[0x43] high edge lint[0x1])
[    1.734791] ACPI: LAPIC_NMI (acpi_id[0x44] high edge lint[0x1])
[    1.734791] ACPI: LAPIC_NMI (acpi_id[0x45] high edge lint[0x1])
[    1.734792] ACPI: LAPIC_NMI (acpi_id[0x46] high edge lint[0x1])
[    1.734792] ACPI: LAPIC_NMI (acpi_id[0x47] high edge lint[0x1])
[    1.734793] ACPI: LAPIC_NMI (acpi_id[0x48] high edge lint[0x1])
[    1.734793] ACPI: LAPIC_NMI (acpi_id[0x49] high edge lint[0x1])
[    1.734794] ACPI: LAPIC_NMI (acpi_id[0x4a] high edge lint[0x1])
[    1.734794] ACPI: LAPIC_NMI (acpi_id[0x4b] high edge lint[0x1])
[    1.734794] ACPI: LAPIC_NMI (acpi_id[0x4c] high edge lint[0x1])
[    1.734795] ACPI: LAPIC_NMI (acpi_id[0x4d] high edge lint[0x1])
[    1.734795] ACPI: LAPIC_NMI (acpi_id[0x4e] high edge lint[0x1])
[    1.734796] ACPI: LAPIC_NMI (acpi_id[0x4f] high edge lint[0x1])
[    1.734796] ACPI: LAPIC_NMI (acpi_id[0x50] high edge lint[0x1])
[    1.734797] ACPI: LAPIC_NMI (acpi_id[0x51] high edge lint[0x1])
[    1.734797] ACPI: LAPIC_NMI (acpi_id[0x52] high edge lint[0x1])
[    1.734798] ACPI: LAPIC_NMI (acpi_id[0x53] high edge lint[0x1])
[    1.734798] ACPI: LAPIC_NMI (acpi_id[0x54] high edge lint[0x1])
[    1.734799] ACPI: LAPIC_NMI (acpi_id[0x55] high edge lint[0x1])
[    1.734799] ACPI: LAPIC_NMI (acpi_id[0x56] high edge lint[0x1])
[    1.734800] ACPI: LAPIC_NMI (acpi_id[0x57] high edge lint[0x1])
[    1.734800] ACPI: LAPIC_NMI (acpi_id[0x58] high edge lint[0x1])
[    1.734800] ACPI: LAPIC_NMI (acpi_id[0x59] high edge lint[0x1])
[    1.734801] ACPI: LAPIC_NMI (acpi_id[0x5a] high edge lint[0x1])
[    1.734801] ACPI: LAPIC_NMI (acpi_id[0x5b] high edge lint[0x1])
[    1.734802] ACPI: LAPIC_NMI (acpi_id[0x5c] high edge lint[0x1])
[    1.734802] ACPI: LAPIC_NMI (acpi_id[0x5d] high edge lint[0x1])
[    1.734803] ACPI: LAPIC_NMI (acpi_id[0x5e] high edge lint[0x1])
[    1.734803] ACPI: LAPIC_NMI (acpi_id[0x5f] high edge lint[0x1])
[    1.734803] ACPI: LAPIC_NMI (acpi_id[0x60] high edge lint[0x1])
[    1.734804] ACPI: LAPIC_NMI (acpi_id[0x61] high edge lint[0x1])
[    1.734804] ACPI: LAPIC_NMI (acpi_id[0x62] high edge lint[0x1])
[    1.734805] ACPI: LAPIC_NMI (acpi_id[0x63] high edge lint[0x1])
[    1.734805] ACPI: LAPIC_NMI (acpi_id[0x64] high edge lint[0x1])
[    1.734806] ACPI: LAPIC_NMI (acpi_id[0x65] high edge lint[0x1])
[    1.734806] ACPI: LAPIC_NMI (acpi_id[0x66] high edge lint[0x1])
[    1.734806] ACPI: LAPIC_NMI (acpi_id[0x67] high edge lint[0x1])
[    1.734807] ACPI: LAPIC_NMI (acpi_id[0x68] high edge lint[0x1])
[    1.734807] ACPI: LAPIC_NMI (acpi_id[0x69] high edge lint[0x1])
[    1.734808] ACPI: LAPIC_NMI (acpi_id[0x6a] high edge lint[0x1])
[    1.734808] ACPI: LAPIC_NMI (acpi_id[0x6b] high edge lint[0x1])
[    1.734809] ACPI: LAPIC_NMI (acpi_id[0x6c] high edge lint[0x1])
[    1.734809] ACPI: LAPIC_NMI (acpi_id[0x6d] high edge lint[0x1])
[    1.734809] ACPI: LAPIC_NMI (acpi_id[0x6e] high edge lint[0x1])
[    1.734810] ACPI: LAPIC_NMI (acpi_id[0x6f] high edge lint[0x1])
[    1.734810] ACPI: LAPIC_NMI (acpi_id[0x70] high edge lint[0x1])
[    1.734811] ACPI: LAPIC_NMI (acpi_id[0x71] high edge lint[0x1])
[    1.734811] ACPI: LAPIC_NMI (acpi_id[0x72] high edge lint[0x1])
[    1.734811] ACPI: LAPIC_NMI (acpi_id[0x73] high edge lint[0x1])
[    1.734812] ACPI: LAPIC_NMI (acpi_id[0x74] high edge lint[0x1])
[    1.734812] ACPI: LAPIC_NMI (acpi_id[0x75] high edge lint[0x1])
[    1.734813] ACPI: LAPIC_NMI (acpi_id[0x76] high edge lint[0x1])
[    1.734813] ACPI: LAPIC_NMI (acpi_id[0x77] high edge lint[0x1])
[    1.734814] ACPI: LAPIC_NMI (acpi_id[0x78] high edge lint[0x1])
[    1.734814] ACPI: LAPIC_NMI (acpi_id[0x79] high edge lint[0x1])
[    1.734814] ACPI: LAPIC_NMI (acpi_id[0x7a] high edge lint[0x1])
[    1.734815] ACPI: LAPIC_NMI (acpi_id[0x7b] high edge lint[0x1])
[    1.734815] ACPI: LAPIC_NMI (acpi_id[0x7c] high edge lint[0x1])
[    1.734816] ACPI: LAPIC_NMI (acpi_id[0x7d] high edge lint[0x1])
[    1.734816] ACPI: LAPIC_NMI (acpi_id[0x7e] high edge lint[0x1])
[    1.734817] ACPI: LAPIC_NMI (acpi_id[0x7f] high edge lint[0x1])
[    1.734923] IOAPIC[0]: apic_id 1, version 32, address 0xfec00000, GSI 0-23
[    1.734927] ACPI: INT_SRC_OVR (bus 0 bus_irq 0 global_irq 2 high edge)
[    1.734930] ACPI: IRQ0 used by override.
[    1.734931] ACPI: IRQ9 used by override.
[    1.734934] Using ACPI (MADT) for SMP configuration information
[    1.734936] ACPI: HPET id: 0x8086af01 base: 0xfed00000
[    1.734942] TSC deadline timer available
[    1.734953] smpboot: Allowing 128 CPUs, 124 hotplug CPUs
[    1.735117] PM: hibernation: Registered nosave memory: [mem 0x00000000-0x00000fff]
[    1.735118] PM: hibernation: Registered nosave memory: [mem 0x0009e000-0x0009efff]
[    1.735119] PM: hibernation: Registered nosave memory: [mem 0x0009f000-0x0009ffff]
[    1.735119] PM: hibernation: Registered nosave memory: [mem 0x000a0000-0x000dbfff]
[    1.735119] PM: hibernation: Registered nosave memory: [mem 0x000dc000-0x000fffff]
[    1.735120] PM: hibernation: Registered nosave memory: [mem 0xbfee0000-0xbfefefff]
[    1.735121] PM: hibernation: Registered nosave memory: [mem 0xbfeff000-0xbfefffff]
[    1.735122] PM: hibernation: Registered nosave memory: [mem 0xc0000000-0xefffffff]
[    1.735122] PM: hibernation: Registered nosave memory: [mem 0xf0000000-0xf7ffffff]
[    1.735123] PM: hibernation: Registered nosave memory: [mem 0xf8000000-0xfebfffff]
[    1.735123] PM: hibernation: Registered nosave memory: [mem 0xfec00000-0xfec0ffff]
[    1.735124] PM: hibernation: Registered nosave memory: [mem 0xfec10000-0xfedfffff]
[    1.735124] PM: hibernation: Registered nosave memory: [mem 0xfee00000-0xfee00fff]
[    1.735124] PM: hibernation: Registered nosave memory: [mem 0xfee01000-0xfffdffff]
[    1.735125] PM: hibernation: Registered nosave memory: [mem 0xfffe0000-0xffffffff]
[    1.735127] [mem 0xc0000000-0xefffffff] available for PCI devices
[    1.735128] Booting paravirtualized kernel on VMware hypervisor
[    1.735131] clocksource: refined-jiffies: mask: 0xffffffff max_cycles: 0xffffffff, max_idle_ns: 7645519600211568 ns
[    1.735138] setup_percpu: NR_CPUS:8192 nr_cpumask_bits:128 nr_cpu_ids:128 nr_node_ids:1
[    2.192351] percpu: Embedded 56 pages/cpu s192512 r8192 d28672 u262144
[    2.192364] pcpu-alloc: s192512 r8192 d28672 u262144 alloc=1*2097152
[    2.192366] pcpu-alloc: [0] 000 001 002 003 004 005 006 007 
[    2.192368] pcpu-alloc: [0] 008 009 010 011 012 013 014 015 
[    2.192369] pcpu-alloc: [0] 016 017 018 019 020 021 022 023 
[    2.192371] pcpu-alloc: [0] 024 025 026 027 028 029 030 031 
[    2.192372] pcpu-alloc: [0] 032 033 034 035 036 037 038 039 
[    2.192374] pcpu-alloc: [0] 040 041 042 043 044 045 046 047 
[    2.192376] pcpu-alloc: [0] 048 049 050 051 052 053 054 055 
[    2.192377] pcpu-alloc: [0] 056 057 058 059 060 061 062 063 
[    2.192379] pcpu-alloc: [0] 064 065 066 067 068 069 070 071 
[    2.192380] pcpu-alloc: [0] 072 073 074 075 076 077 078 079 
[    2.192382] pcpu-alloc: [0] 080 081 082 083 084 085 086 087 
[    2.192383] pcpu-alloc: [0] 088 089 090 091 092 093 094 095 
[    2.192385] pcpu-alloc: [0] 096 097 098 099 100 101 102 103 
[    2.192386] pcpu-alloc: [0] 104 105 106 107 108 109 110 111 
[    2.192388] pcpu-alloc: [0] 112 113 114 115 116 117 118 119 
[    2.192389] pcpu-alloc: [0] 120 121 122 123 124 125 126 127 
[    2.192528] Built 1 zonelists, mobility grouping on.  Total pages: 2064232
[    2.192529] Policy zone: Normal
[    2.192531] Kernel command line: BOOT_IMAGE=/boot/vmlinuz-5.8.0-63-generic root=UUID=877e1867-02f1-46cd-b135-28e5fb0a7646 ro quiet splash
[    2.192680] printk: log_buf_len individual max cpu contribution: 4096 bytes
[    2.192681] printk: log_buf_len total cpu_extra contributions: 520192 bytes
[    2.192682] printk: log_buf_len min size: 262144 bytes
[    2.204920] printk: log_buf_len: 1048576 bytes
[    2.204922] printk: early log buf free: 223476(85%)
[    2.300055] Dentry cache hash table entries: 1048576 (order: 11, 8388608 bytes, linear)
[    2.349672] Inode-cache hash table entries: 524288 (order: 10, 4194304 bytes, linear)
[    2.353905] mem auto-init: stack:off, heap alloc:on, heap free:off
[    2.793207] Memory: 8064684K/8388084K available (14339K kernel code, 2538K rwdata, 5456K rodata, 2648K init, 4912K bss, 323400K reserved, 0K cma-reserved)
[    2.793217] random: get_random_u64 called from kmem_cache_open+0x29/0x410 with crng_init=0
[    2.795603] SLUB: HWalign=64, Order=0-3, MinObjects=0, CPUs=128, Nodes=1
[    2.795844] Kernel/User page tables isolation: enabled
[    2.796827] ftrace: allocating 46483 entries in 182 pages
[    2.821734] ftrace: allocated 182 pages with 5 groups
[    2.826493] rcu: Hierarchical RCU implementation.
[    2.826495] rcu: 	RCU restricting CPUs from NR_CPUS=8192 to nr_cpu_ids=128.
[    2.826496] 	Trampoline variant of Tasks RCU enabled.
[    2.826496] 	Rude variant of Tasks RCU enabled.
[    2.826496] 	Tracing variant of Tasks RCU enabled.
[    2.826497] rcu: RCU calculated value of scheduler-enlistment delay is 25 jiffies.
[    2.826498] rcu: Adjusting geometry for rcu_fanout_leaf=16, nr_cpu_ids=128
[    2.832221] NR_IRQS: 524544, nr_irqs: 1448, preallocated irqs: 16
[    2.833331] random: crng done (trusting CPU's manufacturer)
[    2.843888] Console: colour VGA+ 80x25
[    2.843907] printk: console [tty0] enabled
[    2.844293] ACPI: Core revision 20200528
[    2.846448] clocksource: hpet: mask: 0xffffffff max_cycles: 0xffffffff, max_idle_ns: 133484882848 ns
[    2.846720] APIC: Switch to symmetric I/O mode setup
[    2.847813] x2apic enabled
[    2.849079] Switched APIC routing to physical x2apic.
[    2.852865] ..TIMER: vector=0x30 apic1=0 pin1=2 apic2=-1 pin2=-1
[    2.852952] clocksource: tsc-early: mask: 0xffffffffffffffff max_cycles: 0x211350aecf9, max_idle_ns: 440795286341 ns
[    2.852958] Calibrating delay loop (skipped) preset value.. 4589.21 BogoMIPS (lpj=9178436)
[    2.852962] pid_max: default: 131072 minimum: 1024
[    2.853119] LSM: Security Framework initializing
[    2.853135] Yama: becoming mindful.
[    2.853831] AppArmor: AppArmor initialized
[    2.857863] Mount-cache hash table entries: 16384 (order: 5, 131072 bytes, linear)
[    2.859648] Mountpoint-cache hash table entries: 16384 (order: 5, 131072 bytes, linear)
[    2.863039] Disabled fast string operations
[    2.863573] Last level iTLB entries: 4KB 64, 2MB 8, 4MB 8
[    2.863574] Last level dTLB entries: 4KB 64, 2MB 0, 4MB 0, 1GB 4
[    2.863579] Spectre V1 : Mitigation: usercopy/swapgs barriers and __user pointer sanitization
[    2.863581] Spectre V2 : Mitigation: Full generic retpoline
[    2.863581] Spectre V2 : Spectre v2 / SpectreRSB mitigation: Filling RSB on context switch
[    2.863582] Speculative Store Bypass: Vulnerable
[    2.863585] MDS: Vulnerable: Clear CPU buffers attempted, no microcode
[    2.863904] Freeing SMP alternatives memory: 40K
[    2.885605] smpboot: CPU0: Intel(R) Xeon(R) Gold 6140 CPU @ 2.30GHz (family: 0x6, model: 0x55, stepping: 0x4)
[    2.887846] Performance Events: Skylake events, core PMU driver.
[    2.887953] core: CPUID marked event: 'cpu cycles' unavailable
[    2.887953] core: CPUID marked event: 'instructions' unavailable
[    2.887954] core: CPUID marked event: 'bus cycles' unavailable
[    2.887955] core: CPUID marked event: 'cache references' unavailable
[    2.887955] core: CPUID marked event: 'cache misses' unavailable
[    2.887955] core: CPUID marked event: 'branch instructions' unavailable
[    2.887956] core: CPUID marked event: 'branch misses' unavailable
[    2.887962] ... version:                1
[    2.887963] ... bit width:              48
[    2.887963] ... generic registers:      4
[    2.887964] ... value mask:             0000ffffffffffff
[    2.887964] ... max period:             000000007fffffff
[    2.887965] ... fixed-purpose events:   0
[    2.887965] ... event mask:             000000000000000f
[    2.888410] rcu: Hierarchical SRCU implementation.
[    2.890593] NMI watchdog: Perf NMI watchdog permanently disabled
[    2.928780] smp: Bringing up secondary CPUs ...
[    2.930837] x86: Booting SMP configuration:
[    2.930838] .... node  #0, CPUs:          #1
[    0.023687] Disabled fast string operations
[    0.023687] smpboot: CPU 1 Converting physical 2 to logical package 1
[    0.023687] smpboot: CPU 1 Converting physical 0 to logical die 1
[    2.939347]    #2
[    0.023687] Disabled fast string operations
[    0.023687] smpboot: CPU 2 Converting physical 4 to logical package 2
[    0.023687] smpboot: CPU 2 Converting physical 0 to logical die 2
[    2.946942]    #3
[    0.023687] Disabled fast string operations
[    0.023687] smpboot: CPU 3 Converting physical 6 to logical package 3
[    0.023687] smpboot: CPU 3 Converting physical 0 to logical die 3
[    2.955673] smp: Brought up 1 node, 4 CPUs
[    2.955673] smpboot: Max logical packages: 128
[    2.955673] smpboot: Total of 4 processors activated (18356.87 BogoMIPS)
[    2.964993] devtmpfs: initialized
[    2.965141] x86/mm: Memory block size: 128MB
[    2.970111] PM: Registering ACPI NVS region [mem 0xbfeff000-0xbfefffff] (4096 bytes)
[    2.970111] clocksource: jiffies: mask: 0xffffffff max_cycles: 0xffffffff, max_idle_ns: 7645041785100000 ns
[    2.999214] futex hash table entries: 32768 (order: 9, 2097152 bytes, linear)
[    3.000215] pinctrl core: initialized pinctrl subsystem
[    3.000971] PM: RTC time: 06:07:42, date: 2021-07-26
[    3.000974] thermal_sys: Registered thermal governor 'fair_share'
[    3.000975] thermal_sys: Registered thermal governor 'bang_bang'
[    3.000976] thermal_sys: Registered thermal governor 'step_wise'
[    3.000977] thermal_sys: Registered thermal governor 'user_space'
[    3.000978] thermal_sys: Registered thermal governor 'power_allocator'
[    3.003462] NET: Registered protocol family 16
[    3.021063] DMA: preallocated 1024 KiB GFP_KERNEL pool for atomic allocations
[    3.023842] DMA: preallocated 1024 KiB GFP_KERNEL|GFP_DMA pool for atomic allocations
[    3.036550] DMA: preallocated 1024 KiB GFP_KERNEL|GFP_DMA32 pool for atomic allocations
[    3.036575] audit: initializing netlink subsys (disabled)
[    3.037224] audit: type=2000 audit(1627279661.184:1): state=initialized audit_enabled=0 res=1
[    3.038698] EISA bus registered
[    3.040482] cpuidle: using governor ladder
[    3.040482] cpuidle: using governor menu
[    3.040482] Simple Boot Flag at 0x36 set to 0x80
[    3.041000] ACPI: bus type PCI registered
[    3.041003] acpiphp: ACPI Hot Plug PCI Controller Driver version: 0.5
[    3.043580] PCI: MMCONFIG for domain 0000 [bus 00-7f] at [mem 0xf0000000-0xf7ffffff] (base 0xf0000000)
[    3.043584] PCI: MMCONFIG at [mem 0xf0000000-0xf7ffffff] reserved in E820
[    3.043611] pmd_set_huge: Cannot satisfy [mem 0xf0000000-0xf0200000] with a huge-page mapping due to MTRR override.
[    3.048245] PCI: Using configuration type 1 for base access
[    3.054178] HugeTLB registered 1.00 GiB page size, pre-allocated 0 pages
[    3.054178] HugeTLB registered 2.00 MiB page size, pre-allocated 0 pages
[    3.093272] ACPI: Added _OSI(Module Device)
[    3.093272] ACPI: Added _OSI(Processor Device)
[    3.093272] ACPI: Added _OSI(3.0 _SCP Extensions)
[    3.093272] ACPI: Added _OSI(Processor Aggregator Device)
[    3.093272] ACPI: Added _OSI(Linux-Dell-Video)
[    3.093272] ACPI: Added _OSI(Linux-Lenovo-NV-HDMI-Audio)
[    3.093272] ACPI: Added _OSI(Linux-HPI-Hybrid-Graphics)
[    3.120602] ACPI: 1 ACPI AML tables successfully acquired and loaded
[    3.122896] ACPI: [Firmware Bug]: BIOS _OSI(Linux) query ignored
[    3.156436] ACPI: Interpreter enabled
[    3.156462] ACPI: (supports S0 S1 S4 S5)
[    3.156464] ACPI: Using IOAPIC for interrupt routing
[    3.156520] PCI: Using host bridge windows from ACPI; if necessary, use "pci=nocrs" and report a bug
[    3.156954] ACPI: Enabled 4 GPEs in block 00 to 0F
[    3.324232] ACPI: PCI Root Bridge [PCI0] (domain 0000 [bus 00-7f])
[    3.324232] acpi PNP0A03:00: _OSC: OS supports [ExtendedConfig ASPM ClockPM Segments MSI HPX-Type3]
[    3.324232] acpi PNP0A03:00: _OSC: platform does not support [AER LTR]
[    3.324232] acpi PNP0A03:00: _OSC: OS now controls [PCIeHotplug SHPCHotplug PME PCIeCapability]
[    3.324954] PCI host bridge to bus 0000:00
[    3.324954] pci_bus 0000:00: root bus resource [mem 0x000a0000-0x000bffff window]
[    3.324954] pci_bus 0000:00: root bus resource [mem 0x000d0000-0x000d3fff window]
[    3.324954] pci_bus 0000:00: root bus resource [mem 0x000d4000-0x000d7fff window]
[    3.324954] pci_bus 0000:00: root bus resource [mem 0x000d8000-0x000dbfff window]
[    3.324954] pci_bus 0000:00: root bus resource [mem 0xc0000000-0xfebfffff window]
[    3.324954] pci_bus 0000:00: root bus resource [io  0x0000-0x0cf7 window]
[    3.324954] pci_bus 0000:00: root bus resource [io  0x0d00-0xfeff window]
[    3.324954] pci_bus 0000:00: root bus resource [bus 00-7f]
[    3.324954] pci 0000:00:00.0: [8086:7190] type 00 class 0x060000
[    3.329416] pci 0000:00:01.0: [8086:7191] type 01 class 0x060400
[    3.336509] pci 0000:00:07.0: [8086:7110] type 00 class 0x060100
[    3.338594] pci 0000:00:07.1: [8086:7111] type 00 class 0x01018a
[    3.342242] pci 0000:00:07.1: reg 0x20: [io  0x1060-0x106f]
[    3.347438] pci 0000:00:07.1: legacy IDE quirk: reg 0x10: [io  0x01f0-0x01f7]
[    3.347441] pci 0000:00:07.1: legacy IDE quirk: reg 0x14: [io  0x03f6]
[    3.347443] pci 0000:00:07.1: legacy IDE quirk: reg 0x18: [io  0x0170-0x0177]
[    3.347444] pci 0000:00:07.1: legacy IDE quirk: reg 0x1c: [io  0x0376]
[    3.348904] pci 0000:00:07.3: [8086:7113] type 00 class 0x068000
[    3.348954] pci 0000:00:07.3: quirk: [io  0x1000-0x103f] claimed by PIIX4 ACPI
[    3.348954] pci 0000:00:07.3: quirk: [io  0x1040-0x104f] claimed by PIIX4 SMB
[    3.354038] pci 0000:00:07.7: [15ad:0740] type 00 class 0x088000
[    3.356458] pci 0000:00:07.7: reg 0x10: [io  0x1080-0x10bf]
[    3.357750] pci 0000:00:07.7: reg 0x14: [mem 0xfebfe000-0xfebfffff 64bit]
[    3.373557] pci 0000:00:0f.0: [15ad:0405] type 00 class 0x030000
[    3.380970] pci 0000:00:0f.0: reg 0x10: [io  0x1070-0x107f]
[    3.393010] pci 0000:00:0f.0: reg 0x14: [mem 0xe8000000-0xefffffff pref]
[    3.400647] pci 0000:00:0f.0: reg 0x18: [mem 0xfe000000-0xfe7fffff]
[    3.416974] pci 0000:00:0f.0: reg 0x30: [mem 0x00000000-0x00007fff pref]
[    3.420058] pci 0000:00:10.0: [1000:0030] type 00 class 0x010000
[    3.422232] pci 0000:00:10.0: reg 0x10: [io  0x1400-0x14ff]
[    3.424968] pci 0000:00:10.0: reg 0x14: [mem 0xfeba0000-0xfebbffff 64bit]
[    3.427984] pci 0000:00:10.0: reg 0x1c: [mem 0xfebc0000-0xfebdffff 64bit]
[    3.432482] pci 0000:00:10.0: reg 0x30: [mem 0x00000000-0x00003fff pref]
[    3.437189] pci 0000:00:11.0: [15ad:0790] type 01 class 0x060401
[    3.446796] pci 0000:00:15.0: [15ad:07a0] type 01 class 0x060400
[    3.450026] pci 0000:00:15.0: PME# supported from D0 D3hot D3cold
[    3.452030] pci 0000:00:15.1: [15ad:07a0] type 01 class 0x060400
[    3.455688] pci 0000:00:15.1: PME# supported from D0 D3hot D3cold
[    3.457154] pci 0000:00:15.2: [15ad:07a0] type 01 class 0x060400
[    3.460472] pci 0000:00:15.2: PME# supported from D0 D3hot D3cold
[    3.460472] pci 0000:00:15.3: [15ad:07a0] type 01 class 0x060400
[    3.460821] pci 0000:00:15.3: PME# supported from D0 D3hot D3cold
[    3.460954] pci 0000:00:15.4: [15ad:07a0] type 01 class 0x060400
[    3.467542] pci 0000:00:15.4: PME# supported from D0 D3hot D3cold
[    3.469366] pci 0000:00:15.5: [15ad:07a0] type 01 class 0x060400
[    3.473934] pci 0000:00:15.5: PME# supported from D0 D3hot D3cold
[    3.475645] pci 0000:00:15.6: [15ad:07a0] type 01 class 0x060400
[    3.475645] pci 0000:00:15.6: PME# supported from D0 D3hot D3cold
[    3.476794] pci 0000:00:15.7: [15ad:07a0] type 01 class 0x060400
[    3.481251] pci 0000:00:15.7: PME# supported from D0 D3hot D3cold
[    3.484731] pci 0000:00:16.0: [15ad:07a0] type 01 class 0x060400
[    3.487602] pci 0000:00:16.0: PME# supported from D0 D3hot D3cold
[    3.488658] pci 0000:00:16.1: [15ad:07a0] type 01 class 0x060400
[    3.491129] pci 0000:00:16.1: PME# supported from D0 D3hot D3cold
[    3.492317] pci 0000:00:16.2: [15ad:07a0] type 01 class 0x060400
[    3.492317] pci 0000:00:16.2: PME# supported from D0 D3hot D3cold
[    3.492317] pci 0000:00:16.3: [15ad:07a0] type 01 class 0x060400
[    3.492954] pci 0000:00:16.3: PME# supported from D0 D3hot D3cold
[    3.492954] pci 0000:00:16.4: [15ad:07a0] type 01 class 0x060400
[    3.499240] pci 0000:00:16.4: PME# supported from D0 D3hot D3cold
[    3.500973] pci 0000:00:16.5: [15ad:07a0] type 01 class 0x060400
[    3.505740] pci 0000:00:16.5: PME# supported from D0 D3hot D3cold
[    3.507572] pci 0000:00:16.6: [15ad:07a0] type 01 class 0x060400
[    3.507572] pci 0000:00:16.6: PME# supported from D0 D3hot D3cold
[    3.508437] pci 0000:00:16.7: [15ad:07a0] type 01 class 0x060400
[    3.508954] pci 0000:00:16.7: PME# supported from D0 D3hot D3cold
[    3.513322] pci 0000:00:17.0: [15ad:07a0] type 01 class 0x060400
[    3.516833] pci 0000:00:17.0: PME# supported from D0 D3hot D3cold
[    3.518428] pci 0000:00:17.1: [15ad:07a0] type 01 class 0x060400
[    3.521430] pci 0000:00:17.1: PME# supported from D0 D3hot D3cold
[    3.522654] pci 0000:00:17.2: [15ad:07a0] type 01 class 0x060400
[    3.525679] pci 0000:00:17.2: PME# supported from D0 D3hot D3cold
[    3.526970] pci 0000:00:17.3: [15ad:07a0] type 01 class 0x060400
[    3.529858] pci 0000:00:17.3: PME# supported from D0 D3hot D3cold
[    3.531025] pci 0000:00:17.4: [15ad:07a0] type 01 class 0x060400
[    3.531025] pci 0000:00:17.4: PME# supported from D0 D3hot D3cold
[    3.531025] pci 0000:00:17.5: [15ad:07a0] type 01 class 0x060400
[    3.532954] pci 0000:00:17.5: PME# supported from D0 D3hot D3cold
[    3.532954] pci 0000:00:17.6: [15ad:07a0] type 01 class 0x060400
[    3.540954] pci 0000:00:17.6: PME# supported from D0 D3hot D3cold
[    3.543628] pci 0000:00:17.7: [15ad:07a0] type 01 class 0x060400
[    3.546666] pci 0000:00:17.7: PME# supported from D0 D3hot D3cold
[    3.548954] pci 0000:00:18.0: [15ad:07a0] type 01 class 0x060400
[    3.551510] pci 0000:00:18.0: PME# supported from D0 D3hot D3cold
[    3.552647] pci 0000:00:18.1: [15ad:07a0] type 01 class 0x060400
[    3.552647] pci 0000:00:18.1: PME# supported from D0 D3hot D3cold
[    3.552647] pci 0000:00:18.2: [15ad:07a0] type 01 class 0x060400
[    3.552954] pci 0000:00:18.2: PME# supported from D0 D3hot D3cold
[    3.552954] pci 0000:00:18.3: [15ad:07a0] type 01 class 0x060400
[    3.558366] pci 0000:00:18.3: PME# supported from D0 D3hot D3cold
[    3.559494] pci 0000:00:18.4: [15ad:07a0] type 01 class 0x060400
[    3.561940] pci 0000:00:18.4: PME# supported from D0 D3hot D3cold
[    3.562963] pci 0000:00:18.5: [15ad:07a0] type 01 class 0x060400
[    3.565461] pci 0000:00:18.5: PME# supported from D0 D3hot D3cold
[    3.566533] pci 0000:00:18.6: [15ad:07a0] type 01 class 0x060400
[    3.568954] pci 0000:00:18.6: PME# supported from D0 D3hot D3cold
[    3.568954] pci 0000:00:18.7: [15ad:07a0] type 01 class 0x060400
[    3.568954] pci 0000:00:18.7: PME# supported from D0 D3hot D3cold
[    3.577123] pci_bus 0000:01: extended config space not accessible
[    3.607002] pci 0000:00:01.0: PCI bridge to [bus 01]
[    3.607615] pci_bus 0000:02: extended config space not accessible
[    3.608162] acpiphp: Slot [32] registered
[    3.608203] acpiphp: Slot [33] registered
[    3.608241] acpiphp: Slot [34] registered
[    3.608279] acpiphp: Slot [35] registered
[    3.608316] acpiphp: Slot [36] registered
[    3.608353] acpiphp: Slot [37] registered
[    3.608391] acpiphp: Slot [38] registered
[    3.608427] acpiphp: Slot [39] registered
[    3.608463] acpiphp: Slot [40] registered
[    3.608500] acpiphp: Slot [41] registered
[    3.608536] acpiphp: Slot [42] registered
[    3.608573] acpiphp: Slot [43] registered
[    3.608683] acpiphp: Slot [44] registered
[    3.608720] acpiphp: Slot [45] registered
[    3.608756] acpiphp: Slot [46] registered
[    3.608793] acpiphp: Slot [47] registered
[    3.608829] acpiphp: Slot [48] registered
[    3.608866] acpiphp: Slot [49] registered
[    3.608902] acpiphp: Slot [50] registered
[    3.608938] acpiphp: Slot [51] registered
[    3.608938] acpiphp: Slot [52] registered
[    3.608938] acpiphp: Slot [53] registered
[    3.608938] acpiphp: Slot [54] registered
[    3.608938] acpiphp: Slot [55] registered
[    3.608938] acpiphp: Slot [56] registered
[    3.608938] acpiphp: Slot [57] registered
[    3.608938] acpiphp: Slot [58] registered
[    3.608938] acpiphp: Slot [59] registered
[    3.608938] acpiphp: Slot [60] registered
[    3.608938] acpiphp: Slot [61] registered
[    3.608938] acpiphp: Slot [62] registered
[    3.608938] acpiphp: Slot [63] registered
[    3.608938] pci 0000:02:00.0: [15ad:0774] type 00 class 0x0c0300
[    3.608954] pci 0000:02:00.0: reg 0x20: [io  0x20c0-0x20df]
[    3.613072] pci 0000:02:01.0: [1022:2000] type 00 class 0x020000
[    3.613922] pci 0000:02:01.0: reg 0x10: [io  0x2000-0x207f]
[    3.617786] pci 0000:02:01.0: reg 0x30: [mem 0x00000000-0x0000ffff pref]
[    3.619875] pci 0000:02:02.0: [1274:1371] type 00 class 0x040100
[    3.620852] pci 0000:02:02.0: reg 0x10: [io  0x2080-0x20bf]
[    3.627212] pci 0000:02:03.0: [15ad:0770] type 00 class 0x0c0320
[    3.628498] pci 0000:02:03.0: reg 0x10: [mem 0xfd5ff000-0xfd5fffff]
[    3.647156] pci 0000:02:05.0: [15ad:07e0] type 00 class 0x010601
[    3.655293] pci 0000:02:05.0: reg 0x24: [mem 0xfd5fe000-0xfd5fefff]
[    3.656323] pci 0000:02:05.0: reg 0x30: [mem 0x00000000-0x0000ffff pref]
[    3.657548] pci 0000:02:05.0: PME# supported from D3hot
[    3.685012] pci 0000:00:11.0: PCI bridge to [bus 02] (subtractive decode)
[    3.685012] pci 0000:00:11.0:   bridge window [io  0x2000-0x3fff]
[    3.685043] pci 0000:00:11.0:   bridge window [mem 0xfd500000-0xfdffffff]
[    3.685149] pci 0000:00:11.0:   bridge window [mem 0xe7b00000-0xe7ffffff 64bit pref]
[    3.685151] pci 0000:00:11.0:   bridge window [mem 0x000a0000-0x000bffff window] (subtractive decode)
[    3.685152] pci 0000:00:11.0:   bridge window [mem 0x000d0000-0x000d3fff window] (subtractive decode)
[    3.685153] pci 0000:00:11.0:   bridge window [mem 0x000d4000-0x000d7fff window] (subtractive decode)
[    3.685154] pci 0000:00:11.0:   bridge window [mem 0x000d8000-0x000dbfff window] (subtractive decode)
[    3.685155] pci 0000:00:11.0:   bridge window [mem 0xc0000000-0xfebfffff window] (subtractive decode)
[    3.685156] pci 0000:00:11.0:   bridge window [io  0x0000-0x0cf7 window] (subtractive decode)
[    3.685157] pci 0000:00:11.0:   bridge window [io  0x0d00-0xfeff window] (subtractive decode)
[    3.712774] pci 0000:00:15.0: PCI bridge to [bus 03]
[    3.712840] pci 0000:00:15.0:   bridge window [io  0x4000-0x4fff]
[    3.712892] pci 0000:00:15.0:   bridge window [mem 0xfd400000-0xfd4fffff]
[    3.713028] pci 0000:00:15.0:   bridge window [mem 0xe7a00000-0xe7afffff 64bit pref]
[    3.744954] pci 0000:00:15.1: PCI bridge to [bus 04]
[    3.744988] pci 0000:00:15.1:   bridge window [io  0x8000-0x8fff]
[    3.745040] pci 0000:00:15.1:   bridge window [mem 0xfd000000-0xfd0fffff]
[    3.745159] pci 0000:00:15.1:   bridge window [mem 0xe7600000-0xe76fffff 64bit pref]
[    3.772620] pci 0000:00:15.2: PCI bridge to [bus 05]
[    3.772694] pci 0000:00:15.2:   bridge window [io  0xc000-0xcfff]
[    3.772746] pci 0000:00:15.2:   bridge window [mem 0xfcc00000-0xfccfffff]
[    3.772844] pci 0000:00:15.2:   bridge window [mem 0xe7200000-0xe72fffff 64bit pref]
[    3.815495] pci 0000:00:15.3: PCI bridge to [bus 06]
[    3.815812] pci 0000:00:15.3:   bridge window [mem 0xfc800000-0xfc8fffff]
[    3.816091] pci 0000:00:15.3:   bridge window [mem 0xe6e00000-0xe6efffff 64bit pref]
[    3.849424] pci 0000:00:15.4: PCI bridge to [bus 07]
[    3.850175] pci 0000:00:15.4:   bridge window [mem 0xfc400000-0xfc4fffff]
[    3.850311] pci 0000:00:15.4:   bridge window [mem 0xe6a00000-0xe6afffff 64bit pref]
[    3.887251] pci 0000:00:15.5: PCI bridge to [bus 08]
[    3.887395] pci 0000:00:15.5:   bridge window [mem 0xfc000000-0xfc0fffff]
[    3.887508] pci 0000:00:15.5:   bridge window [mem 0xe6600000-0xe66fffff 64bit pref]
[    3.913102] pci 0000:00:15.6: PCI bridge to [bus 09]
[    3.913251] pci 0000:00:15.6:   bridge window [mem 0xfbc00000-0xfbcfffff]
[    3.913355] pci 0000:00:15.6:   bridge window [mem 0xe6200000-0xe62fffff 64bit pref]
[    3.944954] pci 0000:00:15.7: PCI bridge to [bus 0a]
[    3.945090] pci 0000:00:15.7:   bridge window [mem 0xfb800000-0xfb8fffff]
[    3.945287] pci 0000:00:15.7:   bridge window [mem 0xe5e00000-0xe5efffff 64bit pref]
[    3.976954] pci 0000:00:16.0: PCI bridge to [bus 0b]
[    3.976993] pci 0000:00:16.0:   bridge window [io  0x5000-0x5fff]
[    3.977048] pci 0000:00:16.0:   bridge window [mem 0xfd300000-0xfd3fffff]
[    3.977152] pci 0000:00:16.0:   bridge window [mem 0xe7900000-0xe79fffff 64bit pref]
[    4.004148] pci 0000:00:16.1: PCI bridge to [bus 0c]
[    4.004222] pci 0000:00:16.1:   bridge window [io  0x9000-0x9fff]
[    4.004277] pci 0000:00:16.1:   bridge window [mem 0xfcf00000-0xfcffffff]
[    4.004382] pci 0000:00:16.1:   bridge window [mem 0xe7500000-0xe75fffff 64bit pref]
[    4.035695] pci 0000:00:16.2: PCI bridge to [bus 0d]
[    4.035786] pci 0000:00:16.2:   bridge window [io  0xd000-0xdfff]
[    4.035841] pci 0000:00:16.2:   bridge window [mem 0xfcb00000-0xfcbfffff]
[    4.035945] pci 0000:00:16.2:   bridge window [mem 0xe7100000-0xe71fffff 64bit pref]
[    4.069177] pci 0000:00:16.3: PCI bridge to [bus 0e]
[    4.069340] pci 0000:00:16.3:   bridge window [mem 0xfc700000-0xfc7fffff]
[    4.069482] pci 0000:00:16.3:   bridge window [mem 0xe6d00000-0xe6dfffff 64bit pref]
[    4.112553] pci 0000:00:16.4: PCI bridge to [bus 0f]
[    4.112709] pci 0000:00:16.4:   bridge window [mem 0xfc300000-0xfc3fffff]
[    4.112851] pci 0000:00:16.4:   bridge window [mem 0xe6900000-0xe69fffff 64bit pref]
[    4.144954] pci 0000:00:16.5: PCI bridge to [bus 10]
[    4.145073] pci 0000:00:16.5:   bridge window [mem 0xfbf00000-0xfbffffff]
[    4.145213] pci 0000:00:16.5:   bridge window [mem 0xe6500000-0xe65fffff 64bit pref]
[    4.174170] pci 0000:00:16.6: PCI bridge to [bus 11]
[    4.174286] pci 0000:00:16.6:   bridge window [mem 0xfbb00000-0xfbbfffff]
[    4.174387] pci 0000:00:16.6:   bridge window [mem 0xe6100000-0xe61fffff 64bit pref]
[    4.204462] pci 0000:00:16.7: PCI bridge to [bus 12]
[    4.204575] pci 0000:00:16.7:   bridge window [mem 0xfb700000-0xfb7fffff]
[    4.204676] pci 0000:00:16.7:   bridge window [mem 0xe5d00000-0xe5dfffff 64bit pref]
[    4.244954] pci 0000:00:17.0: PCI bridge to [bus 13]
[    4.244997] pci 0000:00:17.0:   bridge window [io  0x6000-0x6fff]
[    4.245059] pci 0000:00:17.0:   bridge window [mem 0xfd200000-0xfd2fffff]
[    4.245179] pci 0000:00:17.0:   bridge window [mem 0xe7800000-0xe78fffff 64bit pref]
[    4.276386] pci 0000:00:17.1: PCI bridge to [bus 14]
[    4.276456] pci 0000:00:17.1:   bridge window [io  0xa000-0xafff]
[    4.276523] pci 0000:00:17.1:   bridge window [mem 0xfce00000-0xfcefffff]
[    4.276674] pci 0000:00:17.1:   bridge window [mem 0xe7400000-0xe74fffff 64bit pref]
[    4.305542] pci 0000:00:17.2: PCI bridge to [bus 15]
[    4.305630] pci 0000:00:17.2:   bridge window [io  0xe000-0xefff]
[    4.305699] pci 0000:00:17.2:   bridge window [mem 0xfca00000-0xfcafffff]
[    4.305811] pci 0000:00:17.2:   bridge window [mem 0xe7000000-0xe70fffff 64bit pref]
[    4.334106] pci 0000:00:17.3: PCI bridge to [bus 16]
[    4.334227] pci 0000:00:17.3:   bridge window [mem 0xfc600000-0xfc6fffff]
[    4.334328] pci 0000:00:17.3:   bridge window [mem 0xe6c00000-0xe6cfffff 64bit pref]
[    4.362387] pci 0000:00:17.4: PCI bridge to [bus 17]
[    4.362503] pci 0000:00:17.4:   bridge window [mem 0xfc200000-0xfc2fffff]
[    4.362604] pci 0000:00:17.4:   bridge window [mem 0xe6800000-0xe68fffff 64bit pref]
[    4.391150] pci 0000:00:17.5: PCI bridge to [bus 18]
[    4.391268] pci 0000:00:17.5:   bridge window [mem 0xfbe00000-0xfbefffff]
[    4.391368] pci 0000:00:17.5:   bridge window [mem 0xe6400000-0xe64fffff 64bit pref]
[    4.417218] pci 0000:00:17.6: PCI bridge to [bus 19]
[    4.417336] pci 0000:00:17.6:   bridge window [mem 0xfba00000-0xfbafffff]
[    4.417436] pci 0000:00:17.6:   bridge window [mem 0xe6000000-0xe60fffff 64bit pref]
[    4.449242] pci 0000:00:17.7: PCI bridge to [bus 1a]
[    4.449397] pci 0000:00:17.7:   bridge window [mem 0xfb600000-0xfb6fffff]
[    4.449529] pci 0000:00:17.7:   bridge window [mem 0xe5c00000-0xe5cfffff 64bit pref]
[    4.481188] pci 0000:00:18.0: PCI bridge to [bus 1b]
[    4.481283] pci 0000:00:18.0:   bridge window [io  0x7000-0x7fff]
[    4.481376] pci 0000:00:18.0:   bridge window [mem 0xfd100000-0xfd1fffff]
[    4.481547] pci 0000:00:18.0:   bridge window [mem 0xe7700000-0xe77fffff 64bit pref]
[    4.510953] pci 0000:00:18.1: PCI bridge to [bus 1c]
[    4.511022] pci 0000:00:18.1:   bridge window [io  0xb000-0xbfff]
[    4.511088] pci 0000:00:18.1:   bridge window [mem 0xfcd00000-0xfcdfffff]
[    4.511225] pci 0000:00:18.1:   bridge window [mem 0xe7300000-0xe73fffff 64bit pref]
[    4.548558] pci 0000:00:18.2: PCI bridge to [bus 1d]
[    4.548710] pci 0000:00:18.2:   bridge window [mem 0xfc900000-0xfc9fffff]
[    4.548845] pci 0000:00:18.2:   bridge window [mem 0xe6f00000-0xe6ffffff 64bit pref]
[    4.586847] pci 0000:00:18.3: PCI bridge to [bus 1e]
[    4.587013] pci 0000:00:18.3:   bridge window [mem 0xfc500000-0xfc5fffff]
[    4.587149] pci 0000:00:18.3:   bridge window [mem 0xe6b00000-0xe6bfffff 64bit pref]
[    4.629581] pci 0000:00:18.4: PCI bridge to [bus 1f]
[    4.629808] pci 0000:00:18.4:   bridge window [mem 0xfc100000-0xfc1fffff]
[    4.630046] pci 0000:00:18.4:   bridge window [mem 0xe6700000-0xe67fffff 64bit pref]
[    4.674600] pci 0000:00:18.5: PCI bridge to [bus 20]
[    4.674765] pci 0000:00:18.5:   bridge window [mem 0xfbd00000-0xfbdfffff]
[    4.674933] pci 0000:00:18.5:   bridge window [mem 0xe6300000-0xe63fffff 64bit pref]
[    4.707371] pci 0000:00:18.6: PCI bridge to [bus 21]
[    4.707492] pci 0000:00:18.6:   bridge window [mem 0xfb900000-0xfb9fffff]
[    4.707595] pci 0000:00:18.6:   bridge window [mem 0xe5f00000-0xe5ffffff 64bit pref]
[    4.741288] pci 0000:00:18.7: PCI bridge to [bus 22]
[    4.741826] pci 0000:00:18.7:   bridge window [mem 0xfb500000-0xfb5fffff]
[    4.741957] pci 0000:00:18.7:   bridge window [mem 0xe5b00000-0xe5bfffff 64bit pref]
[    4.749641] ACPI: PCI Interrupt Link [LNKA] (IRQs 3 4 5 6 7 *9 10 11 14 15)
[    4.749870] ACPI: PCI Interrupt Link [LNKB] (IRQs 3 4 5 6 7 9 10 *11 14 15)
[    4.750112] ACPI: PCI Interrupt Link [LNKC] (IRQs 3 4 5 6 7 9 *10 11 14 15)
[    4.750352] ACPI: PCI Interrupt Link [LNKD] (IRQs 3 4 5 6 *7 9 10 11 14 15)
[    4.799436] iommu: Default domain type: Translated 
[    4.801076] SCSI subsystem initialized
[    4.801338] libata version 3.00 loaded.
[    4.802687] pci 0000:00:0f.0: vgaarb: setting as boot VGA device
[    4.802687] pci 0000:00:0f.0: vgaarb: VGA device added: decodes=io+mem,owns=io+mem,locks=none
[    4.802687] pci 0000:00:0f.0: vgaarb: bridge control possible
[    4.802687] vgaarb: loaded
[    4.802687] ACPI: bus type USB registered
[    4.802687] usbcore: registered new interface driver usbfs
[    4.802687] usbcore: registered new interface driver hub
[    4.802687] usbcore: registered new device driver usb
[    4.802687] pps_core: LinuxPPS API ver. 1 registered
[    4.802687] pps_core: Software ver. 5.3.6 - Copyright 2005-2007 Rodolfo Giometti <giometti@linux.it>
[    4.802687] PTP clock support registered
[    4.802791] EDAC MC: Ver: 3.0.0
[    4.809485] NetLabel: Initializing
[    4.809485] NetLabel:  domain hash size = 128
[    4.809486] NetLabel:  protocols = UNLABELED CIPSOv4 CALIPSO
[    4.809497] NetLabel:  unlabeled traffic allowed by default
[    4.809541] PCI: Using ACPI for IRQ routing
[    4.972954] PCI: pci_cache_line_size set to 64 bytes
[    4.975750] e820: reserve RAM buffer [mem 0x0009e800-0x0009ffff]
[    4.975755] e820: reserve RAM buffer [mem 0xbfee0000-0xbfffffff]
[    4.978840] hpet0: at MMIO 0xfed00000, IRQs 2, 8, 0, 0, 0, 0, 0, 0, 0, 0, 0, 0, 0, 0, 0, 0
[    4.978846] hpet0: 16 comparators, 64-bit 14.318180 MHz counter
[    4.981224] clocksource: Switched to clocksource tsc-early
[    5.150894] VFS: Disk quotas dquot_6.6.0
[    5.150973] VFS: Dquot-cache hash table entries: 512 (order 0, 4096 bytes)
[    5.152104] AppArmor: AppArmor Filesystem Enabled
[    5.152220] pnp: PnP ACPI init
[    5.152928] system 00:00: [io  0x1000-0x103f] has been reserved
[    5.152930] system 00:00: [io  0x1040-0x104f] has been reserved
[    5.152932] system 00:00: [io  0x0cf0-0x0cf1] has been reserved
[    5.152937] system 00:00: Plug and Play ACPI device, IDs PNP0c02 (active)
[    5.152971] pnp 00:01: Plug and Play ACPI device, IDs PNP0b00 (active)
[    5.152987] pnp 00:02: Plug and Play ACPI device, IDs PNP0303 (active)
[    5.153101] pnp 00:03: Plug and Play ACPI device, IDs VMW0003 PNP0f13 (active)
[    5.153465] system 00:04: [mem 0xfed00000-0xfed003ff] has been reserved
[    5.153468] system 00:04: Plug and Play ACPI device, IDs PNP0103 PNP0c01 (active)
[    5.156410] pnp 00:05: Plug and Play ACPI device, IDs PNP0501 (active)
[    5.157490] system 00:06: [io  0xfce0-0xfcff] has been reserved
[    5.157493] system 00:06: [mem 0xf0000000-0xf7ffffff] has been reserved
[    5.157495] system 00:06: [mem 0xfe800000-0xfe9fffff] has been reserved
[    5.157501] system 00:06: Plug and Play ACPI device, IDs PNP0c02 (active)
[    5.182362] pnp: PnP ACPI: found 7 devices
[    5.208222] clocksource: acpi_pm: mask: 0xffffff max_cycles: 0xffffff, max_idle_ns: 2085701024 ns
[    5.208404] NET: Registered protocol family 2
[    5.219061] IP idents hash table entries: 131072 (order: 8, 1048576 bytes, linear)
[    5.251958] tcp_listen_portaddr_hash hash table entries: 4096 (order: 4, 65536 bytes, linear)
[    5.258667] TCP established hash table entries: 65536 (order: 7, 524288 bytes, linear)
[    5.269890] TCP bind hash table entries: 65536 (order: 8, 1048576 bytes, linear)
[    5.270041] TCP: Hash tables configured (established 65536 bind 65536)
[    5.276044] UDP hash table entries: 4096 (order: 5, 131072 bytes, linear)
[    5.277913] UDP-Lite hash table entries: 4096 (order: 5, 131072 bytes, linear)
[    5.280406] NET: Registered protocol family 1
[    5.280411] NET: Registered protocol family 44
[    5.280443] pci 0000:00:15.3: bridge window [io  0x1000-0x0fff] to [bus 06] add_size 1000
[    5.280445] pci 0000:00:15.4: bridge window [io  0x1000-0x0fff] to [bus 07] add_size 1000
[    5.280446] pci 0000:00:15.5: bridge window [io  0x1000-0x0fff] to [bus 08] add_size 1000
[    5.280447] pci 0000:00:15.6: bridge window [io  0x1000-0x0fff] to [bus 09] add_size 1000
[    5.280449] pci 0000:00:15.7: bridge window [io  0x1000-0x0fff] to [bus 0a] add_size 1000
[    5.280451] pci 0000:00:16.3: bridge window [io  0x1000-0x0fff] to [bus 0e] add_size 1000
[    5.280452] pci 0000:00:16.4: bridge window [io  0x1000-0x0fff] to [bus 0f] add_size 1000
[    5.280453] pci 0000:00:16.5: bridge window [io  0x1000-0x0fff] to [bus 10] add_size 1000
[    5.280455] pci 0000:00:16.6: bridge window [io  0x1000-0x0fff] to [bus 11] add_size 1000
[    5.280456] pci 0000:00:16.7: bridge window [io  0x1000-0x0fff] to [bus 12] add_size 1000
[    5.280458] pci 0000:00:17.3: bridge window [io  0x1000-0x0fff] to [bus 16] add_size 1000
[    5.280459] pci 0000:00:17.4: bridge window [io  0x1000-0x0fff] to [bus 17] add_size 1000
[    5.280460] pci 0000:00:17.5: bridge window [io  0x1000-0x0fff] to [bus 18] add_size 1000
[    5.280462] pci 0000:00:17.6: bridge window [io  0x1000-0x0fff] to [bus 19] add_size 1000
[    5.280463] pci 0000:00:17.7: bridge window [io  0x1000-0x0fff] to [bus 1a] add_size 1000
[    5.280465] pci 0000:00:18.2: bridge window [io  0x1000-0x0fff] to [bus 1d] add_size 1000
[    5.280466] pci 0000:00:18.3: bridge window [io  0x1000-0x0fff] to [bus 1e] add_size 1000
[    5.280467] pci 0000:00:18.4: bridge window [io  0x1000-0x0fff] to [bus 1f] add_size 1000
[    5.280469] pci 0000:00:18.5: bridge window [io  0x1000-0x0fff] to [bus 20] add_size 1000
[    5.280470] pci 0000:00:18.6: bridge window [io  0x1000-0x0fff] to [bus 21] add_size 1000
[    5.280471] pci 0000:00:18.7: bridge window [io  0x1000-0x0fff] to [bus 22] add_size 1000
[    5.280544] pci 0000:00:0f.0: BAR 6: assigned [mem 0xc0000000-0xc0007fff pref]
[    5.280546] pci 0000:00:10.0: BAR 6: assigned [mem 0xc0008000-0xc000bfff pref]
[    5.280549] pci 0000:00:15.3: BAR 13: no space for [io  size 0x1000]
[    5.280550] pci 0000:00:15.3: BAR 13: failed to assign [io  size 0x1000]
[    5.280552] pci 0000:00:15.4: BAR 13: no space for [io  size 0x1000]
[    5.280552] pci 0000:00:15.4: BAR 13: failed to assign [io  size 0x1000]
[    5.280554] pci 0000:00:15.5: BAR 13: no space for [io  size 0x1000]
[    5.280555] pci 0000:00:15.5: BAR 13: failed to assign [io  size 0x1000]
[    5.280556] pci 0000:00:15.6: BAR 13: no space for [io  size 0x1000]
[    5.280557] pci 0000:00:15.6: BAR 13: failed to assign [io  size 0x1000]
[    5.280558] pci 0000:00:15.7: BAR 13: no space for [io  size 0x1000]
[    5.280559] pci 0000:00:15.7: BAR 13: failed to assign [io  size 0x1000]
[    5.280560] pci 0000:00:16.3: BAR 13: no space for [io  size 0x1000]
[    5.280561] pci 0000:00:16.3: BAR 13: failed to assign [io  size 0x1000]
[    5.280562] pci 0000:00:16.4: BAR 13: no space for [io  size 0x1000]
[    5.280563] pci 0000:00:16.4: BAR 13: failed to assign [io  size 0x1000]
[    5.280564] pci 0000:00:16.5: BAR 13: no space for [io  size 0x1000]
[    5.280565] pci 0000:00:16.5: BAR 13: failed to assign [io  size 0x1000]
[    5.280566] pci 0000:00:16.6: BAR 13: no space for [io  size 0x1000]
[    5.280567] pci 0000:00:16.6: BAR 13: failed to assign [io  size 0x1000]
[    5.280568] pci 0000:00:16.7: BAR 13: no space for [io  size 0x1000]
[    5.280569] pci 0000:00:16.7: BAR 13: failed to assign [io  size 0x1000]
[    5.280571] pci 0000:00:17.3: BAR 13: no space for [io  size 0x1000]
[    5.280571] pci 0000:00:17.3: BAR 13: failed to assign [io  size 0x1000]
[    5.280573] pci 0000:00:17.4: BAR 13: no space for [io  size 0x1000]
[    5.280573] pci 0000:00:17.4: BAR 13: failed to assign [io  size 0x1000]
[    5.280575] pci 0000:00:17.5: BAR 13: no space for [io  size 0x1000]
[    5.280575] pci 0000:00:17.5: BAR 13: failed to assign [io  size 0x1000]
[    5.280577] pci 0000:00:17.6: BAR 13: no space for [io  size 0x1000]
[    5.280577] pci 0000:00:17.6: BAR 13: failed to assign [io  size 0x1000]
[    5.280579] pci 0000:00:17.7: BAR 13: no space for [io  size 0x1000]
[    5.280579] pci 0000:00:17.7: BAR 13: failed to assign [io  size 0x1000]
[    5.280581] pci 0000:00:18.2: BAR 13: no space for [io  size 0x1000]
[    5.280581] pci 0000:00:18.2: BAR 13: failed to assign [io  size 0x1000]
[    5.280620] pci 0000:00:18.3: BAR 13: no space for [io  size 0x1000]
[    5.280621] pci 0000:00:18.3: BAR 13: failed to assign [io  size 0x1000]
[    5.280623] pci 0000:00:18.4: BAR 13: no space for [io  size 0x1000]
[    5.280623] pci 0000:00:18.4: BAR 13: failed to assign [io  size 0x1000]
[    5.280625] pci 0000:00:18.5: BAR 13: no space for [io  size 0x1000]
[    5.280625] pci 0000:00:18.5: BAR 13: failed to assign [io  size 0x1000]
[    5.280627] pci 0000:00:18.6: BAR 13: no space for [io  size 0x1000]
[    5.280627] pci 0000:00:18.6: BAR 13: failed to assign [io  size 0x1000]
[    5.280629] pci 0000:00:18.7: BAR 13: no space for [io  size 0x1000]
[    5.280629] pci 0000:00:18.7: BAR 13: failed to assign [io  size 0x1000]
[    5.280633] pci 0000:00:18.7: BAR 13: no space for [io  size 0x1000]
[    5.280634] pci 0000:00:18.7: BAR 13: failed to assign [io  size 0x1000]
[    5.280636] pci 0000:00:18.6: BAR 13: no space for [io  size 0x1000]
[    5.280636] pci 0000:00:18.6: BAR 13: failed to assign [io  size 0x1000]
[    5.280638] pci 0000:00:18.5: BAR 13: no space for [io  size 0x1000]
[    5.280639] pci 0000:00:18.5: BAR 13: failed to assign [io  size 0x1000]
[    5.280640] pci 0000:00:18.4: BAR 13: no space for [io  size 0x1000]
[    5.280641] pci 0000:00:18.4: BAR 13: failed to assign [io  size 0x1000]
[    5.280642] pci 0000:00:18.3: BAR 13: no space for [io  size 0x1000]
[    5.280643] pci 0000:00:18.3: BAR 13: failed to assign [io  size 0x1000]
[    5.280645] pci 0000:00:18.2: BAR 13: no space for [io  size 0x1000]
[    5.280645] pci 0000:00:18.2: BAR 13: failed to assign [io  size 0x1000]
[    5.280647] pci 0000:00:17.7: BAR 13: no space for [io  size 0x1000]
[    5.280648] pci 0000:00:17.7: BAR 13: failed to assign [io  size 0x1000]
[    5.280649] pci 0000:00:17.6: BAR 13: no space for [io  size 0x1000]
[    5.280650] pci 0000:00:17.6: BAR 13: failed to assign [io  size 0x1000]
[    5.280651] pci 0000:00:17.5: BAR 13: no space for [io  size 0x1000]
[    5.280652] pci 0000:00:17.5: BAR 13: failed to assign [io  size 0x1000]
[    5.280653] pci 0000:00:17.4: BAR 13: no space for [io  size 0x1000]
[    5.280654] pci 0000:00:17.4: BAR 13: failed to assign [io  size 0x1000]
[    5.280655] pci 0000:00:17.3: BAR 13: no space for [io  size 0x1000]
[    5.280656] pci 0000:00:17.3: BAR 13: failed to assign [io  size 0x1000]
[    5.280657] pci 0000:00:16.7: BAR 13: no space for [io  size 0x1000]
[    5.280658] pci 0000:00:16.7: BAR 13: failed to assign [io  size 0x1000]
[    5.280659] pci 0000:00:16.6: BAR 13: no space for [io  size 0x1000]
[    5.280660] pci 0000:00:16.6: BAR 13: failed to assign [io  size 0x1000]
[    5.280662] pci 0000:00:16.5: BAR 13: no space for [io  size 0x1000]
[    5.280662] pci 0000:00:16.5: BAR 13: failed to assign [io  size 0x1000]
[    5.280664] pci 0000:00:16.4: BAR 13: no space for [io  size 0x1000]
[    5.280664] pci 0000:00:16.4: BAR 13: failed to assign [io  size 0x1000]
[    5.280666] pci 0000:00:16.3: BAR 13: no space for [io  size 0x1000]
[    5.280666] pci 0000:00:16.3: BAR 13: failed to assign [io  size 0x1000]
[    5.280668] pci 0000:00:15.7: BAR 13: no space for [io  size 0x1000]
[    5.280668] pci 0000:00:15.7: BAR 13: failed to assign [io  size 0x1000]
[    5.280670] pci 0000:00:15.6: BAR 13: no space for [io  size 0x1000]
[    5.280670] pci 0000:00:15.6: BAR 13: failed to assign [io  size 0x1000]
[    5.280672] pci 0000:00:15.5: BAR 13: no space for [io  size 0x1000]
[    5.280672] pci 0000:00:15.5: BAR 13: failed to assign [io  size 0x1000]
[    5.280674] pci 0000:00:15.4: BAR 13: no space for [io  size 0x1000]
[    5.280674] pci 0000:00:15.4: BAR 13: failed to assign [io  size 0x1000]
[    5.280676] pci 0000:00:15.3: BAR 13: no space for [io  size 0x1000]
[    5.280676] pci 0000:00:15.3: BAR 13: failed to assign [io  size 0x1000]
[    5.280678] pci 0000:00:01.0: PCI bridge to [bus 01]
[    5.280997] pci 0000:02:01.0: BAR 6: assigned [mem 0xfd500000-0xfd50ffff pref]
[    5.280998] pci 0000:02:05.0: BAR 6: assigned [mem 0xfd510000-0xfd51ffff pref]
[    5.280999] pci 0000:00:11.0: PCI bridge to [bus 02]
[    5.281035] pci 0000:00:11.0:   bridge window [io  0x2000-0x3fff]
[    5.281123] pci 0000:00:11.0:   bridge window [mem 0xfd500000-0xfdffffff]
[    5.281176] pci 0000:00:11.0:   bridge window [mem 0xe7b00000-0xe7ffffff 64bit pref]
[    5.281279] pci 0000:00:15.0: PCI bridge to [bus 03]
[    5.281313] pci 0000:00:15.0:   bridge window [io  0x4000-0x4fff]
[    5.281391] pci 0000:00:15.0:   bridge window [mem 0xfd400000-0xfd4fffff]
[    5.281444] pci 0000:00:15.0:   bridge window [mem 0xe7a00000-0xe7afffff 64bit pref]
[    5.281589] pci 0000:00:15.1: PCI bridge to [bus 04]
[    5.281632] pci 0000:00:15.1:   bridge window [io  0x8000-0x8fff]
[    5.281710] pci 0000:00:15.1:   bridge window [mem 0xfd000000-0xfd0fffff]
[    5.281762] pci 0000:00:15.1:   bridge window [mem 0xe7600000-0xe76fffff 64bit pref]
[    5.281901] pci 0000:00:15.2: PCI bridge to [bus 05]
[    5.281929] pci 0000:00:15.2:   bridge window [io  0xc000-0xcfff]
[    5.282013] pci 0000:00:15.2:   bridge window [mem 0xfcc00000-0xfccfffff]
[    5.282066] pci 0000:00:15.2:   bridge window [mem 0xe7200000-0xe72fffff 64bit pref]
[    5.282178] pci 0000:00:15.3: PCI bridge to [bus 06]
[    5.282256] pci 0000:00:15.3:   bridge window [mem 0xfc800000-0xfc8fffff]
[    5.282309] pci 0000:00:15.3:   bridge window [mem 0xe6e00000-0xe6efffff 64bit pref]
[    5.282422] pci 0000:00:15.4: PCI bridge to [bus 07]
[    5.282501] pci 0000:00:15.4:   bridge window [mem 0xfc400000-0xfc4fffff]
[    5.282554] pci 0000:00:15.4:   bridge window [mem 0xe6a00000-0xe6afffff 64bit pref]
[    5.282689] pci 0000:00:15.5: PCI bridge to [bus 08]
[    5.282769] pci 0000:00:15.5:   bridge window [mem 0xfc000000-0xfc0fffff]
[    5.282821] pci 0000:00:15.5:   bridge window [mem 0xe6600000-0xe66fffff 64bit pref]
[    5.282954] pci 0000:00:15.6: PCI bridge to [bus 09]
[    5.283033] pci 0000:00:15.6:   bridge window [mem 0xfbc00000-0xfbcfffff]
[    5.283085] pci 0000:00:15.6:   bridge window [mem 0xe6200000-0xe62fffff 64bit pref]
[    5.283200] pci 0000:00:15.7: PCI bridge to [bus 0a]
[    5.283279] pci 0000:00:15.7:   bridge window [mem 0xfb800000-0xfb8fffff]
[    5.283332] pci 0000:00:15.7:   bridge window [mem 0xe5e00000-0xe5efffff 64bit pref]
[    5.283444] pci 0000:00:16.0: PCI bridge to [bus 0b]
[    5.283473] pci 0000:00:16.0:   bridge window [io  0x5000-0x5fff]
[    5.283551] pci 0000:00:16.0:   bridge window [mem 0xfd300000-0xfd3fffff]
[    5.283604] pci 0000:00:16.0:   bridge window [mem 0xe7900000-0xe79fffff 64bit pref]
[    5.283717] pci 0000:00:16.1: PCI bridge to [bus 0c]
[    5.283745] pci 0000:00:16.1:   bridge window [io  0x9000-0x9fff]
[    5.283823] pci 0000:00:16.1:   bridge window [mem 0xfcf00000-0xfcffffff]
[    5.283876] pci 0000:00:16.1:   bridge window [mem 0xe7500000-0xe75fffff 64bit pref]
[    5.283992] pci 0000:00:16.2: PCI bridge to [bus 0d]
[    5.284020] pci 0000:00:16.2:   bridge window [io  0xd000-0xdfff]
[    5.284098] pci 0000:00:16.2:   bridge window [mem 0xfcb00000-0xfcbfffff]
[    5.284151] pci 0000:00:16.2:   bridge window [mem 0xe7100000-0xe71fffff 64bit pref]
[    5.284268] pci 0000:00:16.3: PCI bridge to [bus 0e]
[    5.284346] pci 0000:00:16.3:   bridge window [mem 0xfc700000-0xfc7fffff]
[    5.284399] pci 0000:00:16.3:   bridge window [mem 0xe6d00000-0xe6dfffff 64bit pref]
[    5.284511] pci 0000:00:16.4: PCI bridge to [bus 0f]
[    5.284589] pci 0000:00:16.4:   bridge window [mem 0xfc300000-0xfc3fffff]
[    5.284642] pci 0000:00:16.4:   bridge window [mem 0xe6900000-0xe69fffff 64bit pref]
[    5.284754] pci 0000:00:16.5: PCI bridge to [bus 10]
[    5.284833] pci 0000:00:16.5:   bridge window [mem 0xfbf00000-0xfbffffff]
[    5.284905] pci 0000:00:16.5:   bridge window [mem 0xe6500000-0xe65fffff 64bit pref]
[    5.285042] pci 0000:00:16.6: PCI bridge to [bus 11]
[    5.285120] pci 0000:00:16.6:   bridge window [mem 0xfbb00000-0xfbbfffff]
[    5.285173] pci 0000:00:16.6:   bridge window [mem 0xe6100000-0xe61fffff 64bit pref]
[    5.285285] pci 0000:00:16.7: PCI bridge to [bus 12]
[    5.285383] pci 0000:00:16.7:   bridge window [mem 0xfb700000-0xfb7fffff]
[    5.285436] pci 0000:00:16.7:   bridge window [mem 0xe5d00000-0xe5dfffff 64bit pref]
[    5.285549] pci 0000:00:17.0: PCI bridge to [bus 13]
[    5.285576] pci 0000:00:17.0:   bridge window [io  0x6000-0x6fff]
[    5.285655] pci 0000:00:17.0:   bridge window [mem 0xfd200000-0xfd2fffff]
[    5.285707] pci 0000:00:17.0:   bridge window [mem 0xe7800000-0xe78fffff 64bit pref]
[    5.285820] pci 0000:00:17.1: PCI bridge to [bus 14]
[    5.285869] pci 0000:00:17.1:   bridge window [io  0xa000-0xafff]
[    5.285948] pci 0000:00:17.1:   bridge window [mem 0xfce00000-0xfcefffff]
[    5.286001] pci 0000:00:17.1:   bridge window [mem 0xe7400000-0xe74fffff 64bit pref]
[    5.286114] pci 0000:00:17.2: PCI bridge to [bus 15]
[    5.286142] pci 0000:00:17.2:   bridge window [io  0xe000-0xefff]
[    5.286220] pci 0000:00:17.2:   bridge window [mem 0xfca00000-0xfcafffff]
[    5.286273] pci 0000:00:17.2:   bridge window [mem 0xe7000000-0xe70fffff 64bit pref]
[    5.286385] pci 0000:00:17.3: PCI bridge to [bus 16]
[    5.286463] pci 0000:00:17.3:   bridge window [mem 0xfc600000-0xfc6fffff]
[    5.286516] pci 0000:00:17.3:   bridge window [mem 0xe6c00000-0xe6cfffff 64bit pref]
[    5.286628] pci 0000:00:17.4: PCI bridge to [bus 17]
[    5.286707] pci 0000:00:17.4:   bridge window [mem 0xfc200000-0xfc2fffff]
[    5.286760] pci 0000:00:17.4:   bridge window [mem 0xe6800000-0xe68fffff 64bit pref]
[    5.286876] pci 0000:00:17.5: PCI bridge to [bus 18]
[    5.286954] pci 0000:00:17.5:   bridge window [mem 0xfbe00000-0xfbefffff]
[    5.287006] pci 0000:00:17.5:   bridge window [mem 0xe6400000-0xe64fffff 64bit pref]
[    5.287119] pci 0000:00:17.6: PCI bridge to [bus 19]
[    5.287197] pci 0000:00:17.6:   bridge window [mem 0xfba00000-0xfbafffff]
[    5.287250] pci 0000:00:17.6:   bridge window [mem 0xe6000000-0xe60fffff 64bit pref]
[    5.287363] pci 0000:00:17.7: PCI bridge to [bus 1a]
[    5.287442] pci 0000:00:17.7:   bridge window [mem 0xfb600000-0xfb6fffff]
[    5.287495] pci 0000:00:17.7:   bridge window [mem 0xe5c00000-0xe5cfffff 64bit pref]
[    5.287607] pci 0000:00:18.0: PCI bridge to [bus 1b]
[    5.287635] pci 0000:00:18.0:   bridge window [io  0x7000-0x7fff]
[    5.287713] pci 0000:00:18.0:   bridge window [mem 0xfd100000-0xfd1fffff]
[    5.287766] pci 0000:00:18.0:   bridge window [mem 0xe7700000-0xe77fffff 64bit pref]
[    5.287882] pci 0000:00:18.1: PCI bridge to [bus 1c]
[    5.287909] pci 0000:00:18.1:   bridge window [io  0xb000-0xbfff]
[    5.287988] pci 0000:00:18.1:   bridge window [mem 0xfcd00000-0xfcdfffff]
[    5.288043] pci 0000:00:18.1:   bridge window [mem 0xe7300000-0xe73fffff 64bit pref]
[    5.288155] pci 0000:00:18.2: PCI bridge to [bus 1d]
[    5.288234] pci 0000:00:18.2:   bridge window [mem 0xfc900000-0xfc9fffff]
[    5.288286] pci 0000:00:18.2:   bridge window [mem 0xe6f00000-0xe6ffffff 64bit pref]
[    5.288399] pci 0000:00:18.3: PCI bridge to [bus 1e]
[    5.288477] pci 0000:00:18.3:   bridge window [mem 0xfc500000-0xfc5fffff]
[    5.288530] pci 0000:00:18.3:   bridge window [mem 0xe6b00000-0xe6bfffff 64bit pref]
[    5.288642] pci 0000:00:18.4: PCI bridge to [bus 1f]
[    5.288720] pci 0000:00:18.4:   bridge window [mem 0xfc100000-0xfc1fffff]
[    5.288773] pci 0000:00:18.4:   bridge window [mem 0xe6700000-0xe67fffff 64bit pref]
[    5.288904] pci 0000:00:18.5: PCI bridge to [bus 20]
[    5.288998] pci 0000:00:18.5:   bridge window [mem 0xfbd00000-0xfbdfffff]
[    5.289051] pci 0000:00:18.5:   bridge window [mem 0xe6300000-0xe63fffff 64bit pref]
[    5.289163] pci 0000:00:18.6: PCI bridge to [bus 21]
[    5.289242] pci 0000:00:18.6:   bridge window [mem 0xfb900000-0xfb9fffff]
[    5.289315] pci 0000:00:18.6:   bridge window [mem 0xe5f00000-0xe5ffffff 64bit pref]
[    5.289430] pci 0000:00:18.7: PCI bridge to [bus 22]
[    5.289509] pci 0000:00:18.7:   bridge window [mem 0xfb500000-0xfb5fffff]
[    5.289562] pci 0000:00:18.7:   bridge window [mem 0xe5b00000-0xe5bfffff 64bit pref]
[    5.289677] pci_bus 0000:00: resource 4 [mem 0x000a0000-0x000bffff window]
[    5.289678] pci_bus 0000:00: resource 5 [mem 0x000d0000-0x000d3fff window]
[    5.289679] pci_bus 0000:00: resource 6 [mem 0x000d4000-0x000d7fff window]
[    5.289679] pci_bus 0000:00: resource 7 [mem 0x000d8000-0x000dbfff window]
[    5.289680] pci_bus 0000:00: resource 8 [mem 0xc0000000-0xfebfffff window]
[    5.289681] pci_bus 0000:00: resource 9 [io  0x0000-0x0cf7 window]
[    5.289682] pci_bus 0000:00: resource 10 [io  0x0d00-0xfeff window]
[    5.289684] pci_bus 0000:02: resource 0 [io  0x2000-0x3fff]
[    5.289684] pci_bus 0000:02: resource 1 [mem 0xfd500000-0xfdffffff]
[    5.289685] pci_bus 0000:02: resource 2 [mem 0xe7b00000-0xe7ffffff 64bit pref]
[    5.289686] pci_bus 0000:02: resource 4 [mem 0x000a0000-0x000bffff window]
[    5.289687] pci_bus 0000:02: resource 5 [mem 0x000d0000-0x000d3fff window]
[    5.289687] pci_bus 0000:02: resource 6 [mem 0x000d4000-0x000d7fff window]
[    5.289688] pci_bus 0000:02: resource 7 [mem 0x000d8000-0x000dbfff window]
[    5.289689] pci_bus 0000:02: resource 8 [mem 0xc0000000-0xfebfffff window]
[    5.289689] pci_bus 0000:02: resource 9 [io  0x0000-0x0cf7 window]
[    5.289690] pci_bus 0000:02: resource 10 [io  0x0d00-0xfeff window]
[    5.289691] pci_bus 0000:03: resource 0 [io  0x4000-0x4fff]
[    5.289692] pci_bus 0000:03: resource 1 [mem 0xfd400000-0xfd4fffff]
[    5.289693] pci_bus 0000:03: resource 2 [mem 0xe7a00000-0xe7afffff 64bit pref]
[    5.289693] pci_bus 0000:04: resource 0 [io  0x8000-0x8fff]
[    5.289694] pci_bus 0000:04: resource 1 [mem 0xfd000000-0xfd0fffff]
[    5.289695] pci_bus 0000:04: resource 2 [mem 0xe7600000-0xe76fffff 64bit pref]
[    5.289696] pci_bus 0000:05: resource 0 [io  0xc000-0xcfff]
[    5.289696] pci_bus 0000:05: resource 1 [mem 0xfcc00000-0xfccfffff]
[    5.289697] pci_bus 0000:05: resource 2 [mem 0xe7200000-0xe72fffff 64bit pref]
[    5.289698] pci_bus 0000:06: resource 1 [mem 0xfc800000-0xfc8fffff]
[    5.289698] pci_bus 0000:06: resource 2 [mem 0xe6e00000-0xe6efffff 64bit pref]
[    5.289699] pci_bus 0000:07: resource 1 [mem 0xfc400000-0xfc4fffff]
[    5.289700] pci_bus 0000:07: resource 2 [mem 0xe6a00000-0xe6afffff 64bit pref]
[    5.289701] pci_bus 0000:08: resource 1 [mem 0xfc000000-0xfc0fffff]
[    5.289701] pci_bus 0000:08: resource 2 [mem 0xe6600000-0xe66fffff 64bit pref]
[    5.289703] pci_bus 0000:09: resource 1 [mem 0xfbc00000-0xfbcfffff]
[    5.289703] pci_bus 0000:09: resource 2 [mem 0xe6200000-0xe62fffff 64bit pref]
[    5.289704] pci_bus 0000:0a: resource 1 [mem 0xfb800000-0xfb8fffff]
[    5.289705] pci_bus 0000:0a: resource 2 [mem 0xe5e00000-0xe5efffff 64bit pref]
[    5.289706] pci_bus 0000:0b: resource 0 [io  0x5000-0x5fff]
[    5.289706] pci_bus 0000:0b: resource 1 [mem 0xfd300000-0xfd3fffff]
[    5.289707] pci_bus 0000:0b: resource 2 [mem 0xe7900000-0xe79fffff 64bit pref]
[    5.289708] pci_bus 0000:0c: resource 0 [io  0x9000-0x9fff]
[    5.289709] pci_bus 0000:0c: resource 1 [mem 0xfcf00000-0xfcffffff]
[    5.289709] pci_bus 0000:0c: resource 2 [mem 0xe7500000-0xe75fffff 64bit pref]
[    5.289710] pci_bus 0000:0d: resource 0 [io  0xd000-0xdfff]
[    5.289711] pci_bus 0000:0d: resource 1 [mem 0xfcb00000-0xfcbfffff]
[    5.289712] pci_bus 0000:0d: resource 2 [mem 0xe7100000-0xe71fffff 64bit pref]
[    5.289713] pci_bus 0000:0e: resource 1 [mem 0xfc700000-0xfc7fffff]
[    5.289713] pci_bus 0000:0e: resource 2 [mem 0xe6d00000-0xe6dfffff 64bit pref]
[    5.289714] pci_bus 0000:0f: resource 1 [mem 0xfc300000-0xfc3fffff]
[    5.289715] pci_bus 0000:0f: resource 2 [mem 0xe6900000-0xe69fffff 64bit pref]
[    5.289716] pci_bus 0000:10: resource 1 [mem 0xfbf00000-0xfbffffff]
[    5.289716] pci_bus 0000:10: resource 2 [mem 0xe6500000-0xe65fffff 64bit pref]
[    5.289717] pci_bus 0000:11: resource 1 [mem 0xfbb00000-0xfbbfffff]
[    5.289718] pci_bus 0000:11: resource 2 [mem 0xe6100000-0xe61fffff 64bit pref]
[    5.289719] pci_bus 0000:12: resource 1 [mem 0xfb700000-0xfb7fffff]
[    5.289720] pci_bus 0000:12: resource 2 [mem 0xe5d00000-0xe5dfffff 64bit pref]
[    5.289720] pci_bus 0000:13: resource 0 [io  0x6000-0x6fff]
[    5.289721] pci_bus 0000:13: resource 1 [mem 0xfd200000-0xfd2fffff]
[    5.289722] pci_bus 0000:13: resource 2 [mem 0xe7800000-0xe78fffff 64bit pref]
[    5.289723] pci_bus 0000:14: resource 0 [io  0xa000-0xafff]
[    5.289723] pci_bus 0000:14: resource 1 [mem 0xfce00000-0xfcefffff]
[    5.289724] pci_bus 0000:14: resource 2 [mem 0xe7400000-0xe74fffff 64bit pref]
[    5.289725] pci_bus 0000:15: resource 0 [io  0xe000-0xefff]
[    5.289726] pci_bus 0000:15: resource 1 [mem 0xfca00000-0xfcafffff]
[    5.289726] pci_bus 0000:15: resource 2 [mem 0xe7000000-0xe70fffff 64bit pref]
[    5.289727] pci_bus 0000:16: resource 1 [mem 0xfc600000-0xfc6fffff]
[    5.289728] pci_bus 0000:16: resource 2 [mem 0xe6c00000-0xe6cfffff 64bit pref]
[    5.289729] pci_bus 0000:17: resource 1 [mem 0xfc200000-0xfc2fffff]
[    5.289730] pci_bus 0000:17: resource 2 [mem 0xe6800000-0xe68fffff 64bit pref]
[    5.289731] pci_bus 0000:18: resource 1 [mem 0xfbe00000-0xfbefffff]
[    5.289731] pci_bus 0000:18: resource 2 [mem 0xe6400000-0xe64fffff 64bit pref]
[    5.289732] pci_bus 0000:19: resource 1 [mem 0xfba00000-0xfbafffff]
[    5.289733] pci_bus 0000:19: resource 2 [mem 0xe6000000-0xe60fffff 64bit pref]
[    5.289734] pci_bus 0000:1a: resource 1 [mem 0xfb600000-0xfb6fffff]
[    5.289735] pci_bus 0000:1a: resource 2 [mem 0xe5c00000-0xe5cfffff 64bit pref]
[    5.289736] pci_bus 0000:1b: resource 0 [io  0x7000-0x7fff]
[    5.289736] pci_bus 0000:1b: resource 1 [mem 0xfd100000-0xfd1fffff]
[    5.289737] pci_bus 0000:1b: resource 2 [mem 0xe7700000-0xe77fffff 64bit pref]
[    5.289738] pci_bus 0000:1c: resource 0 [io  0xb000-0xbfff]
[    5.289739] pci_bus 0000:1c: resource 1 [mem 0xfcd00000-0xfcdfffff]
[    5.289739] pci_bus 0000:1c: resource 2 [mem 0xe7300000-0xe73fffff 64bit pref]
[    5.289740] pci_bus 0000:1d: resource 1 [mem 0xfc900000-0xfc9fffff]
[    5.289741] pci_bus 0000:1d: resource 2 [mem 0xe6f00000-0xe6ffffff 64bit pref]
[    5.289742] pci_bus 0000:1e: resource 1 [mem 0xfc500000-0xfc5fffff]
[    5.289743] pci_bus 0000:1e: resource 2 [mem 0xe6b00000-0xe6bfffff 64bit pref]
[    5.289743] pci_bus 0000:1f: resource 1 [mem 0xfc100000-0xfc1fffff]
[    5.289744] pci_bus 0000:1f: resource 2 [mem 0xe6700000-0xe67fffff 64bit pref]
[    5.289745] pci_bus 0000:20: resource 1 [mem 0xfbd00000-0xfbdfffff]
[    5.289746] pci_bus 0000:20: resource 2 [mem 0xe6300000-0xe63fffff 64bit pref]
[    5.289747] pci_bus 0000:21: resource 1 [mem 0xfb900000-0xfb9fffff]
[    5.289747] pci_bus 0000:21: resource 2 [mem 0xe5f00000-0xe5ffffff 64bit pref]
[    5.289748] pci_bus 0000:22: resource 1 [mem 0xfb500000-0xfb5fffff]
[    5.289749] pci_bus 0000:22: resource 2 [mem 0xe5b00000-0xe5bfffff 64bit pref]
[    5.290035] pci 0000:00:00.0: Limiting direct PCI/PCI transfers
[    5.290313] pci 0000:00:0f.0: Video device with shadowed ROM at [mem 0x000c0000-0x000dffff]
[    5.295355] PCI: CLS 32 bytes, default 64
[    5.296385] Trying to unpack rootfs image as initramfs...
[    7.721687] Freeing initrd memory: 51236K
[    7.721713] PCI-DMA: Using software bounce buffering for IO (SWIOTLB)
[    7.721715] software IO TLB: mapped [mem 0xbbee0000-0xbfee0000] (64MB)
[    7.721974] check: Scanning for low memory corruption every 60 seconds
[    7.726390] Initialise system trusted keyrings
[    7.726403] Key type blacklist registered
[    7.726963] workingset: timestamp_bits=36 max_order=21 bucket_order=0
[    7.731333] zbud: loaded
[    7.731743] squashfs: version 4.0 (2009/01/31) Phillip Lougher
[    7.733253] fuse: init (API version 7.31)
[    7.734077] integrity: Platform Keyring initialized
[    7.742831] Key type asymmetric registered
[    7.742833] Asymmetric key parser 'x509' registered
[    7.742849] Block layer SCSI generic (bsg) driver version 0.4 loaded (major 244)
[    7.743623] io scheduler mq-deadline registered
[    7.746125] pcieport 0000:00:15.0: PME: Signaling with IRQ 24
[    7.746390] pcieport 0000:00:15.0: pciehp: Slot #160 AttnBtn+ PwrCtrl+ MRL- AttnInd- PwrInd- HotPlug+ Surprise- Interlock- NoCompl+ IbPresDis- LLActRep+
[    7.750042] pcieport 0000:00:15.1: PME: Signaling with IRQ 25
[    7.750351] pcieport 0000:00:15.1: pciehp: Slot #161 AttnBtn+ PwrCtrl+ MRL- AttnInd- PwrInd- HotPlug+ Surprise- Interlock- NoCompl+ IbPresDis- LLActRep+
[    7.754405] pcieport 0000:00:15.2: PME: Signaling with IRQ 26
[    7.754673] pcieport 0000:00:15.2: pciehp: Slot #162 AttnBtn+ PwrCtrl+ MRL- AttnInd- PwrInd- HotPlug+ Surprise- Interlock- NoCompl+ IbPresDis- LLActRep+
[    7.758649] pcieport 0000:00:15.3: PME: Signaling with IRQ 27
[    7.758914] pcieport 0000:00:15.3: pciehp: Slot #163 AttnBtn+ PwrCtrl+ MRL- AttnInd- PwrInd- HotPlug+ Surprise- Interlock- NoCompl+ IbPresDis- LLActRep+
[    7.762883] pcieport 0000:00:15.4: PME: Signaling with IRQ 28
[    7.763156] pcieport 0000:00:15.4: pciehp: Slot #164 AttnBtn+ PwrCtrl+ MRL- AttnInd- PwrInd- HotPlug+ Surprise- Interlock- NoCompl+ IbPresDis- LLActRep+
[    7.767133] pcieport 0000:00:15.5: PME: Signaling with IRQ 29
[    7.767406] pcieport 0000:00:15.5: pciehp: Slot #165 AttnBtn+ PwrCtrl+ MRL- AttnInd- PwrInd- HotPlug+ Surprise- Interlock- NoCompl+ IbPresDis- LLActRep+
[    7.771431] pcieport 0000:00:15.6: PME: Signaling with IRQ 30
[    7.771701] pcieport 0000:00:15.6: pciehp: Slot #166 AttnBtn+ PwrCtrl+ MRL- AttnInd- PwrInd- HotPlug+ Surprise- Interlock- NoCompl+ IbPresDis- LLActRep+
[    7.776696] pcieport 0000:00:15.7: PME: Signaling with IRQ 31
[    7.776959] pcieport 0000:00:15.7: pciehp: Slot #167 AttnBtn+ PwrCtrl+ MRL- AttnInd- PwrInd- HotPlug+ Surprise- Interlock- NoCompl+ IbPresDis- LLActRep+
[    7.781083] pcieport 0000:00:16.0: PME: Signaling with IRQ 32
[    7.781488] pcieport 0000:00:16.0: pciehp: Slot #192 AttnBtn+ PwrCtrl+ MRL- AttnInd- PwrInd- HotPlug+ Surprise- Interlock- NoCompl+ IbPresDis- LLActRep+
[    7.785538] pcieport 0000:00:16.1: PME: Signaling with IRQ 33
[    7.786086] pcieport 0000:00:16.1: pciehp: Slot #193 AttnBtn+ PwrCtrl+ MRL- AttnInd- PwrInd- HotPlug+ Surprise- Interlock- NoCompl+ IbPresDis- LLActRep+
[    7.789458] pcieport 0000:00:16.2: PME: Signaling with IRQ 34
[    7.789698] pcieport 0000:00:16.2: pciehp: Slot #194 AttnBtn+ PwrCtrl+ MRL- AttnInd- PwrInd- HotPlug+ Surprise- Interlock- NoCompl+ IbPresDis- LLActRep+
[    7.794084] pcieport 0000:00:16.3: PME: Signaling with IRQ 35
[    7.794348] pcieport 0000:00:16.3: pciehp: Slot #195 AttnBtn+ PwrCtrl+ MRL- AttnInd- PwrInd- HotPlug+ Surprise- Interlock- NoCompl+ IbPresDis- LLActRep+
[    7.797985] pcieport 0000:00:16.4: PME: Signaling with IRQ 36
[    7.798255] pcieport 0000:00:16.4: pciehp: Slot #196 AttnBtn+ PwrCtrl+ MRL- AttnInd- PwrInd- HotPlug+ Surprise- Interlock- NoCompl+ IbPresDis- LLActRep+
[    7.801543] pcieport 0000:00:16.5: PME: Signaling with IRQ 37
[    7.801822] pcieport 0000:00:16.5: pciehp: Slot #197 AttnBtn+ PwrCtrl+ MRL- AttnInd- PwrInd- HotPlug+ Surprise- Interlock- NoCompl+ IbPresDis- LLActRep+
[    7.805927] pcieport 0000:00:16.6: PME: Signaling with IRQ 38
[    7.806223] pcieport 0000:00:16.6: pciehp: Slot #198 AttnBtn+ PwrCtrl+ MRL- AttnInd- PwrInd- HotPlug+ Surprise- Interlock- NoCompl+ IbPresDis- LLActRep+
[    7.810189] pcieport 0000:00:16.7: PME: Signaling with IRQ 39
[    7.810453] pcieport 0000:00:16.7: pciehp: Slot #199 AttnBtn+ PwrCtrl+ MRL- AttnInd- PwrInd- HotPlug+ Surprise- Interlock- NoCompl+ IbPresDis- LLActRep+
[    7.815361] pcieport 0000:00:17.0: PME: Signaling with IRQ 40
[    7.815618] pcieport 0000:00:17.0: pciehp: Slot #224 AttnBtn+ PwrCtrl+ MRL- AttnInd- PwrInd- HotPlug+ Surprise- Interlock- NoCompl+ IbPresDis- LLActRep+
[    7.819853] pcieport 0000:00:17.1: PME: Signaling with IRQ 41
[    7.820156] pcieport 0000:00:17.1: pciehp: Slot #225 AttnBtn+ PwrCtrl+ MRL- AttnInd- PwrInd- HotPlug+ Surprise- Interlock- NoCompl+ IbPresDis- LLActRep+
[    7.823955] pcieport 0000:00:17.2: PME: Signaling with IRQ 42
[    7.824371] pcieport 0000:00:17.2: pciehp: Slot #226 AttnBtn+ PwrCtrl+ MRL- AttnInd- PwrInd- HotPlug+ Surprise- Interlock- NoCompl+ IbPresDis- LLActRep+
[    7.828318] pcieport 0000:00:17.3: PME: Signaling with IRQ 43
[    7.828601] pcieport 0000:00:17.3: pciehp: Slot #227 AttnBtn+ PwrCtrl+ MRL- AttnInd- PwrInd- HotPlug+ Surprise- Interlock- NoCompl+ IbPresDis- LLActRep+
[    7.834158] pcieport 0000:00:17.4: PME: Signaling with IRQ 44
[    7.834422] pcieport 0000:00:17.4: pciehp: Slot #228 AttnBtn+ PwrCtrl+ MRL- AttnInd- PwrInd- HotPlug+ Surprise- Interlock- NoCompl+ IbPresDis- LLActRep+
[    7.839620] pcieport 0000:00:17.5: PME: Signaling with IRQ 45
[    7.839906] pcieport 0000:00:17.5: pciehp: Slot #229 AttnBtn+ PwrCtrl+ MRL- AttnInd- PwrInd- HotPlug+ Surprise- Interlock- NoCompl+ IbPresDis- LLActRep+
[    7.843698] pcieport 0000:00:17.6: PME: Signaling with IRQ 46
[    7.844132] pcieport 0000:00:17.6: pciehp: Slot #230 AttnBtn+ PwrCtrl+ MRL- AttnInd- PwrInd- HotPlug+ Surprise- Interlock- NoCompl+ IbPresDis- LLActRep+
[    7.848451] pcieport 0000:00:17.7: PME: Signaling with IRQ 47
[    7.848885] pcieport 0000:00:17.7: pciehp: Slot #231 AttnBtn+ PwrCtrl+ MRL- AttnInd- PwrInd- HotPlug+ Surprise- Interlock- NoCompl+ IbPresDis- LLActRep+
[    7.857696] pcieport 0000:00:18.0: PME: Signaling with IRQ 48
[    7.858038] pcieport 0000:00:18.0: pciehp: Slot #256 AttnBtn+ PwrCtrl+ MRL- AttnInd- PwrInd- HotPlug+ Surprise- Interlock- NoCompl+ IbPresDis- LLActRep+
[    7.863172] pcieport 0000:00:18.1: PME: Signaling with IRQ 49
[    7.863511] pcieport 0000:00:18.1: pciehp: Slot #257 AttnBtn+ PwrCtrl+ MRL- AttnInd- PwrInd- HotPlug+ Surprise- Interlock- NoCompl+ IbPresDis- LLActRep+
[    7.870061] pcieport 0000:00:18.2: PME: Signaling with IRQ 50
[    7.870512] pcieport 0000:00:18.2: pciehp: Slot #258 AttnBtn+ PwrCtrl+ MRL- AttnInd- PwrInd- HotPlug+ Surprise- Interlock- NoCompl+ IbPresDis- LLActRep+
[    7.875249] pcieport 0000:00:18.3: PME: Signaling with IRQ 51
[    7.875498] pcieport 0000:00:18.3: pciehp: Slot #259 AttnBtn+ PwrCtrl+ MRL- AttnInd- PwrInd- HotPlug+ Surprise- Interlock- NoCompl+ IbPresDis- LLActRep+
[    7.880247] pcieport 0000:00:18.4: PME: Signaling with IRQ 52
[    7.880536] pcieport 0000:00:18.4: pciehp: Slot #260 AttnBtn+ PwrCtrl+ MRL- AttnInd- PwrInd- HotPlug+ Surprise- Interlock- NoCompl+ IbPresDis- LLActRep+
[    7.884244] pcieport 0000:00:18.5: PME: Signaling with IRQ 53
[    7.884500] pcieport 0000:00:18.5: pciehp: Slot #261 AttnBtn+ PwrCtrl+ MRL- AttnInd- PwrInd- HotPlug+ Surprise- Interlock- NoCompl+ IbPresDis- LLActRep+
[    7.888596] pcieport 0000:00:18.6: PME: Signaling with IRQ 54
