[    0.000000] microcode: microcode updated early to revision 0x2f, date = 2019-11-12
[    0.000000] Linux version 5.4.0-80-generic (buildd@lcy01-amd64-028) (gcc version 7.5.0 (Ubuntu 7.5.0-3ubuntu1~18.04)) #90~18.04.1-Ubuntu SMP Tue Jul 13 19:40:02 UTC 2021 (Ubuntu 5.4.0-80.90~18.04.1-generic 5.4.124)
[    0.000000] Command line: BOOT_IMAGE=/boot/vmlinuz-5.4.0-80-generic root=UUID=92b70017-3730-42d9-882b-d95a5cb60770 ro quiet splash vt.handoff=1
[    0.000000] KERNEL supported cpus:
[    0.000000]   Intel GenuineIntel
[    0.000000]   AMD AuthenticAMD
[    0.000000]   Hygon HygonGenuine
[    0.000000]   Centaur CentaurHauls
[    0.000000]   zhaoxin   Shanghai  
[    0.000000] x86/fpu: Supporting XSAVE feature 0x001: 'x87 floating point registers'
[    0.000000] x86/fpu: Supporting XSAVE feature 0x002: 'SSE registers'
[    0.000000] x86/fpu: Supporting XSAVE feature 0x004: 'AVX registers'
[    0.000000] x86/fpu: xstate_offset[2]:  576, xstate_sizes[2]:  256
[    0.000000] x86/fpu: Enabled xstate features 0x7, context size is 832 bytes, using 'standard' format.
[    0.000000] BIOS-provided physical RAM map:
[    0.000000] BIOS-e820: [mem 0x0000000000000000-0x0000000000057fff] usable
[    0.000000] BIOS-e820: [mem 0x0000000000058000-0x0000000000058fff] reserved
[    0.000000] BIOS-e820: [mem 0x0000000000059000-0x000000000009dfff] usable
[    0.000000] BIOS-e820: [mem 0x000000000009e000-0x000000000009ffff] reserved
[    0.000000] BIOS-e820: [mem 0x0000000000100000-0x00000000a6d9efff] usable
[    0.000000] BIOS-e820: [mem 0x00000000a6d9f000-0x00000000a70fcfff] reserved
[    0.000000] BIOS-e820: [mem 0x00000000a70fd000-0x00000000aaa56fff] usable
[    0.000000] BIOS-e820: [mem 0x00000000aaa57000-0x00000000aaab6fff] reserved
[    0.000000] BIOS-e820: [mem 0x00000000aaab7000-0x00000000ab2d5fff] usable
[    0.000000] BIOS-e820: [mem 0x00000000ab2d6000-0x00000000ac413fff] ACPI NVS
[    0.000000] BIOS-e820: [mem 0x00000000ac414000-0x00000000acffdfff] reserved
[    0.000000] BIOS-e820: [mem 0x00000000acffe000-0x00000000acffefff] usable
[    0.000000] BIOS-e820: [mem 0x00000000ad800000-0x00000000afffffff] reserved
[    0.000000] BIOS-e820: [mem 0x00000000f8000000-0x00000000fbffffff] reserved
[    0.000000] BIOS-e820: [mem 0x00000000fec00000-0x00000000fec00fff] reserved
[    0.000000] BIOS-e820: [mem 0x00000000fed00000-0x00000000fed03fff] reserved
[    0.000000] BIOS-e820: [mem 0x00000000fed1c000-0x00000000fed1ffff] reserved
[    0.000000] BIOS-e820: [mem 0x00000000fee00000-0x00000000fee00fff] reserved
[    0.000000] BIOS-e820: [mem 0x00000000ff000000-0x00000000ffffffff] reserved
[    0.000000] BIOS-e820: [mem 0x0000000100000000-0x000000014effffff] usable
[    0.000000] NX (Execute Disable) protection: active
[    0.000000] e820: update [mem 0xa5d3e018-0xa5d4e057] usable ==> usable
[    0.000000] e820: update [mem 0xa5d3e018-0xa5d4e057] usable ==> usable
[    0.000000] e820: update [mem 0xa5d30018-0xa5d3d057] usable ==> usable
[    0.000000] e820: update [mem 0xa5d30018-0xa5d3d057] usable ==> usable
[    0.000000] extended physical RAM map:
[    0.000000] reserve setup_data: [mem 0x0000000000000000-0x0000000000057fff] usable
[    0.000000] reserve setup_data: [mem 0x0000000000058000-0x0000000000058fff] reserved
[    0.000000] reserve setup_data: [mem 0x0000000000059000-0x000000000009dfff] usable
[    0.000000] reserve setup_data: [mem 0x000000000009e000-0x000000000009ffff] reserved
[    0.000000] reserve setup_data: [mem 0x0000000000100000-0x00000000a5d30017] usable
[    0.000000] reserve setup_data: [mem 0x00000000a5d30018-0x00000000a5d3d057] usable
[    0.000000] reserve setup_data: [mem 0x00000000a5d3d058-0x00000000a5d3e017] usable
[    0.000000] reserve setup_data: [mem 0x00000000a5d3e018-0x00000000a5d4e057] usable
[    0.000000] reserve setup_data: [mem 0x00000000a5d4e058-0x00000000a6d9efff] usable
[    0.000000] reserve setup_data: [mem 0x00000000a6d9f000-0x00000000a70fcfff] reserved
[    0.000000] reserve setup_data: [mem 0x00000000a70fd000-0x00000000aaa56fff] usable
[    0.000000] reserve setup_data: [mem 0x00000000aaa57000-0x00000000aaab6fff] reserved
[    0.000000] reserve setup_data: [mem 0x00000000aaab7000-0x00000000ab2d5fff] usable
[    0.000000] reserve setup_data: [mem 0x00000000ab2d6000-0x00000000ac413fff] ACPI NVS
[    0.000000] reserve setup_data: [mem 0x00000000ac414000-0x00000000acffdfff] reserved
[    0.000000] reserve setup_data: [mem 0x00000000acffe000-0x00000000acffefff] usable
[    0.000000] reserve setup_data: [mem 0x00000000ad800000-0x00000000afffffff] reserved
[    0.000000] reserve setup_data: [mem 0x00000000f8000000-0x00000000fbffffff] reserved
[    0.000000] reserve setup_data: [mem 0x00000000fec00000-0x00000000fec00fff] reserved
[    0.000000] reserve setup_data: [mem 0x00000000fed00000-0x00000000fed03fff] reserved
[    0.000000] reserve setup_data: [mem 0x00000000fed1c000-0x00000000fed1ffff] reserved
[    0.000000] reserve setup_data: [mem 0x00000000fee00000-0x00000000fee00fff] reserved
[    0.000000] reserve setup_data: [mem 0x00000000ff000000-0x00000000ffffffff] reserved
[    0.000000] reserve setup_data: [mem 0x0000000100000000-0x000000014effffff] usable
[    0.000000] efi: EFI v2.40 by American Megatrends
[    0.000000] efi:  ESRT=0xace2fc98  ACPI=0xab71c000  ACPI 2.0=0xab71c000  SMBIOS=0xace2f898  TPMEventLog=0xa710f018 
[    0.000000] [Firmware Bug]: TPM Final Events table missing or invalid
[    0.000000] secureboot: Secure boot disabled
[    0.000000] SMBIOS 2.8 present.
[    0.000000] DMI: ASUSTeK COMPUTER INC. X555LAB/X555LAB, BIOS X555LAB.503 08/04/2015
[    0.000000] tsc: Fast TSC calibration using PIT
[    0.000000] tsc: Detected 2096.896 MHz processor
[    0.000122] e820: update [mem 0x00000000-0x00000fff] usable ==> reserved
[    0.000124] e820: remove [mem 0x000a0000-0x000fffff] usable
[    0.000131] last_pfn = 0x14f000 max_arch_pfn = 0x400000000
[    0.000136] MTRR default type: uncachable
[    0.000137] MTRR fixed ranges enabled:
[    0.000138]   00000-9FFFF write-back
[    0.000139]   A0000-EFFFF uncachable
[    0.000140]   F0000-FFFFF write-protect
[    0.000140] MTRR variable ranges enabled:
[    0.000142]   0 base 0000000000 mask 7F80000000 write-back
[    0.000143]   1 base 0080000000 mask 7FE0000000 write-back
[    0.000144]   2 base 00A0000000 mask 7FF8000000 write-back
[    0.000145]   3 base 00A8000000 mask 7FFC000000 write-back
[    0.000146]   4 base 00AC000000 mask 7FFF000000 write-back
[    0.000146]   5 base 0100000000 mask 7FC0000000 write-back
[    0.000147]   6 base 0140000000 mask 7FF8000000 write-back
[    0.000148]   7 base 0148000000 mask 7FFC000000 write-back
[    0.000149]   8 base 014C000000 mask 7FFE000000 write-back
[    0.000150]   9 base 014E000000 mask 7FFF000000 write-back
[    0.000492] x86/PAT: Configuration [0-7]: WB  WC  UC- UC  WB  WP  UC- WT  
[    0.000646] e820: update [mem 0xad000000-0xffffffff] usable ==> reserved
[    0.000651] last_pfn = 0xacfff max_arch_pfn = 0x400000000
[    0.010454] esrt: Reserving ESRT space from 0x00000000ace2fc98 to 0x00000000ace2fcd0.
[    0.010463] check: Scanning 1 areas for low memory corruption
[    0.010468] Using GB pages for direct mapping
[    0.011512] secureboot: Secure boot disabled
[    0.011513] RAMDISK: [mem 0x3d6b8000-0x3fffdfff]
[    0.011519] ACPI: Early table checksum verification disabled
[    0.011522] ACPI: RSDP 0x00000000AB71C000 000024 (v02 _ASUS_)
[    0.011526] ACPI: XSDT 0x00000000AB71C0B0 0000D4 (v01 _ASUS_ Notebook 01072009 AMI  00010013)
[    0.011531] ACPI: FACP 0x00000000AB7360F8 00010C (v05 _ASUS_ Notebook 01072009 AMI  00010013)
[    0.011539] ACPI: DSDT 0x00000000AB71C218 019EE0 (v02 _ASUS_ Notebook 01072009 INTL 20120913)
[    0.011542] ACPI: FACS 0x00000000AC411F80 000040
[    0.011545] ACPI: APIC 0x00000000AB736208 000084 (v03 _ASUS_ Notebook 01072009 AMI  00010013)
[    0.011548] ACPI: FPDT 0x00000000AB736290 000044 (v01 _ASUS_ Notebook 01072009 AMI  00010013)
[    0.011551] ACPI: FIDT 0x00000000AB7362D8 00009C (v01 _ASUS_ Notebook 01072009 AMI  00010013)
[    0.011553] ACPI: ECDT 0x00000000AB736378 0000C1 (v01 _ASUS_ Notebook 01072009 AMI. 00000005)
[    0.011556] ACPI: MCFG 0x00000000AB736440 00003C (v01 _ASUS_ Notebook 01072009 MSFT 00000097)
[    0.011559] ACPI: HPET 0x00000000AB736480 000038 (v01 _ASUS_ Notebook 01072009 AMI. 00000005)
[    0.011562] ACPI: SSDT 0x00000000AB7364B8 000315 (v01 SataRe SataTabl 00001000 INTL 20120913)
[    0.011565] ACPI: UEFI 0x00000000AB7367D0 000042 (v01                 00000000      00000000)
[    0.011568] ACPI: SSDT 0x00000000AB736818 000194 (v01 Intel  zpodd    00001000 INTL 20120913)
[    0.011571] ACPI: ASF! 0x00000000AB7369B0 0000A0 (v32 INTEL   HCG     00000001 TFSM 000F4240)
[    0.011574] ACPI: SSDT 0x00000000AB736A50 000539 (v02 PmRef  Cpu0Ist  00003000 INTL 20120913)
[    0.011577] ACPI: SSDT 0x00000000AB736F90 000B74 (v02 CpuRef CpuSsdt  00003000 INTL 20120913)
[    0.011580] ACPI: TPM2 0x00000000AB737B08 000034 (v03        Tpm2Tabl 00000001 AMI  00000000)
[    0.011583] ACPI: SSDT 0x00000000AB737B40 000041 (v01 Ssdt   PttSsdt  00001000 INTL 20120913)
[    0.011586] ACPI: SSDT 0x00000000AB737B88 003245 (v02 DptfTa DptfTabl 00001000 INTL 20120913)
[    0.011589] ACPI: SSDT 0x00000000AB73ADD0 000394 (v02 CppcTa CppcTabl 00001000 INTL 20120913)
[    0.011592] ACPI: PCCT 0x00000000AB73B168 00006E (v05 PcctTa PcctTabl 00001000 INTL 20120913)
[    0.011595] ACPI: SSDT 0x00000000AB73B1D8 000AC4 (v02 Cpc_Ta Cpc_Tabl 00001000 INTL 20120913)
[    0.011598] ACPI: SSDT 0x00000000AB73BCA0 006B80 (v02 SaSsdt SaSsdt   00003000 INTL 20120913)
[    0.011601] ACPI: DMAR 0x00000000AB742820 0000A8 (v01 INTEL  BDW      00000001 INTL 00000001)
[    0.011603] ACPI: BGRT 0x00000000AB7428C8 000038 (v01 _ASUS_ Notebook 01072009 AMI  00010013)
[    0.011607] ACPI: Reserving FACP table memory at [mem 0xab7360f8-0xab736203]
[    0.011608] ACPI: Reserving DSDT table memory at [mem 0xab71c218-0xab7360f7]
[    0.011608] ACPI: Reserving FACS table memory at [mem 0xac411f80-0xac411fbf]
[    0.011609] ACPI: Reserving APIC table memory at [mem 0xab736208-0xab73628b]
[    0.011610] ACPI: Reserving FPDT table memory at [mem 0xab736290-0xab7362d3]
[    0.011611] ACPI: Reserving FIDT table memory at [mem 0xab7362d8-0xab736373]
[    0.011612] ACPI: Reserving ECDT table memory at [mem 0xab736378-0xab736438]
[    0.011613] ACPI: Reserving MCFG table memory at [mem 0xab736440-0xab73647b]
[    0.011614] ACPI: Reserving HPET table memory at [mem 0xab736480-0xab7364b7]
[    0.011614] ACPI: Reserving SSDT table memory at [mem 0xab7364b8-0xab7367cc]
[    0.011615] ACPI: Reserving UEFI table memory at [mem 0xab7367d0-0xab736811]
[    0.011616] ACPI: Reserving SSDT table memory at [mem 0xab736818-0xab7369ab]
[    0.011617] ACPI: Reserving ASF! table memory at [mem 0xab7369b0-0xab736a4f]
[    0.011618] ACPI: Reserving SSDT table memory at [mem 0xab736a50-0xab736f88]
[    0.011619] ACPI: Reserving SSDT table memory at [mem 0xab736f90-0xab737b03]
[    0.011620] ACPI: Reserving TPM2 table memory at [mem 0xab737b08-0xab737b3b]
[    0.011621] ACPI: Reserving SSDT table memory at [mem 0xab737b40-0xab737b80]
[    0.011621] ACPI: Reserving SSDT table memory at [mem 0xab737b88-0xab73adcc]
[    0.011622] ACPI: Reserving SSDT table memory at [mem 0xab73add0-0xab73b163]
[    0.011623] ACPI: Reserving PCCT table memory at [mem 0xab73b168-0xab73b1d5]
[    0.011624] ACPI: Reserving SSDT table memory at [mem 0xab73b1d8-0xab73bc9b]
[    0.011625] ACPI: Reserving SSDT table memory at [mem 0xab73bca0-0xab74281f]
[    0.011626] ACPI: Reserving DMAR table memory at [mem 0xab742820-0xab7428c7]
[    0.011627] ACPI: Reserving BGRT table memory at [mem 0xab7428c8-0xab7428ff]
[    0.011639] ACPI: Local APIC address 0xfee00000
[    0.011730] No NUMA configuration found
[    0.011731] Faking a node at [mem 0x0000000000000000-0x000000014effffff]
[    0.011745] NODE_DATA(0) allocated [mem 0x14efd5000-0x14effffff]
[    0.011997] Zone ranges:
[    0.011997]   DMA      [mem 0x0000000000001000-0x0000000000ffffff]
[    0.011999]   DMA32    [mem 0x0000000001000000-0x00000000ffffffff]
[    0.012000]   Normal   [mem 0x0000000100000000-0x000000014effffff]
[    0.012001]   Device   empty
[    0.012002] Movable zone start for each node
[    0.012006] Early memory node ranges
[    0.012006]   node   0: [mem 0x0000000000001000-0x0000000000057fff]
[    0.012008]   node   0: [mem 0x0000000000059000-0x000000000009dfff]
[    0.012008]   node   0: [mem 0x0000000000100000-0x00000000a6d9efff]
[    0.012009]   node   0: [mem 0x00000000a70fd000-0x00000000aaa56fff]
[    0.012010]   node   0: [mem 0x00000000aaab7000-0x00000000ab2d5fff]
[    0.012011]   node   0: [mem 0x00000000acffe000-0x00000000acffefff]
[    0.012012]   node   0: [mem 0x0000000100000000-0x000000014effffff]
[    0.012342] Zeroed struct page in unavailable ranges: 24907 pages
[    0.012344] Initmem setup node 0 [mem 0x0000000000001000-0x000000014effffff]
[    0.012345] On node 0 totalpages: 1023669
[    0.012346]   DMA zone: 64 pages used for memmap
[    0.012347]   DMA zone: 21 pages reserved
[    0.012348]   DMA zone: 3996 pages, LIFO batch:0
[    0.012406]   DMA32 zone: 10877 pages used for memmap
[    0.012407]   DMA32 zone: 696089 pages, LIFO batch:63
[    0.024778]   Normal zone: 5056 pages used for memmap
[    0.024780]   Normal zone: 323584 pages, LIFO batch:63
[    0.029537] Reserving Intel graphics memory at [mem 0xae000000-0xafffffff]
[    0.029606] ACPI: PM-Timer IO Port: 0x1808
[    0.029608] ACPI: Local APIC address 0xfee00000
[    0.029616] ACPI: LAPIC_NMI (acpi_id[0x01] high edge lint[0x18])
[    0.029617] ACPI: NMI not connected to LINT 1!
[    0.029618] ACPI: LAPIC_NMI (acpi_id[0x02] dfl dfl lint[0xf7])
[    0.029618] ACPI: NMI not connected to LINT 1!
[    0.029619] ACPI: LAPIC_NMI (acpi_id[0x03] high res lint[0x0])
[    0.029619] ACPI: NMI not connected to LINT 1!
[    0.029620] ACPI: LAPIC_NMI (acpi_id[0x04] dfl res lint[0x0])
[    0.029621] ACPI: NMI not connected to LINT 1!
[    0.029632] IOAPIC[0]: apic_id 2, version 32, address 0xfec00000, GSI 0-39
[    0.029634] ACPI: INT_SRC_OVR (bus 0 bus_irq 0 global_irq 2 dfl dfl)
[    0.029635] ACPI: INT_SRC_OVR (bus 0 bus_irq 9 global_irq 9 high level)
[    0.029637] ACPI: IRQ0 used by override.
[    0.029638] ACPI: IRQ9 used by override.
[    0.029640] Using ACPI (MADT) for SMP configuration information
[    0.029642] ACPI: HPET id: 0x8086a701 base: 0xfed00000
[    0.029650] e820: update [mem 0xa8c91000-0xa8ca9fff] usable ==> reserved
[    0.029661] TSC deadline timer available
[    0.029662] smpboot: Allowing 4 CPUs, 0 hotplug CPUs
[    0.029687] PM: Registered nosave memory: [mem 0x00000000-0x00000fff]
[    0.029689] PM: Registered nosave memory: [mem 0x00058000-0x00058fff]
[    0.029691] PM: Registered nosave memory: [mem 0x0009e000-0x0009ffff]
[    0.029692] PM: Registered nosave memory: [mem 0x000a0000-0x000fffff]
[    0.029693] PM: Registered nosave memory: [mem 0xa5d30000-0xa5d30fff]
[    0.029695] PM: Registered nosave memory: [mem 0xa5d3d000-0xa5d3dfff]
[    0.029696] PM: Registered nosave memory: [mem 0xa5d3e000-0xa5d3efff]
[    0.029698] PM: Registered nosave memory: [mem 0xa5d4e000-0xa5d4efff]
[    0.029700] PM: Registered nosave memory: [mem 0xa6d9f000-0xa70fcfff]
[    0.029701] PM: Registered nosave memory: [mem 0xa8c91000-0xa8ca9fff]
[    0.029703] PM: Registered nosave memory: [mem 0xaaa57000-0xaaab6fff]
[    0.029705] PM: Registered nosave memory: [mem 0xab2d6000-0xac413fff]
[    0.029706] PM: Registered nosave memory: [mem 0xac414000-0xacffdfff]
[    0.029708] PM: Registered nosave memory: [mem 0xacfff000-0xad7fffff]
[    0.029709] PM: Registered nosave memory: [mem 0xad800000-0xafffffff]
[    0.029709] PM: Registered nosave memory: [mem 0xb0000000-0xf7ffffff]
[    0.029710] PM: Registered nosave memory: [mem 0xf8000000-0xfbffffff]
[    0.029710] PM: Registered nosave memory: [mem 0xfc000000-0xfebfffff]
[    0.029711] PM: Registered nosave memory: [mem 0xfec00000-0xfec00fff]
[    0.029712] PM: Registered nosave memory: [mem 0xfec01000-0xfecfffff]
[    0.029712] PM: Registered nosave memory: [mem 0xfed00000-0xfed03fff]
[    0.029713] PM: Registered nosave memory: [mem 0xfed04000-0xfed1bfff]
[    0.029713] PM: Registered nosave memory: [mem 0xfed1c000-0xfed1ffff]
[    0.029714] PM: Registered nosave memory: [mem 0xfed20000-0xfedfffff]
[    0.029715] PM: Registered nosave memory: [mem 0xfee00000-0xfee00fff]
[    0.029715] PM: Registered nosave memory: [mem 0xfee01000-0xfeffffff]
[    0.029716] PM: Registered nosave memory: [mem 0xff000000-0xffffffff]
[    0.029718] [mem 0xb0000000-0xf7ffffff] available for PCI devices
[    0.029719] Booting paravirtualized kernel on bare hardware
[    0.029722] clocksource: refined-jiffies: mask: 0xffffffff max_cycles: 0xffffffff, max_idle_ns: 7645519600211568 ns
[    0.029730] setup_percpu: NR_CPUS:8192 nr_cpumask_bits:4 nr_cpu_ids:4 nr_node_ids:1
[    0.030049] percpu: Embedded 55 pages/cpu s188416 r8192 d28672 u524288
[    0.030057] pcpu-alloc: s188416 r8192 d28672 u524288 alloc=1*2097152
[    0.030058] pcpu-alloc: [0] 0 1 2 3 
[    0.030091] Built 1 zonelists, mobility grouping on.  Total pages: 1007651
[    0.030092] Policy zone: Normal
[    0.030094] Kernel command line: BOOT_IMAGE=/boot/vmlinuz-5.4.0-80-generic root=UUID=92b70017-3730-42d9-882b-d95a5cb60770 ro quiet splash vt.handoff=1
[    0.030546] Dentry cache hash table entries: 524288 (order: 10, 4194304 bytes, linear)
[    0.030729] Inode-cache hash table entries: 262144 (order: 9, 2097152 bytes, linear)
[    0.030782] mem auto-init: stack:off, heap alloc:on, heap free:off
[    0.036726] Calgary: detecting Calgary via BIOS EBDA area
[    0.036728] Calgary: Unable to locate Rio Grande table in EBDA - bailing!
[    0.052529] Memory: 3809984K/4094676K available (14339K kernel code, 2381K rwdata, 4980K rodata, 2716K init, 5004K bss, 284692K reserved, 0K cma-reserved)
[    0.052539] random: get_random_u64 called from __kmem_cache_create+0x41/0x550 with crng_init=0
[    0.052698] SLUB: HWalign=64, Order=0-3, MinObjects=0, CPUs=4, Nodes=1
[    0.052715] Kernel/User page tables isolation: enabled
[    0.052731] ftrace: allocating 44306 entries in 174 pages
[    0.073608] rcu: Hierarchical RCU implementation.
[    0.073610] rcu: 	RCU restricting CPUs from NR_CPUS=8192 to nr_cpu_ids=4.
[    0.073611] 	Tasks RCU enabled.
[    0.073612] rcu: RCU calculated value of scheduler-enlistment delay is 25 jiffies.
[    0.073612] rcu: Adjusting geometry for rcu_fanout_leaf=16, nr_cpu_ids=4
[    0.076772] NR_IRQS: 524544, nr_irqs: 728, preallocated irqs: 16
[    0.077093] random: crng done (trusting CPU's manufacturer)
[    0.077114] vt handoff: transparent VT on vt#1
[    0.077121] Console: colour dummy device 80x25
[    0.077127] printk: console [tty0] enabled
[    0.077148] ACPI: Core revision 20190816
[    0.077350] clocksource: hpet: mask: 0xffffffff max_cycles: 0xffffffff, max_idle_ns: 133484882848 ns
[    0.077361] APIC: Switch to symmetric I/O mode setup
[    0.077364] DMAR: Host address width 39
[    0.077365] DMAR: DRHD base: 0x000000fed90000 flags: 0x0
[    0.077370] DMAR: dmar0: reg_base_addr fed90000 ver 1:0 cap 1c0000c40660462 ecap 7e1ff0505e
[    0.077371] DMAR: DRHD base: 0x000000fed91000 flags: 0x1
[    0.077374] DMAR: dmar1: reg_base_addr fed91000 ver 1:0 cap d2008c20660462 ecap f010da
[    0.077375] DMAR: RMRR base: 0x000000ace3f000 end: 0x000000ace4dfff
[    0.077376] DMAR: RMRR base: 0x000000ad800000 end: 0x000000afffffff
[    0.077378] DMAR-IR: IOAPIC id 2 under DRHD base  0xfed91000 IOMMU 1
[    0.077379] DMAR-IR: HPET id 0 under DRHD base 0xfed91000
[    0.077380] DMAR-IR: x2apic is disabled because BIOS sets x2apic opt out bit.
[    0.077380] DMAR-IR: Use 'intremap=no_x2apic_optout' to override the BIOS setting.
[    0.078081] DMAR-IR: Enabled IRQ remapping in xapic mode
[    0.078082] x2apic: IRQ remapping doesn't support X2APIC mode
[    0.078702] ..TIMER: vector=0x30 apic1=0 pin1=2 apic2=-1 pin2=-1
[    0.097364] clocksource: tsc-early: mask: 0xffffffffffffffff max_cycles: 0x1e39bc396cd, max_idle_ns: 440795254547 ns
[    0.097368] Calibrating delay loop (skipped), value calculated using timer frequency.. 4193.79 BogoMIPS (lpj=8387584)
[    0.097371] pid_max: default: 32768 minimum: 301
[    0.100539] LSM: Security Framework initializing
[    0.100551] Yama: becoming mindful.
[    0.100585] AppArmor: AppArmor initialized
[    0.100630] Mount-cache hash table entries: 8192 (order: 4, 65536 bytes, linear)
[    0.100643] Mountpoint-cache hash table entries: 8192 (order: 4, 65536 bytes, linear)
[    0.100661] *** VALIDATE tmpfs ***
[    0.100829] *** VALIDATE proc ***
[    0.100884] *** VALIDATE cgroup1 ***
[    0.100886] *** VALIDATE cgroup2 ***
[    0.100953] mce: CPU0: Thermal monitoring enabled (TM1)
[    0.100966] process: using mwait in idle threads
[    0.100968] Last level iTLB entries: 4KB 64, 2MB 8, 4MB 8
[    0.100969] Last level dTLB entries: 4KB 64, 2MB 0, 4MB 0, 1GB 4
[    0.100972] Spectre V1 : Mitigation: usercopy/swapgs barriers and __user pointer sanitization
[    0.100974] Spectre V2 : Mitigation: Full generic retpoline
[    0.100974] Spectre V2 : Spectre v2 / SpectreRSB mitigation: Filling RSB on context switch
[    0.100975] Spectre V2 : Enabling Restricted Speculation for firmware calls
[    0.100976] Spectre V2 : mitigation: Enabling conditional Indirect Branch Prediction Barrier
[    0.100977] Spectre V2 : User space: Mitigation: STIBP via seccomp and prctl
[    0.100978] Speculative Store Bypass: Mitigation: Speculative Store Bypass disabled via prctl and seccomp
[    0.100982] SRBDS: Mitigation: Microcode
[    0.100982] MDS: Mitigation: Clear CPU buffers
[    0.101260] Freeing SMP alternatives memory: 40K
[    0.104753] smpboot: CPU0: Intel(R) Core(TM) i3-5010U CPU @ 2.10GHz (family: 0x6, model: 0x3d, stepping: 0x4)
[    0.104904] Performance Events: PEBS fmt2+, Broadwell events, 16-deep LBR, full-width counters, Intel PMU driver.
[    0.104922] ... version:                3
[    0.104923] ... bit width:              48
[    0.104923] ... generic registers:      4
[    0.104924] ... value mask:             0000ffffffffffff
[    0.104925] ... max period:             00007fffffffffff
[    0.104925] ... fixed-purpose events:   3
[    0.104926] ... event mask:             000000070000000f
[    0.104968] rcu: Hierarchical SRCU implementation.
[    0.105366] NMI watchdog: Enabled. Permanently consumes one hw-PMU counter.
[    0.105366] smp: Bringing up secondary CPUs ...
[    0.105366] x86: Booting SMP configuration:
[    0.105366] .... node  #0, CPUs:      #1 #2
[    0.105873] MDS CPU bug present and SMT on, data leak possible. See https://www.kernel.org/doc/html/latest/admin-guide/hw-vuln/mds.html for more details.
[    0.105873]  #3
[    0.105966] smp: Brought up 1 node, 4 CPUs
[    0.105966] smpboot: Max logical packages: 1
[    0.105966] smpboot: Total of 4 processors activated (16775.16 BogoMIPS)
[    0.107038] devtmpfs: initialized
[    0.107038] x86/mm: Memory block size: 128MB
[    0.107038] PM: Registering ACPI NVS region [mem 0xab2d6000-0xac413fff] (18079744 bytes)
[    0.109518] clocksource: jiffies: mask: 0xffffffff max_cycles: 0xffffffff, max_idle_ns: 7645041785100000 ns
[    0.109518] futex hash table entries: 1024 (order: 4, 65536 bytes, linear)
[    0.109518] pinctrl core: initialized pinctrl subsystem
[    0.109537] PM: RTC time: 03:18:44, date: 2021-08-02
[    0.109664] NET: Registered protocol family 16
[    0.109765] audit: initializing netlink subsys (disabled)
[    0.109772] audit: type=2000 audit(1627874324.032:1): state=initialized audit_enabled=0 res=1
[    0.109772] EISA bus registered
[    0.109772] cpuidle: using governor ladder
[    0.109772] cpuidle: using governor menu
[    0.109772] Detected 1 PCC Subspaces
[    0.109772] Registering PCC driver as Mailbox controller
[    0.109772] ACPI FADT declares the system doesn't support PCIe ASPM, so disable it
[    0.109772] ACPI: bus type PCI registered
[    0.109772] acpiphp: ACPI Hot Plug PCI Controller Driver version: 0.5
[    0.109772] PCI: MMCONFIG for domain 0000 [bus 00-3f] at [mem 0xf8000000-0xfbffffff] (base 0xf8000000)
[    0.109772] PCI: MMCONFIG at [mem 0xf8000000-0xfbffffff] reserved in E820
[    0.109772] PCI: Using configuration type 1 for base access
[    0.109772] ENERGY_PERF_BIAS: Set to 'normal', was 'performance'
[    0.111056] HugeTLB registered 1.00 GiB page size, pre-allocated 0 pages
[    0.111056] HugeTLB registered 2.00 MiB page size, pre-allocated 0 pages
[    0.113429] ACPI: Added _OSI(Module Device)
[    0.113430] ACPI: Added _OSI(Processor Device)
[    0.113431] ACPI: Added _OSI(3.0 _SCP Extensions)
[    0.113432] ACPI: Added _OSI(Processor Aggregator Device)
[    0.113433] ACPI: Added _OSI(Linux-Dell-Video)
[    0.113434] ACPI: Added _OSI(Linux-Lenovo-NV-HDMI-Audio)
[    0.113435] ACPI: Added _OSI(Linux-HPI-Hybrid-Graphics)
[    0.153006] ACPI: 10 ACPI AML tables successfully acquired and loaded
[    0.154711] ACPI: EC: EC started
[    0.154711] ACPI: EC: interrupt blocked
[    0.156834] ACPI: \: Used as first EC
[    0.156836] ACPI: \: GPE=0xa, IRQ=-1, EC_CMD/EC_SC=0x66, EC_DATA=0x62
[    0.156836] ACPI: EC: Boot ECDT EC used to handle transactions
[    0.161845] ACPI: Dynamic OEM Table Load:
[    0.161852] ACPI: SSDT 0xFFFF9914894B0C00 0003D3 (v02 PmRef  Cpu0Cst  00003001 INTL 20120913)
[    0.163825] ACPI: Dynamic OEM Table Load:
[    0.163830] ACPI: SSDT 0xFFFF9914896BA000 0005AA (v02 PmRef  ApIst    00003000 INTL 20120913)
[    0.166286] ACPI: Dynamic OEM Table Load:
[    0.166290] ACPI: SSDT 0xFFFF9914896A4A00 000119 (v02 PmRef  ApCst    00003000 INTL 20120913)
[    0.169285] ACPI: Interpreter enabled
[    0.169322] ACPI: (supports S0 S3 S4 S5)
[    0.169323] ACPI: Using IOAPIC for interrupt routing
[    0.169365] PCI: Using host bridge windows from ACPI; if necessary, use "pci=nocrs" and report a bug
[    0.170180] ACPI: Enabled 8 GPEs in block 00 to 7F
[    0.174472] ACPI: Power Resource [PG00] (on)
[    0.175068] ACPI: Power Resource [PG01] (on)
[    0.175662] ACPI: Power Resource [PG02] (on)
[    0.190900] ACPI: PCI Root Bridge [PCI0] (domain 0000 [bus 00-3e])
[    0.190908] acpi PNP0A08:00: _OSC: OS supports [ExtendedConfig ASPM ClockPM Segments MSI HPX-Type3]
[    0.191897] acpi PNP0A08:00: _OSC: OS now controls [PCIeHotplug SHPCHotplug PME AER PCIeCapability LTR]
[    0.191898] acpi PNP0A08:00: FADT indicates ASPM is unsupported, using BIOS configuration
[    0.192574] PCI host bridge to bus 0000:00
[    0.192577] pci_bus 0000:00: root bus resource [io  0x0000-0x0cf7 window]
[    0.192578] pci_bus 0000:00: root bus resource [io  0x0d00-0xffff window]
[    0.192579] pci_bus 0000:00: root bus resource [mem 0x000a0000-0x000bffff window]
[    0.192580] pci_bus 0000:00: root bus resource [mem 0x000c0000-0x000c3fff window]
[    0.192581] pci_bus 0000:00: root bus resource [mem 0x000c4000-0x000c7fff window]
[    0.192582] pci_bus 0000:00: root bus resource [mem 0x000c8000-0x000cbfff window]
[    0.192583] pci_bus 0000:00: root bus resource [mem 0x000cc000-0x000cffff window]
[    0.192584] pci_bus 0000:00: root bus resource [mem 0x000d0000-0x000d3fff window]
[    0.192585] pci_bus 0000:00: root bus resource [mem 0x000d4000-0x000d7fff window]
[    0.192586] pci_bus 0000:00: root bus resource [mem 0x000d8000-0x000dbfff window]
[    0.192587] pci_bus 0000:00: root bus resource [mem 0x000dc000-0x000dffff window]
[    0.192588] pci_bus 0000:00: root bus resource [mem 0x000e0000-0x000e3fff window]
[    0.192589] pci_bus 0000:00: root bus resource [mem 0x000e4000-0x000e7fff window]
[    0.192590] pci_bus 0000:00: root bus resource [mem 0x000e8000-0x000ebfff window]
[    0.192591] pci_bus 0000:00: root bus resource [mem 0x000ec000-0x000effff window]
[    0.192592] pci_bus 0000:00: root bus resource [mem 0xb0000000-0xfeafffff window]
[    0.192594] pci_bus 0000:00: root bus resource [bus 00-3e]
[    0.192605] pci 0000:00:00.0: [8086:1604] type 00 class 0x060000
[    0.192748] pci 0000:00:02.0: [8086:1616] type 00 class 0x030000
[    0.192760] pci 0000:00:02.0: reg 0x10: [mem 0xb1000000-0xb1ffffff 64bit]
[    0.192766] pci 0000:00:02.0: reg 0x18: [mem 0xc0000000-0xcfffffff 64bit pref]
[    0.192771] pci 0000:00:02.0: reg 0x20: [io  0x4000-0x403f]
[    0.192786] pci 0000:00:02.0: BAR 2: assigned to efifb
[    0.192787] pci 0000:00:02.0: DMAR: Disabling IOMMU for graphics on this chipset
[    0.192947] pci 0000:00:03.0: [8086:160c] type 00 class 0x040300
[    0.192958] pci 0000:00:03.0: reg 0x10: [mem 0xb221c000-0xb221ffff 64bit]
[    0.193114] pci 0000:00:04.0: [8086:1603] type 00 class 0x118000
[    0.193127] pci 0000:00:04.0: reg 0x10: [mem 0xb2210000-0xb2217fff 64bit]
[    0.193301] pci 0000:00:14.0: [8086:9cb1] type 00 class 0x0c0330
[    0.193319] pci 0000:00:14.0: reg 0x10: [mem 0xb2200000-0xb220ffff 64bit]
[    0.193379] pci 0000:00:14.0: PME# supported from D3hot D3cold
[    0.193506] pci 0000:00:16.0: [8086:9cba] type 00 class 0x078000
[    0.193525] pci 0000:00:16.0: reg 0x10: [mem 0xb2224000-0xb222401f 64bit]
[    0.193586] pci 0000:00:16.0: PME# supported from D0 D3hot D3cold
[    0.193745] pci 0000:00:1b.0: [8086:9ca0] type 00 class 0x040300
[    0.193764] pci 0000:00:1b.0: reg 0x10: [mem 0xb2218000-0xb221bfff 64bit]
[    0.193823] pci 0000:00:1b.0: PME# supported from D0 D3hot D3cold
[    0.193970] pci 0000:00:1c.0: [8086:9c90] type 01 class 0x060400
[    0.194047] pci 0000:00:1c.0: PME# supported from D0 D3hot D3cold
[    0.194247] pci 0000:00:1c.2: [8086:9c94] type 01 class 0x060400
[    0.194328] pci 0000:00:1c.2: PME# supported from D0 D3hot D3cold
[    0.194521] pci 0000:00:1c.3: [8086:9c96] type 01 class 0x060400
[    0.194601] pci 0000:00:1c.3: PME# supported from D0 D3hot D3cold
[    0.194804] pci 0000:00:1f.0: [8086:9cc3] type 00 class 0x060100
[    0.195044] pci 0000:00:1f.2: [8086:9c83] type 00 class 0x010601
[    0.195059] pci 0000:00:1f.2: reg 0x10: [io  0x40b0-0x40b7]
[    0.195066] pci 0000:00:1f.2: reg 0x14: [io  0x40a0-0x40a3]
[    0.195072] pci 0000:00:1f.2: reg 0x18: [io  0x4090-0x4097]
[    0.195078] pci 0000:00:1f.2: reg 0x1c: [io  0x4080-0x4083]
[    0.195084] pci 0000:00:1f.2: reg 0x20: [io  0x4060-0x407f]
[    0.195091] pci 0000:00:1f.2: reg 0x24: [mem 0xb2222000-0xb22227ff]
[    0.195127] pci 0000:00:1f.2: PME# supported from D3hot
[    0.195248] pci 0000:00:1f.3: [8086:9ca2] type 00 class 0x0c0500
[    0.195265] pci 0000:00:1f.3: reg 0x10: [mem 0xb2221000-0xb22210ff 64bit]
[    0.195283] pci 0000:00:1f.3: reg 0x20: [io  0x4040-0x405f]
[    0.195429] pci 0000:00:1f.6: [8086:9ca4] type 00 class 0x118000
[    0.195462] pci 0000:00:1f.6: reg 0x10: [mem 0xb2220000-0xb2220fff 64bit]
[    0.195782] acpiphp: Slot [1] registered
[    0.195787] pci 0000:00:1c.0: PCI bridge to [bus 01]
[    0.195870] pci 0000:02:00.0: [10ec:8168] type 00 class 0x020000
[    0.195900] pci 0000:02:00.0: reg 0x10: [io  0x3000-0x30ff]
[    0.195927] pci 0000:02:00.0: reg 0x18: [mem 0xb2104000-0xb2104fff 64bit]
[    0.195944] pci 0000:02:00.0: reg 0x20: [mem 0xb2100000-0xb2103fff 64bit]
[    0.196051] pci 0000:02:00.0: supports D1 D2
[    0.196052] pci 0000:02:00.0: PME# supported from D0 D1 D2 D3hot D3cold
[    0.196230] pci 0000:00:1c.2: PCI bridge to [bus 02]
[    0.196233] pci 0000:00:1c.2:   bridge window [io  0x3000-0x3fff]
[    0.196235] pci 0000:00:1c.2:   bridge window [mem 0xb2100000-0xb21fffff]
[    0.196327] pci 0000:03:00.0: [168c:0036] type 00 class 0x028000
[    0.196382] pci 0000:03:00.0: reg 0x10: [mem 0xb2000000-0xb207ffff 64bit]
[    0.196462] pci 0000:03:00.0: reg 0x30: [mem 0xb2080000-0xb208ffff pref]
[    0.196590] pci 0000:03:00.0: supports D1 D2
[    0.196591] pci 0000:03:00.0: PME# supported from D0 D1 D2 D3hot D3cold
[    0.196784] pci 0000:00:1c.3: PCI bridge to [bus 03]
[    0.196788] pci 0000:00:1c.3:   bridge window [mem 0xb2000000-0xb20fffff]
[    0.198336] ACPI: PCI Interrupt Link [LNKA] (IRQs 3 4 5 6 10 11 12 14 15) *0, disabled.
[    0.198414] ACPI: PCI Interrupt Link [LNKB] (IRQs 3 4 5 6 10 11 12 14 15) *0, disabled.
[    0.198489] ACPI: PCI Interrupt Link [LNKC] (IRQs 3 4 5 6 10 11 12 14 15) *0, disabled.
[    0.198564] ACPI: PCI Interrupt Link [LNKD] (IRQs 3 4 5 6 10 11 12 14 15) *0, disabled.
[    0.198638] ACPI: PCI Interrupt Link [LNKE] (IRQs 3 4 5 6 10 11 12 14 15) *0, disabled.
[    0.198713] ACPI: PCI Interrupt Link [LNKF] (IRQs 3 4 5 6 10 11 12 14 15) *0, disabled.
[    0.198787] ACPI: PCI Interrupt Link [LNKG] (IRQs 3 4 5 6 10 11 12 14 15) *0, disabled.
[    0.198861] ACPI: PCI Interrupt Link [LNKH] (IRQs 3 4 5 6 10 11 12 14 15) *0, disabled.
[    0.199655] ACPI: EC: interrupt unblocked
[    0.199656] ACPI: EC: event unblocked
[    0.199663] ACPI: \_SB_.PCI0.LPCB.EC0_: GPE=0xa, IRQ=-1, EC_CMD/EC_SC=0x66, EC_DATA=0x62
[    0.199664] ACPI: \_SB_.PCI0.LPCB.EC0_: Boot DSDT EC used to handle transactions and events
[    0.199759] iommu: Default domain type: Translated 
[    0.199759] SCSI subsystem initialized
[    0.199759] libata version 3.00 loaded.
[    0.199759] pci 0000:00:02.0: vgaarb: setting as boot VGA device
[    0.199759] pci 0000:00:02.0: vgaarb: VGA device added: decodes=io+mem,owns=io+mem,locks=none
[    0.199759] pci 0000:00:02.0: vgaarb: bridge control possible
[    0.199759] vgaarb: loaded
[    0.199759] ACPI: bus type USB registered
[    0.199759] usbcore: registered new interface driver usbfs
[    0.199759] usbcore: registered new interface driver hub
[    0.199759] usbcore: registered new device driver usb
[    0.199759] pps_core: LinuxPPS API ver. 1 registered
[    0.199759] pps_core: Software ver. 5.3.6 - Copyright 2005-2007 Rodolfo Giometti <giometti@linux.it>
[    0.199759] PTP clock support registered
[    0.199759] EDAC MC: Ver: 3.0.0
[    0.199759] Registered efivars operations
[    0.199759] PCI: Using ACPI for IRQ routing
[    0.201500] PCI: pci_cache_line_size set to 64 bytes
[    0.201547] e820: reserve RAM buffer [mem 0x00058000-0x0005ffff]
[    0.201548] e820: reserve RAM buffer [mem 0x0009e000-0x0009ffff]
[    0.201549] e820: reserve RAM buffer [mem 0xa5d30018-0xa7ffffff]
[    0.201550] e820: reserve RAM buffer [mem 0xa5d3e018-0xa7ffffff]
[    0.201551] e820: reserve RAM buffer [mem 0xa6d9f000-0xa7ffffff]
[    0.201552] e820: reserve RAM buffer [mem 0xa8c91000-0xabffffff]
[    0.201553] e820: reserve RAM buffer [mem 0xaaa57000-0xabffffff]
[    0.201554] e820: reserve RAM buffer [mem 0xab2d6000-0xabffffff]
[    0.201555] e820: reserve RAM buffer [mem 0xacfff000-0xafffffff]
[    0.201556] e820: reserve RAM buffer [mem 0x14f000000-0x14fffffff]
[    0.201670] NetLabel: Initializing
[    0.201671] NetLabel:  domain hash size = 128
[    0.201671] NetLabel:  protocols = UNLABELED CIPSOv4 CALIPSO
[    0.201687] NetLabel:  unlabeled traffic allowed by default
[    0.202271] hpet0: at MMIO 0xfed00000, IRQs 2, 8, 0, 0, 0, 0, 0, 0
[    0.202276] hpet0: 8 comparators, 64-bit 14.318180 MHz counter
[    0.204303] clocksource: Switched to clocksource tsc-early
[    0.215432] *** VALIDATE bpf ***
[    0.215505] VFS: Disk quotas dquot_6.6.0
[    0.215522] VFS: Dquot-cache hash table entries: 512 (order 0, 4096 bytes)
[    0.215553] *** VALIDATE ramfs ***
[    0.215556] *** VALIDATE hugetlbfs ***
[    0.215648] AppArmor: AppArmor Filesystem Enabled
[    0.215679] pnp: PnP ACPI init
[    0.215957] system 00:00: [io  0x0240-0x0259] has been reserved
[    0.215963] system 00:00: Plug and Play ACPI device, IDs PNP0c02 (active)
[    0.216075] pnp 00:01: Plug and Play ACPI device, IDs ETD0108 SYN0a00 SYN0002 PNP0f03 PNP0f13 PNP0f12 (active)
[    0.216126] pnp 00:02: Plug and Play ACPI device, IDs ATK3001 PNP030b (active)
[    0.216249] system 00:03: [io  0x0680-0x069f] has been reserved
[    0.216251] system 00:03: [io  0xffff] has been reserved
[    0.216252] system 00:03: [io  0xffff] has been reserved
[    0.216253] system 00:03: [io  0xffff] has been reserved
[    0.216255] system 00:03: [io  0x1800-0x18fe] has been reserved
[    0.216256] system 00:03: [io  0x164e-0x164f] has been reserved
[    0.216259] system 00:03: Plug and Play ACPI device, IDs PNP0c02 (active)
[    0.216320] pnp 00:04: Plug and Play ACPI device, IDs PNP0b00 (active)
[    0.216366] system 00:05: [io  0x1854-0x1857] has been reserved
[    0.216370] system 00:05: Plug and Play ACPI device, IDs INT3f0d PNP0c02 (active)
[    0.216620] system 00:06: [mem 0xfed1c000-0xfed1ffff] has been reserved
[    0.216621] system 00:06: [mem 0xfed10000-0xfed17fff] has been reserved
[    0.216623] system 00:06: [mem 0xfed18000-0xfed18fff] has been reserved
[    0.216624] system 00:06: [mem 0xfed19000-0xfed19fff] has been reserved
[    0.216626] system 00:06: [mem 0xf8000000-0xfbffffff] has been reserved
[    0.216627] system 00:06: [mem 0xfed20000-0xfed3ffff] has been reserved
[    0.216629] system 00:06: [mem 0xfed90000-0xfed93fff] could not be reserved
[    0.216630] system 00:06: [mem 0xfed45000-0xfed8ffff] could not be reserved
[    0.216632] system 00:06: [mem 0xff000000-0xffffffff] has been reserved
[    0.216633] system 00:06: [mem 0xfee00000-0xfeefffff] could not be reserved
[    0.216635] system 00:06: [mem 0xb0010000-0xb001ffff] has been reserved
[    0.216636] system 00:06: [mem 0xb0000000-0xb000ffff] has been reserved
[    0.216640] system 00:06: Plug and Play ACPI device, IDs PNP0c02 (active)
[    0.217277] system 00:07: Plug and Play ACPI device, IDs PNP0c02 (active)
[    0.218223] pnp: PnP ACPI: found 8 devices
[    0.219571] thermal_sys: Registered thermal governor 'fair_share'
[    0.219571] thermal_sys: Registered thermal governor 'bang_bang'
[    0.219572] thermal_sys: Registered thermal governor 'step_wise'
[    0.219573] thermal_sys: Registered thermal governor 'user_space'
[    0.219574] thermal_sys: Registered thermal governor 'power_allocator'
[    0.224065] clocksource: acpi_pm: mask: 0xffffff max_cycles: 0xffffff, max_idle_ns: 2085701024 ns
[    0.224102] pci 0000:00:1c.0: PCI bridge to [bus 01]
[    0.224112] pci 0000:00:1c.2: PCI bridge to [bus 02]
[    0.224114] pci 0000:00:1c.2:   bridge window [io  0x3000-0x3fff]
[    0.224118] pci 0000:00:1c.2:   bridge window [mem 0xb2100000-0xb21fffff]
[    0.224124] pci 0000:00:1c.3: PCI bridge to [bus 03]
[    0.224128] pci 0000:00:1c.3:   bridge window [mem 0xb2000000-0xb20fffff]
[    0.224135] pci_bus 0000:00: resource 4 [io  0x0000-0x0cf7 window]
[    0.224137] pci_bus 0000:00: resource 5 [io  0x0d00-0xffff window]
[    0.224138] pci_bus 0000:00: resource 6 [mem 0x000a0000-0x000bffff window]
[    0.224139] pci_bus 0000:00: resource 7 [mem 0x000c0000-0x000c3fff window]
[    0.224140] pci_bus 0000:00: resource 8 [mem 0x000c4000-0x000c7fff window]
[    0.224141] pci_bus 0000:00: resource 9 [mem 0x000c8000-0x000cbfff window]
[    0.224142] pci_bus 0000:00: resource 10 [mem 0x000cc000-0x000cffff window]
[    0.224143] pci_bus 0000:00: resource 11 [mem 0x000d0000-0x000d3fff window]
[    0.224144] pci_bus 0000:00: resource 12 [mem 0x000d4000-0x000d7fff window]
[    0.224145] pci_bus 0000:00: resource 13 [mem 0x000d8000-0x000dbfff window]
[    0.224147] pci_bus 0000:00: resource 14 [mem 0x000dc000-0x000dffff window]
[    0.224148] pci_bus 0000:00: resource 15 [mem 0x000e0000-0x000e3fff window]
[    0.224149] pci_bus 0000:00: resource 16 [mem 0x000e4000-0x000e7fff window]
[    0.224150] pci_bus 0000:00: resource 17 [mem 0x000e8000-0x000ebfff window]
[    0.224151] pci_bus 0000:00: resource 18 [mem 0x000ec000-0x000effff window]
[    0.224152] pci_bus 0000:00: resource 19 [mem 0xb0000000-0xfeafffff window]
[    0.224153] pci_bus 0000:02: resource 0 [io  0x3000-0x3fff]
[    0.224154] pci_bus 0000:02: resource 1 [mem 0xb2100000-0xb21fffff]
[    0.224155] pci_bus 0000:03: resource 1 [mem 0xb2000000-0xb20fffff]
[    0.224335] NET: Registered protocol family 2
[    0.224413] IP idents hash table entries: 65536 (order: 7, 524288 bytes, linear)
[    0.225087] tcp_listen_portaddr_hash hash table entries: 2048 (order: 3, 32768 bytes, linear)
[    0.225121] TCP established hash table entries: 32768 (order: 6, 262144 bytes, linear)
[    0.225211] TCP bind hash table entries: 32768 (order: 7, 524288 bytes, linear)
[    0.225258] TCP: Hash tables configured (established 32768 bind 32768)
[    0.225294] UDP hash table entries: 2048 (order: 4, 65536 bytes, linear)
[    0.225310] UDP-Lite hash table entries: 2048 (order: 4, 65536 bytes, linear)
[    0.225360] NET: Registered protocol family 1
[    0.225365] NET: Registered protocol family 44
[    0.225387] pci 0000:00:02.0: Video device with shadowed ROM at [mem 0x000c0000-0x000dffff]
[    0.225692] PCI: CLS 64 bytes, default 64
[    0.225741] Trying to unpack rootfs image as initramfs...
[    0.907407] Freeing initrd memory: 42264K
[    0.917396] PCI-DMA: Using software bounce buffering for IO (SWIOTLB)
[    0.917398] software IO TLB: mapped [mem 0xa1d30000-0xa5d30000] (64MB)
[    0.917608] check: Scanning for low memory corruption every 60 seconds
[    0.918041] Initialise system trusted keyrings
[    0.918050] Key type blacklist registered
[    0.918081] workingset: timestamp_bits=36 max_order=20 bucket_order=0
[    0.919553] zbud: loaded
[    0.919951] squashfs: version 4.0 (2009/01/31) Phillip Lougher
[    0.920123] fuse: init (API version 7.31)
[    0.920139] *** VALIDATE fuse ***
[    0.920140] *** VALIDATE fuse ***
[    0.920243] Platform Keyring initialized
[    0.924897] Key type asymmetric registered
[    0.924898] Asymmetric key parser 'x509' registered
[    0.924908] Block layer SCSI generic (bsg) driver version 0.4 loaded (major 244)
[    0.924937] io scheduler mq-deadline registered
[    0.925291] pcieport 0000:00:1c.0: PME: Signaling with IRQ 42
[    0.925524] pcieport 0000:00:1c.2: PME: Signaling with IRQ 43
[    0.925720] pcieport 0000:00:1c.3: PME: Signaling with IRQ 44
[    0.925782] shpchp: Standard Hot Plug PCI Controller Driver version: 0.4
[    0.925839] efifb: probing for efifb
[    0.925856] efifb: showing boot graphics
[    0.926398] efifb: framebuffer at 0xc0000000, using 4128k, total 4128k
[    0.926399] efifb: mode is 1366x768x32, linelength=5504, pages=1
[    0.926399] efifb: scrolling: redraw
[    0.926401] efifb: Truecolor: size=8:8:8:8, shift=24:16:8:0
[    0.926447] fbcon: Deferring console take-over
[    0.926448] fb0: EFI VGA frame buffer device
[    0.926455] intel_idle: MWAIT substates: 0x11142120
[    0.926456] intel_idle: v0.4.1 model 0x3D
[    0.926695] intel_idle: lapic_timer_reliable_states 0xffffffff
[    0.926938] ACPI: AC Adapter [AC0] (off-line)
[    0.927024] input: Lid Switch as /devices/LNXSYSTM:00/LNXSYBUS:00/PNP0C0D:00/input/input0
[    0.927041] ACPI: Lid Switch [LID]
[    0.927070] input: Sleep Button as /devices/LNXSYSTM:00/LNXSYBUS:00/PNP0C0E:00/input/input1
[    0.927108] ACPI: Sleep Button [SLPB]
[    0.927142] input: Power Button as /devices/LNXSYSTM:00/LNXPWRBN:00/input/input2
[    0.927166] ACPI: Power Button [PWRF]
[    0.928508] thermal LNXTHERM:00: registered as thermal_zone0
[    0.928509] ACPI: Thermal Zone [THRM] (28 C)
[    0.928721] Serial: 8250/16550 driver, 32 ports, IRQ sharing enabled
[    0.932294] Linux agpgart interface v0.103
[    0.938183] battery: ACPI: Battery Slot [BAT0] (battery present)
[    0.955630] loop: module loaded
[    0.955863] libphy: Fixed MDIO Bus: probed
[    0.955864] tun: Universal TUN/TAP device driver, 1.6
[    0.955906] PPP generic driver version 2.4.2
[    0.955975] VFIO - User Level meta-driver version: 0.3
[    0.956070] ehci_hcd: USB 2.0 'Enhanced' Host Controller (EHCI) Driver
[    0.956073] ehci-pci: EHCI PCI platform driver
[    0.956086] ehci-platform: EHCI generic platform driver
[    0.956098] ohci_hcd: USB 1.1 'Open' Host Controller (OHCI) Driver
[    0.956099] ohci-pci: OHCI PCI platform driver
[    0.956110] ohci-platform: OHCI generic platform driver
[    0.956117] uhci_hcd: USB Universal Host Controller Interface driver
[    0.956332] xhci_hcd 0000:00:14.0: xHCI Host Controller
[    0.956338] xhci_hcd 0000:00:14.0: new USB bus registered, assigned bus number 1
[    0.957398] xhci_hcd 0000:00:14.0: hcc params 0x200077c1 hci version 0x100 quirks 0x000000000004b810
[    0.957402] xhci_hcd 0000:00:14.0: cache line size of 64 is not supported
[    0.957550] usb usb1: New USB device found, idVendor=1d6b, idProduct=0002, bcdDevice= 5.04
[    0.957551] usb usb1: New USB device strings: Mfr=3, Product=2, SerialNumber=1
[    0.957553] usb usb1: Product: xHCI Host Controller
[    0.957554] usb usb1: Manufacturer: Linux 5.4.0-80-generic xhci-hcd
[    0.957555] usb usb1: SerialNumber: 0000:00:14.0
[    0.957665] hub 1-0:1.0: USB hub found
[    0.957677] hub 1-0:1.0: 11 ports detected
[    0.961596] xhci_hcd 0000:00:14.0: xHCI Host Controller
[    0.961600] xhci_hcd 0000:00:14.0: new USB bus registered, assigned bus number 2
[    0.961602] xhci_hcd 0000:00:14.0: Host supports USB 3.0 SuperSpeed
[    0.961634] usb usb2: New USB device found, idVendor=1d6b, idProduct=0003, bcdDevice= 5.04
[    0.961635] usb usb2: New USB device strings: Mfr=3, Product=2, SerialNumber=1
[    0.961637] usb usb2: Product: xHCI Host Controller
[    0.961638] usb usb2: Manufacturer: Linux 5.4.0-80-generic xhci-hcd
[    0.961639] usb usb2: SerialNumber: 0000:00:14.0
[    0.961750] hub 2-0:1.0: USB hub found
[    0.961757] hub 2-0:1.0: 4 ports detected
[    0.963558] i8042: PNP: PS/2 Controller [PNP030b:PS2K,PNP0f03:PS2M] at 0x60,0x64 irq 1,12
[    0.966069] i8042: Detected active multiplexing controller, rev 1.1
[    0.967312] serio: i8042 KBD port at 0x60,0x64 irq 1
[    0.967315] serio: i8042 AUX0 port at 0x60,0x64 irq 12
[    0.967340] serio: i8042 AUX1 port at 0x60,0x64 irq 12
[    0.967359] serio: i8042 AUX2 port at 0x60,0x64 irq 12
[    0.967377] serio: i8042 AUX3 port at 0x60,0x64 irq 12
[    0.967517] mousedev: PS/2 mouse device common for all mice
[    0.967740] rtc_cmos 00:04: RTC can wake from S4
[    0.967941] rtc_cmos 00:04: registered as rtc0
[    0.967956] rtc_cmos 00:04: alarms up to one month, y3k, 242 bytes nvram, hpet irqs
[    0.967962] i2c /dev entries driver
[    0.968007] device-mapper: uevent: version 1.0.3
[    0.968071] device-mapper: ioctl: 4.41.0-ioctl (2019-09-16) initialised: dm-devel@redhat.com
[    0.968093] platform eisa.0: Probing EISA bus 0
[    0.968095] platform eisa.0: EISA: Cannot allocate resource for mainboard
[    0.968096] platform eisa.0: Cannot allocate resource for EISA slot 1
[    0.968097] platform eisa.0: Cannot allocate resource for EISA slot 2
[    0.968098] platform eisa.0: Cannot allocate resource for EISA slot 3
[    0.968099] platform eisa.0: Cannot allocate resource for EISA slot 4
[    0.968100] platform eisa.0: Cannot allocate resource for EISA slot 5
[    0.968101] platform eisa.0: Cannot allocate resource for EISA slot 6
[    0.968102] platform eisa.0: Cannot allocate resource for EISA slot 7
[    0.968103] platform eisa.0: Cannot allocate resource for EISA slot 8
[    0.968104] platform eisa.0: EISA: Detected 0 cards
[    0.968111] intel_pstate: Intel P-state driver initializing
[    0.968292] ledtrig-cpu: registered to indicate activity on CPUs
[    0.968296] EFI Variables Facility v0.08 2004-May-17
[    0.970903] drop_monitor: Initializing network drop monitor service
[    0.971104] NET: Registered protocol family 10
[    0.975719] Segment Routing with IPv6
[    0.975744] NET: Registered protocol family 17
[    0.975780] Key type dns_resolver registered
[    0.976034] RAS: Correctable Errors collector initialized.
[    0.976067] microcode: sig=0x306d4, pf=0x40, revision=0x2f
[    0.976117] microcode: Microcode Update Driver: v2.2.
[    0.976122] IPI shorthand broadcast: enabled
[    0.976130] sched_clock: Marking stable (975707941, 404430)->(983087184, -6974813)
[    0.976220] registered taskstats version 1
[    0.976230] Loading compiled-in X.509 certificates
[    0.977171] Loaded X.509 cert 'Build time autogenerated kernel key: 494cccb60fbf2c15fc92212fb98d8aa78b8f99b3'
[    0.978036] Loaded X.509 cert 'Canonical Ltd. Live Patch Signing: 14df34d1a87cf37625abec039ef2bf521249b969'
[    0.978883] Loaded X.509 cert 'Canonical Ltd. Kernel Module Signing: 88f752e560a1e0737e31163a466ad7b70a850c19'
[    0.978919] zswap: loaded using pool lzo/zbud
[    0.979015] Key type ._fscrypt registered
[    0.979016] Key type .fscrypt registered
[    0.983565] Key type big_key registered
[    0.983571] Key type trusted registered
[    0.985624] Key type encrypted registered
[    0.985628] AppArmor: AppArmor sha1 policy hashing enabled
[    0.986407] ima: Allocated hash algorithm: sha1
[    1.006957] input: AT Translated Set 2 keyboard as /devices/platform/i8042/serio0/input/input3
[    1.021435] ima: No architecture policies found
[    1.021450] evm: Initialising EVM extended attributes:
[    1.021451] evm: security.selinux
[    1.021452] evm: security.SMACK64
[    1.021452] evm: security.SMACK64EXEC
[    1.021453] evm: security.SMACK64TRANSMUTE
[    1.021453] evm: security.SMACK64MMAP
[    1.021454] evm: security.apparmor
[    1.021454] evm: security.ima
[    1.021455] evm: security.capability
[    1.021456] evm: HMAC attrs: 0x1
[    1.022291] PM:   Magic number: 1:747:309
[    1.022321] power_supply AC0: hash matches
[    1.022330] tty tty38: hash matches
[    1.022425] rtc_cmos 00:04: setting system clock to 2021-08-02T03:18:44 UTC (1627874324)
[    1.023824] Freeing unused decrypted memory: 2040K
[    1.024384] Freeing unused kernel image memory: 2716K
[    1.037430] Write protecting the kernel read-only data: 22528k
[    1.037966] Freeing unused kernel image memory: 2008K
[    1.038211] Freeing unused kernel image memory: 1164K
[    1.050331] x86/mm: Checked W+X mappings: passed, no W+X pages found.
[    1.050333] x86/mm: Checking user space page tables
[    1.062629] x86/mm: Checked W+X mappings: passed, no W+X pages found.
[    1.062632] Run /init as init process
[    1.217397] usb 1-1: new low-speed USB device number 2 using xhci_hcd
[    1.225081] ahci 0000:00:1f.2: version 3.0
[    1.225876] r8169 0000:02:00.0: can't disable ASPM; OS doesn't have ASPM control
[    1.236087] ahci 0000:00:1f.2: AHCI 0001.0300 32 slots 4 ports 6 Gbps 0x3 impl SATA mode
[    1.236091] ahci 0000:00:1f.2: flags: 64bit ncq pm led clo only pio slum part deso sadm sds apst 
[    1.237467] scsi host0: ahci
[    1.240284] scsi host1: ahci
[    1.240331] libphy: r8169: probed
[    1.240540] r8169 0000:02:00.0 eth0: RTL8168gu/8111gu, 2c:56:dc:0a:44:51, XID 509, IRQ 47
[    1.240542] r8169 0000:02:00.0 eth0: jumbo features [frames: 9200 bytes, tx checksumming: ko]
[    1.242092] scsi host2: ahci
[    1.242275] scsi host3: ahci
[    1.242343] ata1: SATA max UDMA/133 abar m2048@0xb2222000 port 0xb2222100 irq 46
[    1.242344] ata2: SATA max UDMA/133 abar m2048@0xb2222000 port 0xb2222180 irq 46
[    1.242345] ata3: DUMMY
[    1.242346] ata4: DUMMY
[    1.254321] r8169 0000:02:00.0 enp2s0: renamed from eth0
[    1.374798] usb 1-1: New USB device found, idVendor=1c4f, idProduct=0034, bcdDevice= 1.10
[    1.374800] usb 1-1: New USB device strings: Mfr=1, Product=2, SerialNumber=0
[    1.374801] usb 1-1: Product: Usb Mouse
[    1.374802] usb 1-1: Manufacturer: SIGMACHIP
[    1.501434] usb 1-5: new high-speed USB device number 3 using xhci_hcd
[    1.556521] ata1: SATA link up 6.0 Gbps (SStatus 133 SControl 300)
[    1.556536] ata2: SATA link up 1.5 Gbps (SStatus 113 SControl 300)
[    1.559789] ata2.00: ATAPI: MATSHITA DVD-RAM UJ8HC, 1.00, max UDMA/100
[    1.562635] ata1.00: LPM support broken, forcing max_power
[    1.562900] ata1.00: ATA-8: ST1000LM024 HN-M101MBB, 2BA30001, max UDMA/133
[    1.562912] ata1.00: 1953525168 sectors, multi 16: LBA48 NCQ (depth 32)
[    1.566890] ata2.00: configured for UDMA/100
[    1.569105] ata1.00: LPM support broken, forcing max_power
[    1.569377] ata1.00: configured for UDMA/133
[    1.579773] scsi 0:0:0:0: Direct-Access     ATA      ST1000LM024 HN-M 0001 PQ: 0 ANSI: 5
[    1.580152] sd 0:0:0:0: Attached scsi generic sg0 type 0
[    1.580304] sd 0:0:0:0: [sda] 1953525168 512-byte logical blocks: (1.00 TB/932 GiB)
[    1.580308] sd 0:0:0:0: [sda] 4096-byte physical blocks
[    1.580352] sd 0:0:0:0: [sda] Write Protect is off
[    1.580354] sd 0:0:0:0: [sda] Mode Sense: 00 3a 00 00
[    1.580387] sd 0:0:0:0: [sda] Write cache: enabled, read cache: enabled, doesn't support DPO or FUA
[    1.582239] scsi 1:0:0:0: CD-ROM            MATSHITA DVD-RAM UJ8HC    1.00 PQ: 0 ANSI: 5
[    1.652839] sr 1:0:0:0: [sr0] scsi3-mmc drive: 24x/24x writer dvd-ram cd/rw xa/form2 cdda tray
[    1.652842] cdrom: Uniform CD-ROM driver Revision: 3.20
[    1.657361]  sda: sda1 sda2
[    1.657937] sd 0:0:0:0: [sda] Attached SCSI disk
[    1.669627] sr 1:0:0:0: Attached scsi CD-ROM sr0
[    1.669735] sr 1:0:0:0: Attached scsi generic sg1 type 5
[    1.673855] usb 1-5: New USB device found, idVendor=0bda, idProduct=57b5, bcdDevice= 0.12
[    1.673859] usb 1-5: New USB device strings: Mfr=3, Product=1, SerialNumber=2
[    1.673861] usb 1-5: Product: USB Camera
[    1.673864] usb 1-5: Manufacturer: 04081-0005360015401016554
[    1.673866] usb 1-5: SerialNumber: 200901010001
[    1.801444] usb 1-6: new full-speed USB device number 4 using xhci_hcd
[    1.851187] psmouse serio4: elantech: assuming hardware version 4 (with firmware version 0x381f00)
[    1.864815] psmouse serio4: elantech: Synaptics capabilities query result 0x10, 0x14, 0x0e.
[    1.878401] psmouse serio4: elantech: Elan sample query result 00, 23, 64
[    1.933414] tsc: Refined TSC clocksource calibration: 2096.965 MHz
[    1.933421] clocksource: tsc: mask: 0xffffffffffffffff max_cycles: 0x1e39fd93f52, max_idle_ns: 440795250087 ns
[    1.933456] clocksource: Switched to clocksource tsc
[    1.946160] input: ETPS/2 Elantech Touchpad as /devices/platform/i8042/serio4/input/input11
[    1.954619] usb 1-6: New USB device found, idVendor=13d3, idProduct=3423, bcdDevice= 0.01
[    1.954621] usb 1-6: New USB device strings: Mfr=0, Product=0, SerialNumber=0
[    2.081432] usb 1-8: new high-speed USB device number 5 using xhci_hcd
[    2.229962] usb 1-8: New USB device found, idVendor=0bda, idProduct=0129, bcdDevice=39.60
[    2.229964] usb 1-8: New USB device strings: Mfr=1, Product=2, SerialNumber=3
[    2.229965] usb 1-8: Product: USB2.0-CRW
[    2.229966] usb 1-8: Manufacturer: Generic
[    2.229967] usb 1-8: SerialNumber: 20100201396000000
[    2.237104] hidraw: raw HID events driver (C) Jiri Kosina
[    2.237407] usbcore: registered new interface driver rtsx_usb
[    2.242080] usbcore: registered new interface driver usbhid
[    2.242081] usbhid: USB HID core driver
[    2.244478] input: SIGMACHIP Usb Mouse as /devices/pci0000:00/0000:00:14.0/usb1/1-1/1-1:1.0/0003:1C4F:0034.0001/input/input12
[    2.244597] hid-generic 0003:1C4F:0034.0001: input,hidraw0: USB HID v1.10 Mouse [SIGMACHIP Usb Mouse] on usb-0000:00:14.0-1/input0
[    2.354810] fbcon: Taking over console
[    2.354927] Console: switching to colour frame buffer device 170x48
[    2.435284] EXT4-fs (sda2): mounted filesystem with ordered data mode. Opts: (null)
[    4.086179] systemd[1]: systemd 237 running in system mode. (+PAM +AUDIT +SELINUX +IMA +APPARMOR +SMACK +SYSVINIT +UTMP +LIBCRYPTSETUP +GCRYPT +GNUTLS +ACL +XZ +LZ4 +SECCOMP +BLKID +ELFUTILS +KMOD -IDN2 +IDN -PCRE2 default-hierarchy=hybrid)
[    4.105622] systemd[1]: Detected architecture x86-64.
[    4.142492] systemd[1]: Set hostname to <veena>.
[    6.858061] systemd[1]: Reached target User and Group Name Lookups.
[    6.858342] systemd[1]: Created slice User and Session Slice.
[    6.858509] systemd[1]: Created slice System Slice.
[    6.858590] systemd[1]: Listening on fsck to fsckd communication Socket.
[    6.858715] systemd[1]: Listening on Journal Audit Socket.
[    6.858989] systemd[1]: Set up automount Arbitrary Executable File Formats File System Automount Point.
[    6.859062] systemd[1]: Listening on /dev/initctl Compatibility Named Pipe.
[    7.376267] EXT4-fs (sda2): re-mounted. Opts: errors=remount-ro
[    7.667256] systemd-journald[278]: Received request to flush runtime journal from PID 1
[    7.826777] lp: driver loaded but no devices found
[    7.848274] ppdev: user-space parallel port driver
[    8.017426] Adding 2097148k swap on /swapfile.  Priority:-2 extents:6 across:2260988k FS
[   17.207918] proc_thermal 0000:00:04.0: Creating sysfs group for PROC_THERMAL_PCI
[   17.244896] input: Asus Wireless Radio Control as /devices/LNXSYSTM:00/LNXSYBUS:00/ATK4002:00/input/input13
[   17.692309] checking generic (c0000000 408000) vs hw (c0000000 10000000)
[   17.692311] fb0: switching to inteldrmfb from EFI VGA
[   17.692412] Console: switching to colour dummy device 80x25
[   17.692477] i915 0000:00:02.0: vgaarb: deactivate vga console
[   17.693562] [drm] Supports vblank timestamp caching Rev 2 (21.10.2013).
[   17.693564] [drm] Driver supports precise vblank timestamp query.
[   17.694292] i915 0000:00:02.0: vgaarb: changed VGA decodes: olddecodes=io+mem,decodes=io+mem:owns=io+mem
[   17.735399] [drm] Initialized i915 1.6.0 20190822 for 0000:00:02.0 on minor 0
[   17.739041] ACPI: Video Device [GFX0] (multi-head: yes  rom: no  post: no)
[   17.743808] input: Video Bus as /devices/LNXSYSTM:00/LNXSYBUS:00/PNP0A08:00/LNXVIDEO:00/input/input14
[   17.747350] fbcon: i915drmfb (fb0) is primary device
[   17.747431] Console: switching to colour frame buffer device 170x48
[   17.747452] i915 0000:00:02.0: fb0: i915drmfb frame buffer device
[   17.876943] Bluetooth: Core ver 2.22
[   17.876968] NET: Registered protocol family 31
[   17.876969] Bluetooth: HCI device and connection manager initialized
[   17.876973] Bluetooth: HCI socket layer initialized
[   17.876975] Bluetooth: L2CAP socket layer initialized
[   17.876980] Bluetooth: SCO socket layer initialized
[   17.976530] cfg80211: Loading compiled-in X.509 certificates for regulatory database
[   17.976956] cfg80211: Loaded X.509 cert 'sforshee: 00b28ddf47aef9cea7'
[   18.001778] asus_wmi: ASUS WMI generic driver loaded
[   18.043539] usbcore: registered new interface driver btusb
[   18.078388] snd_hda_codec_realtek hdaudioC1D0: autoconfig for ALC3236: line_outs=1 (0x14/0x0/0x0/0x0/0x0) type:speaker
[   18.078392] snd_hda_codec_realtek hdaudioC1D0:    speaker_outs=0 (0x0/0x0/0x0/0x0/0x0)
[   18.078395] snd_hda_codec_realtek hdaudioC1D0:    hp_outs=1 (0x21/0x0/0x0/0x0/0x0)
[   18.078396] snd_hda_codec_realtek hdaudioC1D0:    mono: mono_out=0x0
[   18.078398] snd_hda_codec_realtek hdaudioC1D0:    inputs:
[   18.078400] snd_hda_codec_realtek hdaudioC1D0:      Mic=0x1b
[   18.089138] asus_wmi: Initialization: 0x1
[   18.089244] asus_wmi: BIOS WMI version: 7.9
[   18.089346] asus_wmi: SFUN value: 0xa0077
[   18.089351] asus-nb-wmi asus-nb-wmi: Detected ATK, not ASUSWMI, use DSTS
[   18.089354] asus-nb-wmi asus-nb-wmi: Detected ATK, enable event queue
[   18.093282] input: Asus WMI hotkeys as /devices/platform/asus-nb-wmi/input/input15
[   18.317632] input: HDA Intel PCH Headphone as /devices/pci0000:00/0000:00:1b.0/sound/card1/input16
[   18.605173] mc: Linux media interface: v0.10
[   18.614266] ath: phy0: WB335 1-ANT card detected
[   18.614268] ath: phy0: Set BT/WLAN RX diversity capability
[   18.623591] ath: phy0: Enable LNA combining
[   18.624829] ath: phy0: ASPM enabled: 0x43
[   18.624830] ath: EEPROM regdomain: 0x6a
[   18.624830] ath: EEPROM indicates we should expect a direct regpair map
[   18.624832] ath: Country alpha2 being used: 00
[   18.624833] ath: Regpair used: 0x6a
[   18.625810] ieee80211 phy0: Selected rate control algorithm 'minstrel_ht'
[   18.626518] ieee80211 phy0: Atheros AR9565 Rev:1 mem=0xffffae1480980000, irq=19
[   18.630096] videodev: Linux video capture interface: v2.00
[   18.685628] RAPL PMU: API unit is 2^-32 Joules, 4 fixed counters, 655360 ms ovfl timer
[   18.685630] RAPL PMU: hw unit of domain pp0-core 2^-14 Joules
[   18.685630] RAPL PMU: hw unit of domain package 2^-14 Joules
[   18.685631] RAPL PMU: hw unit of domain dram 2^-14 Joules
[   18.685632] RAPL PMU: hw unit of domain pp1-gpu 2^-14 Joules
[   18.852760] uvcvideo: Found UVC 1.00 device USB Camera (0bda:57b5)
[   18.860818] input: USB Camera: USB Camera as /devices/pci0000:00/0000:00:14.0/usb1/1-5/1-5:1.0/input/input17
[   18.860887] usbcore: registered new interface driver uvcvideo
[   18.860888] USB Video Class driver (1.1.1)
[   18.987632] snd_hda_intel 0000:00:03.0: bound 0000:00:02.0 (ops i915_audio_component_bind_ops [i915])
[   19.018786] input: HDA Intel HDMI HDMI/DP,pcm=3 as /devices/pci0000:00/0000:00:03.0/sound/card0/input18
[   19.018840] input: HDA Intel HDMI HDMI/DP,pcm=7 as /devices/pci0000:00/0000:00:03.0/sound/card0/input19
[   19.018887] input: HDA Intel HDMI HDMI/DP,pcm=8 as /devices/pci0000:00/0000:00:03.0/sound/card0/input20
[   19.018935] input: HDA Intel HDMI HDMI/DP,pcm=9 as /devices/pci0000:00/0000:00:03.0/sound/card0/input21
[   19.018981] input: HDA Intel HDMI HDMI/DP,pcm=10 as /devices/pci0000:00/0000:00:03.0/sound/card0/input22
[   19.066761] usb 1-6: USB disconnect, device number 4
[   19.066830] usbcore: registered new interface driver ath3k
[   19.373416] usb 1-6: new full-speed USB device number 6 using xhci_hcd
[   19.579042] cryptd: max_cpu_qlen set to 1000
[   20.717049] AVX2 version of gcm_enc/dec engaged.
[   20.717050] AES CTR mode by8 optimization enabled
[   21.537797] intel_rapl_common: Found RAPL domain package
[   21.537799] intel_rapl_common: Found RAPL domain core
[   21.537800] intel_rapl_common: Found RAPL domain uncore
[   21.537802] intel_rapl_common: Found RAPL domain dram
[   21.537808] intel_rapl_common: RAPL package-0 domain package locked by BIOS
[   21.537815] intel_rapl_common: RAPL package-0 domain dram locked by BIOS
[   21.957876] ath9k 0000:03:00.0 wlp3s0: renamed from wlan0
[   24.775202] usb 1-6: New USB device found, idVendor=13d3, idProduct=3423, bcdDevice= 0.02
[   24.775204] usb 1-6: New USB device strings: Mfr=0, Product=0, SerialNumber=0
[   29.659089] audit: type=1400 audit(1627874353.131:2): apparmor="STATUS" operation="profile_load" profile="unconfined" name="libreoffice-oopslash" pid=745 comm="apparmor_parser"
[   29.659970] audit: type=1400 audit(1627874353.131:3): apparmor="STATUS" operation="profile_load" profile="unconfined" name="/usr/bin/man" pid=744 comm="apparmor_parser"
[   29.659977] audit: type=1400 audit(1627874353.131:4): apparmor="STATUS" operation="profile_load" profile="unconfined" name="man_filter" pid=744 comm="apparmor_parser"
[   29.659980] audit: type=1400 audit(1627874353.131:5): apparmor="STATUS" operation="profile_load" profile="unconfined" name="man_groff" pid=744 comm="apparmor_parser"
[   29.678316] audit: type=1400 audit(1627874353.151:6): apparmor="STATUS" operation="profile_load" profile="unconfined" name="libreoffice-senddoc" pid=746 comm="apparmor_parser"
[   29.721136] audit: type=1400 audit(1627874353.191:7): apparmor="STATUS" operation="profile_load" profile="unconfined" name="libreoffice-xpdfimport" pid=748 comm="apparmor_parser"
[   29.722598] audit: type=1400 audit(1627874353.195:8): apparmor="STATUS" operation="profile_load" profile="unconfined" name="/sbin/dhclient" pid=741 comm="apparmor_parser"
[   29.722605] audit: type=1400 audit(1627874353.195:9): apparmor="STATUS" operation="profile_load" profile="unconfined" name="/usr/lib/NetworkManager/nm-dhcp-client.action" pid=741 comm="apparmor_parser"
[   29.722608] audit: type=1400 audit(1627874353.195:10): apparmor="STATUS" operation="profile_load" profile="unconfined" name="/usr/lib/NetworkManager/nm-dhcp-helper" pid=741 comm="apparmor_parser"
[   29.722612] audit: type=1400 audit(1627874353.195:11): apparmor="STATUS" operation="profile_load" profile="unconfined" name="/usr/lib/connman/scripts/dhclient-script" pid=741 comm="apparmor_parser"
[   42.028276] Bluetooth: BNEP (Ethernet Emulation) ver 1.3
[   42.028278] Bluetooth: BNEP filters: protocol multicast
[   42.028283] Bluetooth: BNEP socket layer initialized
[   47.665098] Generic FE-GE Realtek PHY r8169-200:00: attached PHY driver [Generic FE-GE Realtek PHY] (mii_bus:phy_addr=r8169-200:00, irq=IGNORE)
[   47.794122] r8169 0000:02:00.0 enp2s0: Link is Down
[   48.616223] bpfilter: Loaded bpfilter_umh pid 1063
[   48.616554] Started bpfilter
[   49.528993] wlp3s0: authenticate with d8:07:b6:12:80:6c
[   49.541580] wlp3s0: send auth to d8:07:b6:12:80:6c (try 1/3)
[   49.543543] wlp3s0: authenticated
[   49.545420] wlp3s0: associate with d8:07:b6:12:80:6c (try 1/3)
[   49.558305] wlp3s0: RX AssocResp from d8:07:b6:12:80:6c (capab=0x411 status=0 aid=6)
[   49.558460] wlp3s0: associated
[   51.684140] IPv6: ADDRCONF(NETDEV_CHANGE): wlp3s0: link becomes ready
[  141.701449] Bluetooth: RFCOMM TTY layer initialized
[  141.701456] Bluetooth: RFCOMM socket layer initialized
[  141.701460] Bluetooth: RFCOMM ver 1.11
[  145.186230] rfkill: input handler disabled
[  183.465555] kauditd_printk_skb: 65 callbacks suppressed
[  183.465557] audit: type=1400 audit(1627874506.987:77): apparmor="DENIED" operation="capable" profile="/snap/snapd/12704/usr/lib/snapd/snap-confine" pid=2166 comm="snap-confine" capability=4  capname="fsetid"
[ 5386.393863] perf: interrupt took too long (2540 > 2500), lowering kernel.perf_event_max_sample_rate to 78500
[ 6649.651232] perf: interrupt took too long (3184 > 3175), lowering kernel.perf_event_max_sample_rate to 62750
[ 7182.189245] perf: interrupt took too long (4201 > 3980), lowering kernel.perf_event_max_sample_rate to 47500
[ 7513.998030] asus_wmi: Unknown key cf pressed
[ 8345.243233] perf: interrupt took too long (5419 > 5251), lowering kernel.perf_event_max_sample_rate to 36750
[10727.642036] perf: interrupt took too long (6836 > 6773), lowering kernel.perf_event_max_sample_rate to 29250
[14752.929723] perf: interrupt took too long (8548 > 8545), lowering kernel.perf_event_max_sample_rate to 23250
