[    0.000000] Linux version 5.8.0-63-generic (buildd@lgw01-amd64-035) (gcc (Ubuntu 9.3.0-17ubuntu1~20.04) 9.3.0, GNU ld (GNU Binutils for Ubuntu) 2.34) #71~20.04.1-Ubuntu SMP Thu Jul 15 17:46:08 UTC 2021 (Ubuntu 5.8.0-63.71~20.04.1-generic 5.8.18)
[    0.000000] Command line: BOOT_IMAGE=/boot/vmlinuz-5.8.0-63-generic root=UUID=877e1867-02f1-46cd-b135-28e5fb0a7646 ro quiet splash
[    0.000000] KERNEL supported cpus:
[    0.000000]   Intel GenuineIntel
[    0.000000]   AMD AuthenticAMD
[    0.000000]   Hygon HygonGenuine
[    0.000000]   Centaur CentaurHauls
[    0.000000]   zhaoxin   Shanghai  
[    0.000000] Disabled fast string operations
[    0.000000] x86/fpu: Supporting XSAVE feature 0x001: 'x87 floating point registers'
[    0.000000] x86/fpu: Supporting XSAVE feature 0x002: 'SSE registers'
[    0.000000] x86/fpu: Supporting XSAVE feature 0x004: 'AVX registers'
[    0.000000] x86/fpu: xstate_offset[2]:  576, xstate_sizes[2]:  256
[    0.000000] x86/fpu: Enabled xstate features 0x7, context size is 832 bytes, using 'standard' format.
[    0.000000] BIOS-provided physical RAM map:
[    0.000000] BIOS-e820: [mem 0x0000000000000000-0x000000000009e7ff] usable
[    0.000000] BIOS-e820: [mem 0x000000000009e800-0x000000000009ffff] reserved
[    0.000000] BIOS-e820: [mem 0x00000000000dc000-0x00000000000fffff] reserved
[    0.000000] BIOS-e820: [mem 0x0000000000100000-0x00000000bfedffff] usable
[    0.000000] BIOS-e820: [mem 0x00000000bfee0000-0x00000000bfefefff] ACPI data
[    0.000000] BIOS-e820: [mem 0x00000000bfeff000-0x00000000bfefffff] ACPI NVS
[    0.000000] BIOS-e820: [mem 0x00000000bff00000-0x00000000bfffffff] usable
[    0.000000] BIOS-e820: [mem 0x00000000f0000000-0x00000000f7ffffff] reserved
[    0.000000] BIOS-e820: [mem 0x00000000fec00000-0x00000000fec0ffff] reserved
[    0.000000] BIOS-e820: [mem 0x00000000fee00000-0x00000000fee00fff] reserved
[    0.000000] BIOS-e820: [mem 0x00000000fffe0000-0x00000000ffffffff] reserved
[    0.000000] BIOS-e820: [mem 0x0000000100000000-0x000000023fffffff] usable
[    0.000000] NX (Execute Disable) protection: active
[    0.000000] SMBIOS 2.7 present.
[    0.000000] DMI: VMware, Inc. VMware Virtual Platform/440BX Desktop Reference Platform, BIOS 6.00 07/22/2020
[    0.000000] vmware: hypercall mode: 0x02
[    0.000000] Hypervisor detected: VMware
[    0.000000] vmware: TSC freq read from hypervisor : 2199.997 MHz
[    0.000000] vmware: Host bus clock speed read from hypervisor : 66000000 Hz
[    0.000000] vmware: using clock offset of 74350572359 ns
[    0.000072] tsc: Detected 2199.997 MHz processor
[    0.003136] e820: update [mem 0x00000000-0x00000fff] usable ==> reserved
[    0.003139] e820: remove [mem 0x000a0000-0x000fffff] usable
[    0.003144] last_pfn = 0x240000 max_arch_pfn = 0x400000000
[    0.003312] MTRR default type: uncachable
[    0.003314] MTRR fixed ranges enabled:
[    0.003315]   00000-9FFFF write-back
[    0.003315]   A0000-BFFFF uncachable
[    0.003316]   C0000-CFFFF write-protect
[    0.003317]   D0000-EFFFF uncachable
[    0.003317]   F0000-FFFFF write-protect
[    0.003318] MTRR variable ranges enabled:
[    0.003319]   0 base 000000000000 mask 1FC000000000 write-back
[    0.003320]   1 base 0000C0000000 mask 1FFFC0000000 uncachable
[    0.003321]   2 disabled
[    0.003321]   3 disabled
[    0.003322]   4 disabled
[    0.003322]   5 disabled
[    0.003322]   6 disabled
[    0.003323]   7 disabled
[    0.003370] x86/PAT: Configuration [0-7]: WB  WC  UC- UC  WB  WP  UC- WT  
[    0.003429] total RAM covered: 261120M
[    0.003786]  gran_size: 64K 	chunk_size: 64K 	num_reg: 8  	lose cover RAM: 0G
[    0.003788]  gran_size: 64K 	chunk_size: 128K 	num_reg: 8  	lose cover RAM: 0G
[    0.003789]  gran_size: 64K 	chunk_size: 256K 	num_reg: 8  	lose cover RAM: 0G
[    0.003789]  gran_size: 64K 	chunk_size: 512K 	num_reg: 8  	lose cover RAM: 0G
[    0.003790]  gran_size: 64K 	chunk_size: 1M 	num_reg: 8  	lose cover RAM: 0G
[    0.003791]  gran_size: 64K 	chunk_size: 2M 	num_reg: 8  	lose cover RAM: 0G
[    0.003792]  gran_size: 64K 	chunk_size: 4M 	num_reg: 8  	lose cover RAM: 0G
[    0.003792]  gran_size: 64K 	chunk_size: 8M 	num_reg: 8  	lose cover RAM: 0G
[    0.003793]  gran_size: 64K 	chunk_size: 16M 	num_reg: 8  	lose cover RAM: 0G
[    0.003794]  gran_size: 64K 	chunk_size: 32M 	num_reg: 8  	lose cover RAM: 0G
[    0.003795]  gran_size: 64K 	chunk_size: 64M 	num_reg: 8  	lose cover RAM: 0G
[    0.003795]  gran_size: 64K 	chunk_size: 128M 	num_reg: 8  	lose cover RAM: 0G
[    0.003796]  gran_size: 64K 	chunk_size: 256M 	num_reg: 8  	lose cover RAM: 0G
[    0.003797]  gran_size: 64K 	chunk_size: 512M 	num_reg: 8  	lose cover RAM: 0G
[    0.003797]  gran_size: 64K 	chunk_size: 1G 	num_reg: 8  	lose cover RAM: 0G
[    0.003798]  gran_size: 64K 	chunk_size: 2G 	num_reg: 8  	lose cover RAM: 0G
[    0.003799]  gran_size: 128K 	chunk_size: 128K 	num_reg: 8  	lose cover RAM: 0G
[    0.003799]  gran_size: 128K 	chunk_size: 256K 	num_reg: 8  	lose cover RAM: 0G
[    0.003800]  gran_size: 128K 	chunk_size: 512K 	num_reg: 8  	lose cover RAM: 0G
[    0.003801]  gran_size: 128K 	chunk_size: 1M 	num_reg: 8  	lose cover RAM: 0G
[    0.003801]  gran_size: 128K 	chunk_size: 2M 	num_reg: 8  	lose cover RAM: 0G
[    0.003802]  gran_size: 128K 	chunk_size: 4M 	num_reg: 8  	lose cover RAM: 0G
[    0.003803]  gran_size: 128K 	chunk_size: 8M 	num_reg: 8  	lose cover RAM: 0G
[    0.003803]  gran_size: 128K 	chunk_size: 16M 	num_reg: 8  	lose cover RAM: 0G
[    0.003804]  gran_size: 128K 	chunk_size: 32M 	num_reg: 8  	lose cover RAM: 0G
[    0.003805]  gran_size: 128K 	chunk_size: 64M 	num_reg: 8  	lose cover RAM: 0G
[    0.003805]  gran_size: 128K 	chunk_size: 128M 	num_reg: 8  	lose cover RAM: 0G
[    0.003806]  gran_size: 128K 	chunk_size: 256M 	num_reg: 8  	lose cover RAM: 0G
[    0.003807]  gran_size: 128K 	chunk_size: 512M 	num_reg: 8  	lose cover RAM: 0G
[    0.003807]  gran_size: 128K 	chunk_size: 1G 	num_reg: 8  	lose cover RAM: 0G
[    0.003808]  gran_size: 128K 	chunk_size: 2G 	num_reg: 8  	lose cover RAM: 0G
[    0.003809]  gran_size: 256K 	chunk_size: 256K 	num_reg: 8  	lose cover RAM: 0G
[    0.003809]  gran_size: 256K 	chunk_size: 512K 	num_reg: 8  	lose cover RAM: 0G
[    0.003810]  gran_size: 256K 	chunk_size: 1M 	num_reg: 8  	lose cover RAM: 0G
[    0.003811]  gran_size: 256K 	chunk_size: 2M 	num_reg: 8  	lose cover RAM: 0G
[    0.003811]  gran_size: 256K 	chunk_size: 4M 	num_reg: 8  	lose cover RAM: 0G
[    0.003812]  gran_size: 256K 	chunk_size: 8M 	num_reg: 8  	lose cover RAM: 0G
[    0.003812]  gran_size: 256K 	chunk_size: 16M 	num_reg: 8  	lose cover RAM: 0G
[    0.003813]  gran_size: 256K 	chunk_size: 32M 	num_reg: 8  	lose cover RAM: 0G
[    0.003814]  gran_size: 256K 	chunk_size: 64M 	num_reg: 8  	lose cover RAM: 0G
[    0.003815]  gran_size: 256K 	chunk_size: 128M 	num_reg: 8  	lose cover RAM: 0G
[    0.003815]  gran_size: 256K 	chunk_size: 256M 	num_reg: 8  	lose cover RAM: 0G
[    0.003816]  gran_size: 256K 	chunk_size: 512M 	num_reg: 8  	lose cover RAM: 0G
[    0.003817]  gran_size: 256K 	chunk_size: 1G 	num_reg: 8  	lose cover RAM: 0G
[    0.003817]  gran_size: 256K 	chunk_size: 2G 	num_reg: 8  	lose cover RAM: 0G
[    0.003818]  gran_size: 512K 	chunk_size: 512K 	num_reg: 8  	lose cover RAM: 0G
[    0.003819]  gran_size: 512K 	chunk_size: 1M 	num_reg: 8  	lose cover RAM: 0G
[    0.003820]  gran_size: 512K 	chunk_size: 2M 	num_reg: 8  	lose cover RAM: 0G
[    0.003820]  gran_size: 512K 	chunk_size: 4M 	num_reg: 8  	lose cover RAM: 0G
[    0.003821]  gran_size: 512K 	chunk_size: 8M 	num_reg: 8  	lose cover RAM: 0G
[    0.003822]  gran_size: 512K 	chunk_size: 16M 	num_reg: 8  	lose cover RAM: 0G
[    0.003822]  gran_size: 512K 	chunk_size: 32M 	num_reg: 8  	lose cover RAM: 0G
[    0.003823]  gran_size: 512K 	chunk_size: 64M 	num_reg: 8  	lose cover RAM: 0G
[    0.003824]  gran_size: 512K 	chunk_size: 128M 	num_reg: 8  	lose cover RAM: 0G
[    0.003824]  gran_size: 512K 	chunk_size: 256M 	num_reg: 8  	lose cover RAM: 0G
[    0.003825]  gran_size: 512K 	chunk_size: 512M 	num_reg: 8  	lose cover RAM: 0G
[    0.003826]  gran_size: 512K 	chunk_size: 1G 	num_reg: 8  	lose cover RAM: 0G
[    0.003826]  gran_size: 512K 	chunk_size: 2G 	num_reg: 8  	lose cover RAM: 0G
[    0.003827]  gran_size: 1M 	chunk_size: 1M 	num_reg: 8  	lose cover RAM: 0G
[    0.003828]  gran_size: 1M 	chunk_size: 2M 	num_reg: 8  	lose cover RAM: 0G
[    0.003828]  gran_size: 1M 	chunk_size: 4M 	num_reg: 8  	lose cover RAM: 0G
[    0.003829]  gran_size: 1M 	chunk_size: 8M 	num_reg: 8  	lose cover RAM: 0G
[    0.003830]  gran_size: 1M 	chunk_size: 16M 	num_reg: 8  	lose cover RAM: 0G
[    0.003830]  gran_size: 1M 	chunk_size: 32M 	num_reg: 8  	lose cover RAM: 0G
[    0.003831]  gran_size: 1M 	chunk_size: 64M 	num_reg: 8  	lose cover RAM: 0G
[    0.003832]  gran_size: 1M 	chunk_size: 128M 	num_reg: 8  	lose cover RAM: 0G
[    0.003832]  gran_size: 1M 	chunk_size: 256M 	num_reg: 8  	lose cover RAM: 0G
[    0.003833]  gran_size: 1M 	chunk_size: 512M 	num_reg: 8  	lose cover RAM: 0G
[    0.003834]  gran_size: 1M 	chunk_size: 1G 	num_reg: 8  	lose cover RAM: 0G
[    0.003834]  gran_size: 1M 	chunk_size: 2G 	num_reg: 8  	lose cover RAM: 0G
[    0.003835]  gran_size: 2M 	chunk_size: 2M 	num_reg: 8  	lose cover RAM: 0G
[    0.003836]  gran_size: 2M 	chunk_size: 4M 	num_reg: 8  	lose cover RAM: 0G
[    0.003836]  gran_size: 2M 	chunk_size: 8M 	num_reg: 8  	lose cover RAM: 0G
[    0.003837]  gran_size: 2M 	chunk_size: 16M 	num_reg: 8  	lose cover RAM: 0G
[    0.003838]  gran_size: 2M 	chunk_size: 32M 	num_reg: 8  	lose cover RAM: 0G
[    0.003838]  gran_size: 2M 	chunk_size: 64M 	num_reg: 8  	lose cover RAM: 0G
[    0.003839]  gran_size: 2M 	chunk_size: 128M 	num_reg: 8  	lose cover RAM: 0G
[    0.003840]  gran_size: 2M 	chunk_size: 256M 	num_reg: 8  	lose cover RAM: 0G
[    0.003840]  gran_size: 2M 	chunk_size: 512M 	num_reg: 8  	lose cover RAM: 0G
[    0.003841]  gran_size: 2M 	chunk_size: 1G 	num_reg: 8  	lose cover RAM: 0G
[    0.003842]  gran_size: 2M 	chunk_size: 2G 	num_reg: 8  	lose cover RAM: 0G
[    0.003842]  gran_size: 4M 	chunk_size: 4M 	num_reg: 8  	lose cover RAM: 0G
[    0.003843]  gran_size: 4M 	chunk_size: 8M 	num_reg: 8  	lose cover RAM: 0G
[    0.003844]  gran_size: 4M 	chunk_size: 16M 	num_reg: 8  	lose cover RAM: 0G
[    0.003844]  gran_size: 4M 	chunk_size: 32M 	num_reg: 8  	lose cover RAM: 0G
[    0.003845]  gran_size: 4M 	chunk_size: 64M 	num_reg: 8  	lose cover RAM: 0G
[    0.003846]  gran_size: 4M 	chunk_size: 128M 	num_reg: 8  	lose cover RAM: 0G
[    0.003846]  gran_size: 4M 	chunk_size: 256M 	num_reg: 8  	lose cover RAM: 0G
[    0.003847]  gran_size: 4M 	chunk_size: 512M 	num_reg: 8  	lose cover RAM: 0G
[    0.003848]  gran_size: 4M 	chunk_size: 1G 	num_reg: 8  	lose cover RAM: 0G
[    0.003848]  gran_size: 4M 	chunk_size: 2G 	num_reg: 8  	lose cover RAM: 0G
[    0.003849]  gran_size: 8M 	chunk_size: 8M 	num_reg: 8  	lose cover RAM: 0G
[    0.003850]  gran_size: 8M 	chunk_size: 16M 	num_reg: 8  	lose cover RAM: 0G
[    0.003850]  gran_size: 8M 	chunk_size: 32M 	num_reg: 8  	lose cover RAM: 0G
[    0.003851]  gran_size: 8M 	chunk_size: 64M 	num_reg: 8  	lose cover RAM: 0G
[    0.003852]  gran_size: 8M 	chunk_size: 128M 	num_reg: 8  	lose cover RAM: 0G
[    0.003852]  gran_size: 8M 	chunk_size: 256M 	num_reg: 8  	lose cover RAM: 0G
[    0.003853]  gran_size: 8M 	chunk_size: 512M 	num_reg: 8  	lose cover RAM: 0G
[    0.003854]  gran_size: 8M 	chunk_size: 1G 	num_reg: 8  	lose cover RAM: 0G
[    0.003854]  gran_size: 8M 	chunk_size: 2G 	num_reg: 8  	lose cover RAM: 0G
[    0.003855]  gran_size: 16M 	chunk_size: 16M 	num_reg: 8  	lose cover RAM: 0G
[    0.003856]  gran_size: 16M 	chunk_size: 32M 	num_reg: 8  	lose cover RAM: 0G
[    0.003856]  gran_size: 16M 	chunk_size: 64M 	num_reg: 8  	lose cover RAM: 0G
[    0.003857]  gran_size: 16M 	chunk_size: 128M 	num_reg: 8  	lose cover RAM: 0G
[    0.003858]  gran_size: 16M 	chunk_size: 256M 	num_reg: 8  	lose cover RAM: 0G
[    0.003858]  gran_size: 16M 	chunk_size: 512M 	num_reg: 8  	lose cover RAM: 0G
[    0.003859]  gran_size: 16M 	chunk_size: 1G 	num_reg: 8  	lose cover RAM: 0G
[    0.003860]  gran_size: 16M 	chunk_size: 2G 	num_reg: 8  	lose cover RAM: 0G
[    0.003861]  gran_size: 32M 	chunk_size: 32M 	num_reg: 8  	lose cover RAM: 0G
[    0.003861]  gran_size: 32M 	chunk_size: 64M 	num_reg: 8  	lose cover RAM: 0G
[    0.003862]  gran_size: 32M 	chunk_size: 128M 	num_reg: 8  	lose cover RAM: 0G
[    0.003863]  gran_size: 32M 	chunk_size: 256M 	num_reg: 8  	lose cover RAM: 0G
[    0.003863]  gran_size: 32M 	chunk_size: 512M 	num_reg: 8  	lose cover RAM: 0G
[    0.003864]  gran_size: 32M 	chunk_size: 1G 	num_reg: 8  	lose cover RAM: 0G
[    0.003865]  gran_size: 32M 	chunk_size: 2G 	num_reg: 8  	lose cover RAM: 0G
[    0.003865]  gran_size: 64M 	chunk_size: 64M 	num_reg: 8  	lose cover RAM: 0G
[    0.003866]  gran_size: 64M 	chunk_size: 128M 	num_reg: 8  	lose cover RAM: 0G
[    0.003866]  gran_size: 64M 	chunk_size: 256M 	num_reg: 8  	lose cover RAM: 0G
[    0.003867]  gran_size: 64M 	chunk_size: 512M 	num_reg: 8  	lose cover RAM: 0G
[    0.003868]  gran_size: 64M 	chunk_size: 1G 	num_reg: 8  	lose cover RAM: 0G
[    0.003868]  gran_size: 64M 	chunk_size: 2G 	num_reg: 8  	lose cover RAM: 0G
[    0.003869]  gran_size: 128M 	chunk_size: 128M 	num_reg: 8  	lose cover RAM: 0G
[    0.003870]  gran_size: 128M 	chunk_size: 256M 	num_reg: 8  	lose cover RAM: 0G
[    0.003871]  gran_size: 128M 	chunk_size: 512M 	num_reg: 8  	lose cover RAM: 0G
[    0.003871]  gran_size: 128M 	chunk_size: 1G 	num_reg: 8  	lose cover RAM: 0G
[    0.003872]  gran_size: 128M 	chunk_size: 2G 	num_reg: 8  	lose cover RAM: 0G
[    0.003873]  gran_size: 256M 	chunk_size: 256M 	num_reg: 8  	lose cover RAM: 0G
[    0.003873]  gran_size: 256M 	chunk_size: 512M 	num_reg: 8  	lose cover RAM: 0G
[    0.003874]  gran_size: 256M 	chunk_size: 1G 	num_reg: 8  	lose cover RAM: 0G
[    0.003875]  gran_size: 256M 	chunk_size: 2G 	num_reg: 8  	lose cover RAM: 0G
[    0.003875]  gran_size: 512M 	chunk_size: 512M 	num_reg: 8  	lose cover RAM: 0G
[    0.003876]  gran_size: 512M 	chunk_size: 1G 	num_reg: 8  	lose cover RAM: 0G
[    0.003877]  gran_size: 512M 	chunk_size: 2G 	num_reg: 8  	lose cover RAM: 0G
[    0.003877]  gran_size: 1G 	chunk_size: 1G 	num_reg: 8  	lose cover RAM: 0G
[    0.003878]  gran_size: 1G 	chunk_size: 2G 	num_reg: 8  	lose cover RAM: 0G
[    0.003879]  gran_size: 2G 	chunk_size: 2G 	num_reg: 7  	lose cover RAM: 1G
[    0.003879] mtrr_cleanup: can not find optimal value
[    0.003880] please specify mtrr_gran_size/mtrr_chunk_size
[    0.003918] e820: update [mem 0xc0000000-0xffffffff] usable ==> reserved
[    0.003930] last_pfn = 0xc0000 max_arch_pfn = 0x400000000
[    0.016535] found SMP MP-table at [mem 0x000f6a70-0x000f6a7f]
[    0.016928] check: Scanning 1 areas for low memory corruption
[    0.017098] Using GB pages for direct mapping
[    0.017875] RAMDISK: [mem 0x31bdd000-0x34de5fff]
[    0.017884] ACPI: Early table checksum verification disabled
[    0.017891] ACPI: RSDP 0x00000000000F6A00 000024 (v02 PTLTD )
[    0.017897] ACPI: XSDT 0x00000000BFEE6633 00005C (v01 INTEL  440BX    06040000 VMW  01324272)
[    0.017907] ACPI: FACP 0x00000000BFEFEE73 0000F4 (v04 INTEL  440BX    06040000 PTL  000F4240)
[    0.017916] ACPI: DSDT 0x00000000BFEE7CBD 0171B6 (v01 PTLTD  Custom   06040000 MSFT 03000001)
[    0.017952] ACPI: FACS 0x00000000BFEFFFC0 000040
[    0.017958] ACPI: FACS 0x00000000BFEFFFC0 000040
[    0.017962] ACPI: BOOT 0x00000000BFEE7C95 000028 (v01 PTLTD  $SBFTBL$ 06040000  LTP 00000001)
[    0.017968] ACPI: APIC 0x00000000BFEE7553 000742 (v01 PTLTD  ? APIC   06040000  LTP 00000000)
[    0.017973] ACPI: MCFG 0x00000000BFEE7517 00003C (v01 PTLTD  $PCITBL$ 06040000  LTP 00000001)
[    0.017978] ACPI: SRAT 0x00000000BFEE672F 0008D0 (v02 VMWARE MEMPLUG  06040000 VMW  00000001)
[    0.017983] ACPI: HPET 0x00000000BFEE66F7 000038 (v01 VMWARE VMW HPET 06040000 VMW  00000001)
[    0.017989] ACPI: WAET 0x00000000BFEE66CF 000028 (v01 VMWARE VMW WAET 06040000 VMW  00000001)
[    0.017994] ACPI: Reserving FACP table memory at [mem 0xbfefee73-0xbfefef66]
[    0.017995] ACPI: Reserving DSDT table memory at [mem 0xbfee7cbd-0xbfefee72]
[    0.017997] ACPI: Reserving FACS table memory at [mem 0xbfefffc0-0xbfefffff]
[    0.017997] ACPI: Reserving FACS table memory at [mem 0xbfefffc0-0xbfefffff]
[    0.017998] ACPI: Reserving BOOT table memory at [mem 0xbfee7c95-0xbfee7cbc]
[    0.018000] ACPI: Reserving APIC table memory at [mem 0xbfee7553-0xbfee7c94]
[    0.018000] ACPI: Reserving MCFG table memory at [mem 0xbfee7517-0xbfee7552]
[    0.018001] ACPI: Reserving SRAT table memory at [mem 0xbfee672f-0xbfee6ffe]
[    0.018002] ACPI: Reserving HPET table memory at [mem 0xbfee66f7-0xbfee672e]
[    0.018004] ACPI: Reserving WAET table memory at [mem 0xbfee66cf-0xbfee66f6]
[    0.018077] ACPI: Local APIC address 0xfee00000
[    0.018102] system APIC only can use physical flat
[    0.018102] Setting APIC routing to physical flat.
[    0.018188] SRAT: PXM 0 -> APIC 0x00 -> Node 0
[    0.018189] SRAT: PXM 0 -> APIC 0x02 -> Node 0
[    0.018190] SRAT: PXM 0 -> APIC 0x04 -> Node 0
[    0.018191] SRAT: PXM 0 -> APIC 0x06 -> Node 0
[    0.018192] SRAT: PXM 0 -> APIC 0x08 -> Node 0
[    0.018192] SRAT: PXM 0 -> APIC 0x0a -> Node 0
[    0.018193] SRAT: PXM 0 -> APIC 0x0c -> Node 0
[    0.018194] SRAT: PXM 0 -> APIC 0x0e -> Node 0
[    0.018195] SRAT: PXM 0 -> APIC 0x10 -> Node 0
[    0.018195] SRAT: PXM 0 -> APIC 0x12 -> Node 0
[    0.018196] SRAT: PXM 0 -> APIC 0x14 -> Node 0
[    0.018197] SRAT: PXM 0 -> APIC 0x16 -> Node 0
[    0.018198] SRAT: PXM 0 -> APIC 0x18 -> Node 0
[    0.018199] SRAT: PXM 0 -> APIC 0x1a -> Node 0
[    0.018200] SRAT: PXM 0 -> APIC 0x1c -> Node 0
[    0.018201] SRAT: PXM 0 -> APIC 0x1e -> Node 0
[    0.018201] SRAT: PXM 0 -> APIC 0x20 -> Node 0
[    0.018202] SRAT: PXM 0 -> APIC 0x22 -> Node 0
[    0.018203] SRAT: PXM 0 -> APIC 0x24 -> Node 0
[    0.018203] SRAT: PXM 0 -> APIC 0x26 -> Node 0
[    0.018204] SRAT: PXM 0 -> APIC 0x28 -> Node 0
[    0.018205] SRAT: PXM 0 -> APIC 0x2a -> Node 0
[    0.018205] SRAT: PXM 0 -> APIC 0x2c -> Node 0
[    0.018206] SRAT: PXM 0 -> APIC 0x2e -> Node 0
[    0.018207] SRAT: PXM 0 -> APIC 0x30 -> Node 0
[    0.018207] SRAT: PXM 0 -> APIC 0x32 -> Node 0
[    0.018208] SRAT: PXM 0 -> APIC 0x34 -> Node 0
[    0.018209] SRAT: PXM 0 -> APIC 0x36 -> Node 0
[    0.018210] SRAT: PXM 0 -> APIC 0x38 -> Node 0
[    0.018210] SRAT: PXM 0 -> APIC 0x3a -> Node 0
[    0.018211] SRAT: PXM 0 -> APIC 0x3c -> Node 0
[    0.018212] SRAT: PXM 0 -> APIC 0x3e -> Node 0
[    0.018213] SRAT: PXM 0 -> APIC 0x40 -> Node 0
[    0.018213] SRAT: PXM 0 -> APIC 0x42 -> Node 0
[    0.018214] SRAT: PXM 0 -> APIC 0x44 -> Node 0
[    0.018215] SRAT: PXM 0 -> APIC 0x46 -> Node 0
[    0.018216] SRAT: PXM 0 -> APIC 0x48 -> Node 0
[    0.018217] SRAT: PXM 0 -> APIC 0x4a -> Node 0
[    0.018217] SRAT: PXM 0 -> APIC 0x4c -> Node 0
[    0.018218] SRAT: PXM 0 -> APIC 0x4e -> Node 0
[    0.018219] SRAT: PXM 0 -> APIC 0x50 -> Node 0
[    0.018220] SRAT: PXM 0 -> APIC 0x52 -> Node 0
[    0.018220] SRAT: PXM 0 -> APIC 0x54 -> Node 0
[    0.018221] SRAT: PXM 0 -> APIC 0x56 -> Node 0
[    0.018222] SRAT: PXM 0 -> APIC 0x58 -> Node 0
[    0.018223] SRAT: PXM 0 -> APIC 0x5a -> Node 0
[    0.018224] SRAT: PXM 0 -> APIC 0x5c -> Node 0
[    0.018224] SRAT: PXM 0 -> APIC 0x5e -> Node 0
[    0.018225] SRAT: PXM 0 -> APIC 0x60 -> Node 0
[    0.018226] SRAT: PXM 0 -> APIC 0x62 -> Node 0
[    0.018226] SRAT: PXM 0 -> APIC 0x64 -> Node 0
[    0.018227] SRAT: PXM 0 -> APIC 0x66 -> Node 0
[    0.018227] SRAT: PXM 0 -> APIC 0x68 -> Node 0
[    0.018228] SRAT: PXM 0 -> APIC 0x6a -> Node 0
[    0.018229] SRAT: PXM 0 -> APIC 0x6c -> Node 0
[    0.018229] SRAT: PXM 0 -> APIC 0x6e -> Node 0
[    0.018230] SRAT: PXM 0 -> APIC 0x70 -> Node 0
[    0.018231] SRAT: PXM 0 -> APIC 0x72 -> Node 0
[    0.018231] SRAT: PXM 0 -> APIC 0x74 -> Node 0
[    0.018232] SRAT: PXM 0 -> APIC 0x76 -> Node 0
[    0.018232] SRAT: PXM 0 -> APIC 0x78 -> Node 0
[    0.018233] SRAT: PXM 0 -> APIC 0x7a -> Node 0
[    0.018234] SRAT: PXM 0 -> APIC 0x7c -> Node 0
[    0.018281] SRAT: PXM 0 -> APIC 0x7e -> Node 0
[    0.018282] SRAT: PXM 0 -> APIC 0x80 -> Node 0
[    0.018283] SRAT: PXM 0 -> APIC 0x82 -> Node 0
[    0.018283] SRAT: PXM 0 -> APIC 0x84 -> Node 0
[    0.018284] SRAT: PXM 0 -> APIC 0x86 -> Node 0
[    0.018284] SRAT: PXM 0 -> APIC 0x88 -> Node 0
[    0.018285] SRAT: PXM 0 -> APIC 0x8a -> Node 0
[    0.018285] SRAT: PXM 0 -> APIC 0x8c -> Node 0
[    0.018286] SRAT: PXM 0 -> APIC 0x8e -> Node 0
[    0.018286] SRAT: PXM 0 -> APIC 0x90 -> Node 0
[    0.018287] SRAT: PXM 0 -> APIC 0x92 -> Node 0
[    0.018287] SRAT: PXM 0 -> APIC 0x94 -> Node 0
[    0.018288] SRAT: PXM 0 -> APIC 0x96 -> Node 0
[    0.018288] SRAT: PXM 0 -> APIC 0x98 -> Node 0
[    0.018289] SRAT: PXM 0 -> APIC 0x9a -> Node 0
[    0.018289] SRAT: PXM 0 -> APIC 0x9c -> Node 0
[    0.018289] SRAT: PXM 0 -> APIC 0x9e -> Node 0
[    0.018290] SRAT: PXM 0 -> APIC 0xa0 -> Node 0
[    0.018290] SRAT: PXM 0 -> APIC 0xa2 -> Node 0
[    0.018291] SRAT: PXM 0 -> APIC 0xa4 -> Node 0
[    0.018291] SRAT: PXM 0 -> APIC 0xa6 -> Node 0
[    0.018292] SRAT: PXM 0 -> APIC 0xa8 -> Node 0
[    0.018292] SRAT: PXM 0 -> APIC 0xaa -> Node 0
[    0.018293] SRAT: PXM 0 -> APIC 0xac -> Node 0
[    0.018293] SRAT: PXM 0 -> APIC 0xae -> Node 0
[    0.018294] SRAT: PXM 0 -> APIC 0xb0 -> Node 0
[    0.018294] SRAT: PXM 0 -> APIC 0xb2 -> Node 0
[    0.018294] SRAT: PXM 0 -> APIC 0xb4 -> Node 0
[    0.018295] SRAT: PXM 0 -> APIC 0xb6 -> Node 0
[    0.018295] SRAT: PXM 0 -> APIC 0xb8 -> Node 0
[    0.018296] SRAT: PXM 0 -> APIC 0xba -> Node 0
[    0.018296] SRAT: PXM 0 -> APIC 0xbc -> Node 0
[    0.018297] SRAT: PXM 0 -> APIC 0xbe -> Node 0
[    0.018297] SRAT: PXM 0 -> APIC 0xc0 -> Node 0
[    0.018297] SRAT: PXM 0 -> APIC 0xc2 -> Node 0
[    0.018298] SRAT: PXM 0 -> APIC 0xc4 -> Node 0
[    0.018298] SRAT: PXM 0 -> APIC 0xc6 -> Node 0
[    0.018299] SRAT: PXM 0 -> APIC 0xc8 -> Node 0
[    0.018299] SRAT: PXM 0 -> APIC 0xca -> Node 0
[    0.018300] SRAT: PXM 0 -> APIC 0xcc -> Node 0
[    0.018300] SRAT: PXM 0 -> APIC 0xce -> Node 0
[    0.018300] SRAT: PXM 0 -> APIC 0xd0 -> Node 0
[    0.018301] SRAT: PXM 0 -> APIC 0xd2 -> Node 0
[    0.018301] SRAT: PXM 0 -> APIC 0xd4 -> Node 0
[    0.018302] SRAT: PXM 0 -> APIC 0xd6 -> Node 0
[    0.018302] SRAT: PXM 0 -> APIC 0xd8 -> Node 0
[    0.018303] SRAT: PXM 0 -> APIC 0xda -> Node 0
[    0.018303] SRAT: PXM 0 -> APIC 0xdc -> Node 0
[    0.018304] SRAT: PXM 0 -> APIC 0xde -> Node 0
[    0.018304] SRAT: PXM 0 -> APIC 0xe0 -> Node 0
[    0.018305] SRAT: PXM 0 -> APIC 0xe2 -> Node 0
[    0.018305] SRAT: PXM 0 -> APIC 0xe4 -> Node 0
[    0.018306] SRAT: PXM 0 -> APIC 0xe6 -> Node 0
[    0.018306] SRAT: PXM 0 -> APIC 0xe8 -> Node 0
[    0.018306] SRAT: PXM 0 -> APIC 0xea -> Node 0
[    0.018307] SRAT: PXM 0 -> APIC 0xec -> Node 0
[    0.018307] SRAT: PXM 0 -> APIC 0xee -> Node 0
[    0.018308] SRAT: PXM 0 -> APIC 0xf0 -> Node 0
[    0.018308] SRAT: PXM 0 -> APIC 0xf2 -> Node 0
[    0.018309] SRAT: PXM 0 -> APIC 0xf4 -> Node 0
[    0.018309] SRAT: PXM 0 -> APIC 0xf6 -> Node 0
[    0.018310] SRAT: PXM 0 -> APIC 0xf8 -> Node 0
[    0.018310] SRAT: PXM 0 -> APIC 0xfa -> Node 0
[    0.018311] SRAT: PXM 0 -> APIC 0xfc -> Node 0
[    0.018311] SRAT: PXM 0 -> APIC 0xfe -> Node 0
[    0.018317] ACPI: SRAT: Node 0 PXM 0 [mem 0x00000000-0x0009ffff]
[    0.018318] ACPI: SRAT: Node 0 PXM 0 [mem 0x00100000-0xbfffffff]
[    0.018319] ACPI: SRAT: Node 0 PXM 0 [mem 0x100000000-0x23fffffff]
[    0.018320] ACPI: SRAT: Node 0 PXM 0 [mem 0x240000000-0x203fffffff] hotplug
[    0.018323] NUMA: Node 0 [mem 0x00000000-0x0009ffff] + [mem 0x00100000-0xbfffffff] -> [mem 0x00000000-0xbfffffff]
[    0.018324] NUMA: Node 0 [mem 0x00000000-0xbfffffff] + [mem 0x100000000-0x23fffffff] -> [mem 0x00000000-0x23fffffff]
[    0.018334] NODE_DATA(0) allocated [mem 0x23ffd4000-0x23fffdfff]
[    0.022192] Zone ranges:
[    0.022195]   DMA      [mem 0x0000000000001000-0x0000000000ffffff]
[    0.022197]   DMA32    [mem 0x0000000001000000-0x00000000ffffffff]
[    0.022198]   Normal   [mem 0x0000000100000000-0x000000023fffffff]
[    0.022200]   Device   empty
[    0.022201] Movable zone start for each node
[    0.022204] Early memory node ranges
[    0.022206]   node   0: [mem 0x0000000000001000-0x000000000009dfff]
[    0.022207]   node   0: [mem 0x0000000000100000-0x00000000bfedffff]
[    0.022208]   node   0: [mem 0x00000000bff00000-0x00000000bfffffff]
[    0.022209]   node   0: [mem 0x0000000100000000-0x000000023fffffff]
[    0.022212] Initmem setup node 0 [mem 0x0000000000001000-0x000000023fffffff]
[    0.022214] On node 0 totalpages: 2097021
[    0.022216]   DMA zone: 64 pages used for memmap
[    0.022217]   DMA zone: 21 pages reserved
[    0.022218]   DMA zone: 3997 pages, LIFO batch:0
[    0.056396]   DMA zone: 28771 pages in unavailable ranges
[    0.056399]   DMA32 zone: 12224 pages used for memmap
[    0.056400]   DMA32 zone: 782304 pages, LIFO batch:63
[    0.955227]   DMA32 zone: 32 pages in unavailable ranges
[    0.955231]   Normal zone: 20480 pages used for memmap
[    0.955233]   Normal zone: 1310720 pages, LIFO batch:63
[    2.407265] ACPI: PM-Timer IO Port: 0x1008
[    2.407269] ACPI: Local APIC address 0xfee00000
[    2.407282] system APIC only can use physical flat
[    2.407299] ACPI: LAPIC_NMI (acpi_id[0x00] high edge lint[0x1])
[    2.407299] ACPI: LAPIC_NMI (acpi_id[0x01] high edge lint[0x1])
[    2.407300] ACPI: LAPIC_NMI (acpi_id[0x02] high edge lint[0x1])
[    2.407300] ACPI: LAPIC_NMI (acpi_id[0x03] high edge lint[0x1])
[    2.407301] ACPI: LAPIC_NMI (acpi_id[0x04] high edge lint[0x1])
[    2.407301] ACPI: LAPIC_NMI (acpi_id[0x05] high edge lint[0x1])
[    2.407302] ACPI: LAPIC_NMI (acpi_id[0x06] high edge lint[0x1])
[    2.407303] ACPI: LAPIC_NMI (acpi_id[0x07] high edge lint[0x1])
[    2.407303] ACPI: LAPIC_NMI (acpi_id[0x08] high edge lint[0x1])
[    2.407304] ACPI: LAPIC_NMI (acpi_id[0x09] high edge lint[0x1])
[    2.407304] ACPI: LAPIC_NMI (acpi_id[0x0a] high edge lint[0x1])
[    2.407305] ACPI: LAPIC_NMI (acpi_id[0x0b] high edge lint[0x1])
[    2.407305] ACPI: LAPIC_NMI (acpi_id[0x0c] high edge lint[0x1])
[    2.407305] ACPI: LAPIC_NMI (acpi_id[0x0d] high edge lint[0x1])
[    2.407306] ACPI: LAPIC_NMI (acpi_id[0x0e] high edge lint[0x1])
[    2.407306] ACPI: LAPIC_NMI (acpi_id[0x0f] high edge lint[0x1])
[    2.407307] ACPI: LAPIC_NMI (acpi_id[0x10] high edge lint[0x1])
[    2.407307] ACPI: LAPIC_NMI (acpi_id[0x11] high edge lint[0x1])
[    2.407308] ACPI: LAPIC_NMI (acpi_id[0x12] high edge lint[0x1])
[    2.407308] ACPI: LAPIC_NMI (acpi_id[0x13] high edge lint[0x1])
[    2.407309] ACPI: LAPIC_NMI (acpi_id[0x14] high edge lint[0x1])
[    2.407310] ACPI: LAPIC_NMI (acpi_id[0x15] high edge lint[0x1])
[    2.407310] ACPI: LAPIC_NMI (acpi_id[0x16] high edge lint[0x1])
[    2.407311] ACPI: LAPIC_NMI (acpi_id[0x17] high edge lint[0x1])
[    2.407311] ACPI: LAPIC_NMI (acpi_id[0x18] high edge lint[0x1])
[    2.407312] ACPI: LAPIC_NMI (acpi_id[0x19] high edge lint[0x1])
[    2.407312] ACPI: LAPIC_NMI (acpi_id[0x1a] high edge lint[0x1])
[    2.407313] ACPI: LAPIC_NMI (acpi_id[0x1b] high edge lint[0x1])
[    2.407313] ACPI: LAPIC_NMI (acpi_id[0x1c] high edge lint[0x1])
[    2.407314] ACPI: LAPIC_NMI (acpi_id[0x1d] high edge lint[0x1])
[    2.407314] ACPI: LAPIC_NMI (acpi_id[0x1e] high edge lint[0x1])
[    2.407315] ACPI: LAPIC_NMI (acpi_id[0x1f] high edge lint[0x1])
[    2.407315] ACPI: LAPIC_NMI (acpi_id[0x20] high edge lint[0x1])
[    2.407316] ACPI: LAPIC_NMI (acpi_id[0x21] high edge lint[0x1])
[    2.407316] ACPI: LAPIC_NMI (acpi_id[0x22] high edge lint[0x1])
[    2.407316] ACPI: LAPIC_NMI (acpi_id[0x23] high edge lint[0x1])
[    2.407317] ACPI: LAPIC_NMI (acpi_id[0x24] high edge lint[0x1])
[    2.407317] ACPI: LAPIC_NMI (acpi_id[0x25] high edge lint[0x1])
[    2.407318] ACPI: LAPIC_NMI (acpi_id[0x26] high edge lint[0x1])
[    2.407318] ACPI: LAPIC_NMI (acpi_id[0x27] high edge lint[0x1])
[    2.407319] ACPI: LAPIC_NMI (acpi_id[0x28] high edge lint[0x1])
[    2.407319] ACPI: LAPIC_NMI (acpi_id[0x29] high edge lint[0x1])
[    2.407320] ACPI: LAPIC_NMI (acpi_id[0x2a] high edge lint[0x1])
[    2.407320] ACPI: LAPIC_NMI (acpi_id[0x2b] high edge lint[0x1])
[    2.407321] ACPI: LAPIC_NMI (acpi_id[0x2c] high edge lint[0x1])
[    2.407321] ACPI: LAPIC_NMI (acpi_id[0x2d] high edge lint[0x1])
[    2.407321] ACPI: LAPIC_NMI (acpi_id[0x2e] high edge lint[0x1])
[    2.407322] ACPI: LAPIC_NMI (acpi_id[0x2f] high edge lint[0x1])
[    2.407322] ACPI: LAPIC_NMI (acpi_id[0x30] high edge lint[0x1])
[    2.407323] ACPI: LAPIC_NMI (acpi_id[0x31] high edge lint[0x1])
[    2.407323] ACPI: LAPIC_NMI (acpi_id[0x32] high edge lint[0x1])
[    2.407324] ACPI: LAPIC_NMI (acpi_id[0x33] high edge lint[0x1])
[    2.407324] ACPI: LAPIC_NMI (acpi_id[0x34] high edge lint[0x1])
[    2.407325] ACPI: LAPIC_NMI (acpi_id[0x35] high edge lint[0x1])
[    2.407325] ACPI: LAPIC_NMI (acpi_id[0x36] high edge lint[0x1])
[    2.407325] ACPI: LAPIC_NMI (acpi_id[0x37] high edge lint[0x1])
[    2.407326] ACPI: LAPIC_NMI (acpi_id[0x38] high edge lint[0x1])
[    2.407326] ACPI: LAPIC_NMI (acpi_id[0x39] high edge lint[0x1])
[    2.407327] ACPI: LAPIC_NMI (acpi_id[0x3a] high edge lint[0x1])
[    2.407327] ACPI: LAPIC_NMI (acpi_id[0x3b] high edge lint[0x1])
[    2.407328] ACPI: LAPIC_NMI (acpi_id[0x3c] high edge lint[0x1])
[    2.407328] ACPI: LAPIC_NMI (acpi_id[0x3d] high edge lint[0x1])
[    2.407329] ACPI: LAPIC_NMI (acpi_id[0x3e] high edge lint[0x1])
[    2.407329] ACPI: LAPIC_NMI (acpi_id[0x3f] high edge lint[0x1])
[    2.407330] ACPI: LAPIC_NMI (acpi_id[0x40] high edge lint[0x1])
[    2.407330] ACPI: LAPIC_NMI (acpi_id[0x41] high edge lint[0x1])
[    2.407331] ACPI: LAPIC_NMI (acpi_id[0x42] high edge lint[0x1])
[    2.407331] ACPI: LAPIC_NMI (acpi_id[0x43] high edge lint[0x1])
[    2.407331] ACPI: LAPIC_NMI (acpi_id[0x44] high edge lint[0x1])
[    2.407332] ACPI: LAPIC_NMI (acpi_id[0x45] high edge lint[0x1])
[    2.407332] ACPI: LAPIC_NMI (acpi_id[0x46] high edge lint[0x1])
[    2.407333] ACPI: LAPIC_NMI (acpi_id[0x47] high edge lint[0x1])
[    2.407333] ACPI: LAPIC_NMI (acpi_id[0x48] high edge lint[0x1])
[    2.407334] ACPI: LAPIC_NMI (acpi_id[0x49] high edge lint[0x1])
[    2.407334] ACPI: LAPIC_NMI (acpi_id[0x4a] high edge lint[0x1])
[    2.407335] ACPI: LAPIC_NMI (acpi_id[0x4b] high edge lint[0x1])
[    2.407335] ACPI: LAPIC_NMI (acpi_id[0x4c] high edge lint[0x1])
[    2.407336] ACPI: LAPIC_NMI (acpi_id[0x4d] high edge lint[0x1])
[    2.407336] ACPI: LAPIC_NMI (acpi_id[0x4e] high edge lint[0x1])
[    2.407337] ACPI: LAPIC_NMI (acpi_id[0x4f] high edge lint[0x1])
[    2.407337] ACPI: LAPIC_NMI (acpi_id[0x50] high edge lint[0x1])
[    2.407338] ACPI: LAPIC_NMI (acpi_id[0x51] high edge lint[0x1])
[    2.407338] ACPI: LAPIC_NMI (acpi_id[0x52] high edge lint[0x1])
[    2.407339] ACPI: LAPIC_NMI (acpi_id[0x53] high edge lint[0x1])
[    2.407339] ACPI: LAPIC_NMI (acpi_id[0x54] high edge lint[0x1])
[    2.407340] ACPI: LAPIC_NMI (acpi_id[0x55] high edge lint[0x1])
[    2.407340] ACPI: LAPIC_NMI (acpi_id[0x56] high edge lint[0x1])
[    2.407341] ACPI: LAPIC_NMI (acpi_id[0x57] high edge lint[0x1])
[    2.407341] ACPI: LAPIC_NMI (acpi_id[0x58] high edge lint[0x1])
[    2.407342] ACPI: LAPIC_NMI (acpi_id[0x59] high edge lint[0x1])
[    2.407342] ACPI: LAPIC_NMI (acpi_id[0x5a] high edge lint[0x1])
[    2.407343] ACPI: LAPIC_NMI (acpi_id[0x5b] high edge lint[0x1])
[    2.407343] ACPI: LAPIC_NMI (acpi_id[0x5c] high edge lint[0x1])
[    2.407344] ACPI: LAPIC_NMI (acpi_id[0x5d] high edge lint[0x1])
[    2.407344] ACPI: LAPIC_NMI (acpi_id[0x5e] high edge lint[0x1])
[    2.407345] ACPI: LAPIC_NMI (acpi_id[0x5f] high edge lint[0x1])
[    2.407345] ACPI: LAPIC_NMI (acpi_id[0x60] high edge lint[0x1])
[    2.407345] ACPI: LAPIC_NMI (acpi_id[0x61] high edge lint[0x1])
[    2.407346] ACPI: LAPIC_NMI (acpi_id[0x62] high edge lint[0x1])
[    2.407346] ACPI: LAPIC_NMI (acpi_id[0x63] high edge lint[0x1])
[    2.407347] ACPI: LAPIC_NMI (acpi_id[0x64] high edge lint[0x1])
[    2.407347] ACPI: LAPIC_NMI (acpi_id[0x65] high edge lint[0x1])
[    2.407348] ACPI: LAPIC_NMI (acpi_id[0x66] high edge lint[0x1])
[    2.407348] ACPI: LAPIC_NMI (acpi_id[0x67] high edge lint[0x1])
[    2.407349] ACPI: LAPIC_NMI (acpi_id[0x68] high edge lint[0x1])
[    2.407349] ACPI: LAPIC_NMI (acpi_id[0x69] high edge lint[0x1])
[    2.407350] ACPI: LAPIC_NMI (acpi_id[0x6a] high edge lint[0x1])
[    2.407350] ACPI: LAPIC_NMI (acpi_id[0x6b] high edge lint[0x1])
[    2.407350] ACPI: LAPIC_NMI (acpi_id[0x6c] high edge lint[0x1])
[    2.407351] ACPI: LAPIC_NMI (acpi_id[0x6d] high edge lint[0x1])
[    2.407351] ACPI: LAPIC_NMI (acpi_id[0x6e] high edge lint[0x1])
[    2.407352] ACPI: LAPIC_NMI (acpi_id[0x6f] high edge lint[0x1])
[    2.407352] ACPI: LAPIC_NMI (acpi_id[0x70] high edge lint[0x1])
[    2.407353] ACPI: LAPIC_NMI (acpi_id[0x71] high edge lint[0x1])
[    2.407353] ACPI: LAPIC_NMI (acpi_id[0x72] high edge lint[0x1])
[    2.407354] ACPI: LAPIC_NMI (acpi_id[0x73] high edge lint[0x1])
[    2.407354] ACPI: LAPIC_NMI (acpi_id[0x74] high edge lint[0x1])
[    2.407354] ACPI: LAPIC_NMI (acpi_id[0x75] high edge lint[0x1])
[    2.407355] ACPI: LAPIC_NMI (acpi_id[0x76] high edge lint[0x1])
[    2.407355] ACPI: LAPIC_NMI (acpi_id[0x77] high edge lint[0x1])
[    2.407356] ACPI: LAPIC_NMI (acpi_id[0x78] high edge lint[0x1])
[    2.407356] ACPI: LAPIC_NMI (acpi_id[0x79] high edge lint[0x1])
[    2.407357] ACPI: LAPIC_NMI (acpi_id[0x7a] high edge lint[0x1])
[    2.407357] ACPI: LAPIC_NMI (acpi_id[0x7b] high edge lint[0x1])
[    2.407358] ACPI: LAPIC_NMI (acpi_id[0x7c] high edge lint[0x1])
[    2.407358] ACPI: LAPIC_NMI (acpi_id[0x7d] high edge lint[0x1])
[    2.407359] ACPI: LAPIC_NMI (acpi_id[0x7e] high edge lint[0x1])
[    2.407359] ACPI: LAPIC_NMI (acpi_id[0x7f] high edge lint[0x1])
[    2.407529] IOAPIC[0]: apic_id 1, version 32, address 0xfec00000, GSI 0-23
[    2.407538] ACPI: INT_SRC_OVR (bus 0 bus_irq 0 global_irq 2 high edge)
[    2.407542] ACPI: IRQ0 used by override.
[    2.407543] ACPI: IRQ9 used by override.
[    2.407549] Using ACPI (MADT) for SMP configuration information
[    2.407552] ACPI: HPET id: 0x8086af01 base: 0xfed00000
[    2.407561] TSC deadline timer available
[    2.407587] smpboot: Allowing 128 CPUs, 124 hotplug CPUs
[    2.407936] PM: hibernation: Registered nosave memory: [mem 0x00000000-0x00000fff]
[    2.407938] PM: hibernation: Registered nosave memory: [mem 0x0009e000-0x0009efff]
[    2.407938] PM: hibernation: Registered nosave memory: [mem 0x0009f000-0x0009ffff]
[    2.407939] PM: hibernation: Registered nosave memory: [mem 0x000a0000-0x000dbfff]
[    2.407939] PM: hibernation: Registered nosave memory: [mem 0x000dc000-0x000fffff]
[    2.407941] PM: hibernation: Registered nosave memory: [mem 0xbfee0000-0xbfefefff]
[    2.407941] PM: hibernation: Registered nosave memory: [mem 0xbfeff000-0xbfefffff]
[    2.407942] PM: hibernation: Registered nosave memory: [mem 0xc0000000-0xefffffff]
[    2.407943] PM: hibernation: Registered nosave memory: [mem 0xf0000000-0xf7ffffff]
[    2.407943] PM: hibernation: Registered nosave memory: [mem 0xf8000000-0xfebfffff]
[    2.407944] PM: hibernation: Registered nosave memory: [mem 0xfec00000-0xfec0ffff]
[    2.407944] PM: hibernation: Registered nosave memory: [mem 0xfec10000-0xfedfffff]
[    2.407945] PM: hibernation: Registered nosave memory: [mem 0xfee00000-0xfee00fff]
[    2.407945] PM: hibernation: Registered nosave memory: [mem 0xfee01000-0xfffdffff]
[    2.407946] PM: hibernation: Registered nosave memory: [mem 0xfffe0000-0xffffffff]
[    2.407948] [mem 0xc0000000-0xefffffff] available for PCI devices
[    2.407949] Booting paravirtualized kernel on VMware hypervisor
[    2.407953] clocksource: refined-jiffies: mask: 0xffffffff max_cycles: 0xffffffff, max_idle_ns: 7645519600211568 ns
[    2.407961] setup_percpu: NR_CPUS:8192 nr_cpumask_bits:128 nr_cpu_ids:128 nr_node_ids:1
[    3.006959] percpu: Embedded 56 pages/cpu s192512 r8192 d28672 u262144
[    3.006974] pcpu-alloc: s192512 r8192 d28672 u262144 alloc=1*2097152
[    3.006975] pcpu-alloc: [0] 000 001 002 003 004 005 006 007 
[    3.006977] pcpu-alloc: [0] 008 009 010 011 012 013 014 015 
[    3.006979] pcpu-alloc: [0] 016 017 018 019 020 021 022 023 
[    3.006981] pcpu-alloc: [0] 024 025 026 027 028 029 030 031 
[    3.006982] pcpu-alloc: [0] 032 033 034 035 036 037 038 039 
[    3.006987] pcpu-alloc: [0] 040 041 042 043 044 045 046 047 
[    3.006989] pcpu-alloc: [0] 048 049 050 051 052 053 054 055 
[    3.006990] pcpu-alloc: [0] 056 057 058 059 060 061 062 063 
[    3.006992] pcpu-alloc: [0] 064 065 066 067 068 069 070 071 
[    3.006994] pcpu-alloc: [0] 072 073 074 075 076 077 078 079 
[    3.006995] pcpu-alloc: [0] 080 081 082 083 084 085 086 087 
[    3.006997] pcpu-alloc: [0] 088 089 090 091 092 093 094 095 
[    3.006998] pcpu-alloc: [0] 096 097 098 099 100 101 102 103 
[    3.007000] pcpu-alloc: [0] 104 105 106 107 108 109 110 111 
[    3.007002] pcpu-alloc: [0] 112 113 114 115 116 117 118 119 
[    3.007003] pcpu-alloc: [0] 120 121 122 123 124 125 126 127 
[    3.007140] Built 1 zonelists, mobility grouping on.  Total pages: 2064232
[    3.007141] Policy zone: Normal
[    3.007144] Kernel command line: BOOT_IMAGE=/boot/vmlinuz-5.8.0-63-generic root=UUID=877e1867-02f1-46cd-b135-28e5fb0a7646 ro quiet splash
[    3.007256] printk: log_buf_len individual max cpu contribution: 4096 bytes
[    3.007257] printk: log_buf_len total cpu_extra contributions: 520192 bytes
[    3.007258] printk: log_buf_len min size: 262144 bytes
[    3.026865] printk: log_buf_len: 1048576 bytes
[    3.026868] printk: early log buf free: 223476(85%)
[    3.159504] Dentry cache hash table entries: 1048576 (order: 11, 8388608 bytes, linear)
[    3.229000] Inode-cache hash table entries: 524288 (order: 10, 4194304 bytes, linear)
[    3.233353] mem auto-init: stack:off, heap alloc:on, heap free:off
[    3.812598] Memory: 8064676K/8388084K available (14339K kernel code, 2538K rwdata, 5456K rodata, 2648K init, 4912K bss, 323408K reserved, 0K cma-reserved)
[    3.812625] random: get_random_u64 called from kmem_cache_open+0x29/0x410 with crng_init=0
[    3.817934] SLUB: HWalign=64, Order=0-3, MinObjects=0, CPUs=128, Nodes=1
[    3.818381] Kernel/User page tables isolation: enabled
[    3.820112] ftrace: allocating 46483 entries in 182 pages
[    3.863429] ftrace: allocated 182 pages with 5 groups
[    3.872935] rcu: Hierarchical RCU implementation.
[    3.872939] rcu: 	RCU restricting CPUs from NR_CPUS=8192 to nr_cpu_ids=128.
[    3.872941] 	Trampoline variant of Tasks RCU enabled.
[    3.872941] 	Rude variant of Tasks RCU enabled.
[    3.872942] 	Tracing variant of Tasks RCU enabled.
[    3.872943] rcu: RCU calculated value of scheduler-enlistment delay is 25 jiffies.
[    3.872944] rcu: Adjusting geometry for rcu_fanout_leaf=16, nr_cpu_ids=128
[    3.883559] NR_IRQS: 524544, nr_irqs: 1448, preallocated irqs: 16
[    3.885027] random: crng done (trusting CPU's manufacturer)
[    3.902840] Console: colour VGA+ 80x25
[    3.902859] printk: console [tty0] enabled
[    3.903493] ACPI: Core revision 20200528
[    3.905990] clocksource: hpet: mask: 0xffffffff max_cycles: 0xffffffff, max_idle_ns: 133484882848 ns
[    3.906173] APIC: Switch to symmetric I/O mode setup
[    3.907105] x2apic enabled
[    3.908146] Switched APIC routing to physical x2apic.
[    3.914856] ..TIMER: vector=0x30 apic1=0 pin1=2 apic2=-1 pin2=-1
[    3.914945] clocksource: tsc-early: mask: 0xffffffffffffffff max_cycles: 0x1fb6300e510, max_idle_ns: 440795316804 ns
[    3.914953] Calibrating delay loop (skipped) preset value.. 4399.99 BogoMIPS (lpj=8799988)
[    3.914956] pid_max: default: 131072 minimum: 1024
[    3.915187] LSM: Security Framework initializing
[    3.915206] Yama: becoming mindful.
[    3.915919] AppArmor: AppArmor initialized
[    3.917999] Mount-cache hash table entries: 16384 (order: 5, 131072 bytes, linear)
[    3.920819] Mountpoint-cache hash table entries: 16384 (order: 5, 131072 bytes, linear)
[    3.926545] Disabled fast string operations
[    3.927472] Last level iTLB entries: 4KB 64, 2MB 8, 4MB 8
[    3.927474] Last level dTLB entries: 4KB 64, 2MB 0, 4MB 0, 1GB 4
[    3.927480] Spectre V1 : Mitigation: usercopy/swapgs barriers and __user pointer sanitization
[    3.927483] Spectre V2 : Mitigation: Full generic retpoline
[    3.927484] Spectre V2 : Spectre v2 / SpectreRSB mitigation: Filling RSB on context switch
[    3.927485] Speculative Store Bypass: Vulnerable
[    3.927488] MDS: Vulnerable: Clear CPU buffers attempted, no microcode
[    3.927820] Freeing SMP alternatives memory: 40K
[    3.955775] smpboot: CPU0: Intel(R) Xeon(R) CPU E5-2696 v4 @ 2.20GHz (family: 0x6, model: 0x4f, stepping: 0x1)
[    3.958793] Performance Events: Broadwell events, core PMU driver.
[    3.958878] core: CPUID marked event: 'cpu cycles' unavailable
[    3.958882] core: CPUID marked event: 'instructions' unavailable
[    3.958886] core: CPUID marked event: 'bus cycles' unavailable
[    3.958890] core: CPUID marked event: 'cache references' unavailable
[    3.958893] core: CPUID marked event: 'cache misses' unavailable
[    3.958897] core: CPUID marked event: 'branch instructions' unavailable
[    3.958901] core: CPUID marked event: 'branch misses' unavailable
[    3.958910] ... version:                1
[    3.958914] ... bit width:              48
[    3.958918] ... generic registers:      4
[    3.958922] ... value mask:             0000ffffffffffff
[    3.958926] ... max period:             000000007fffffff
[    3.958929] ... fixed-purpose events:   0
[    3.958933] ... event mask:             000000000000000f
[    3.958948] rcu: Hierarchical SRCU implementation.
[    3.961786] NMI watchdog: Perf NMI watchdog permanently disabled
[    4.022390] smp: Bringing up secondary CPUs ...
[    4.025199] x86: Booting SMP configuration:
[    4.025201] .... node  #0, CPUs:          #1
[    0.033984] Disabled fast string operations
[    0.033984] smpboot: CPU 1 Converting physical 2 to logical package 1
[    0.033984] smpboot: CPU 1 Converting physical 0 to logical die 1
[    4.035727]    #2
[    0.033984] Disabled fast string operations
[    0.033984] smpboot: CPU 2 Converting physical 4 to logical package 2
[    0.033984] smpboot: CPU 2 Converting physical 0 to logical die 2
[    4.044081]    #3
[    0.033984] Disabled fast string operations
[    0.033984] smpboot: CPU 3 Converting physical 6 to logical package 3
[    0.033984] smpboot: CPU 3 Converting physical 0 to logical die 3
[    4.047375] smp: Brought up 1 node, 4 CPUs
[    4.047378] smpboot: Max logical packages: 128
[    4.047380] smpboot: Total of 4 processors activated (17599.97 BogoMIPS)
[    4.052347] devtmpfs: initialized
[    4.052347] x86/mm: Memory block size: 128MB
[    4.059959] PM: Registering ACPI NVS region [mem 0xbfeff000-0xbfefffff] (4096 bytes)
[    4.059959] clocksource: jiffies: mask: 0xffffffff max_cycles: 0xffffffff, max_idle_ns: 7645041785100000 ns
[    4.092394] futex hash table entries: 32768 (order: 9, 2097152 bytes, linear)
[    4.093124] pinctrl core: initialized pinctrl subsystem
[    4.093701] PM: RTC time: 05:43:25, date: 2021-07-26
[    4.093704] thermal_sys: Registered thermal governor 'fair_share'
[    4.093705] thermal_sys: Registered thermal governor 'bang_bang'
[    4.093705] thermal_sys: Registered thermal governor 'step_wise'
[    4.093706] thermal_sys: Registered thermal governor 'user_space'
[    4.093706] thermal_sys: Registered thermal governor 'power_allocator'
[    4.095742] NET: Registered protocol family 16
[    4.115747] DMA: preallocated 1024 KiB GFP_KERNEL pool for atomic allocations
[    4.117804] DMA: preallocated 1024 KiB GFP_KERNEL|GFP_DMA pool for atomic allocations
[    4.133713] DMA: preallocated 1024 KiB GFP_KERNEL|GFP_DMA32 pool for atomic allocations
[    4.133739] audit: initializing netlink subsys (disabled)
[    4.134193] audit: type=2000 audit(1627278205.216:1): state=initialized audit_enabled=0 res=1
[    4.135816] EISA bus registered
[    4.137514] cpuidle: using governor ladder
[    4.137514] cpuidle: using governor menu
[    4.137514] Simple Boot Flag at 0x36 set to 0x80
[    4.137514] ACPI: bus type PCI registered
[    4.137514] acpiphp: ACPI Hot Plug PCI Controller Driver version: 0.5
[    4.139586] PCI: MMCONFIG for domain 0000 [bus 00-7f] at [mem 0xf0000000-0xf7ffffff] (base 0xf0000000)
[    4.139589] PCI: MMCONFIG at [mem 0xf0000000-0xf7ffffff] reserved in E820
[    4.139599] pmd_set_huge: Cannot satisfy [mem 0xf0000000-0xf0200000] with a huge-page mapping due to MTRR override.
[    4.143534] PCI: Using configuration type 1 for base access
[    4.151512] HugeTLB registered 1.00 GiB page size, pre-allocated 0 pages
[    4.151512] HugeTLB registered 2.00 MiB page size, pre-allocated 0 pages
[    4.208253] ACPI: Added _OSI(Module Device)
[    4.208253] ACPI: Added _OSI(Processor Device)
[    4.208253] ACPI: Added _OSI(3.0 _SCP Extensions)
[    4.208253] ACPI: Added _OSI(Processor Aggregator Device)
[    4.208253] ACPI: Added _OSI(Linux-Dell-Video)
[    4.208253] ACPI: Added _OSI(Linux-Lenovo-NV-HDMI-Audio)
[    4.208253] ACPI: Added _OSI(Linux-HPI-Hybrid-Graphics)
[    4.240538] ACPI: 1 ACPI AML tables successfully acquired and loaded
[    4.243990] ACPI: [Firmware Bug]: BIOS _OSI(Linux) query ignored
[    4.283231] ACPI: Interpreter enabled
[    4.283258] ACPI: (supports S0 S1 S4 S5)
[    4.283260] ACPI: Using IOAPIC for interrupt routing
[    4.283533] PCI: Using host bridge windows from ACPI; if necessary, use "pci=nocrs" and report a bug
[    4.285746] ACPI: Enabled 4 GPEs in block 00 to 0F
[    4.547459] ACPI: PCI Root Bridge [PCI0] (domain 0000 [bus 00-7f])
[    4.547472] acpi PNP0A03:00: _OSC: OS supports [ExtendedConfig ASPM ClockPM Segments MSI HPX-Type3]
[    4.547896] acpi PNP0A03:00: _OSC: platform does not support [AER LTR]
[    4.548350] acpi PNP0A03:00: _OSC: OS now controls [PCIeHotplug SHPCHotplug PME PCIeCapability]
[    4.553544] PCI host bridge to bus 0000:00
[    4.553547] pci_bus 0000:00: root bus resource [mem 0x000a0000-0x000bffff window]
[    4.553548] pci_bus 0000:00: root bus resource [mem 0x000d0000-0x000d3fff window]
[    4.553549] pci_bus 0000:00: root bus resource [mem 0x000d4000-0x000d7fff window]
[    4.553550] pci_bus 0000:00: root bus resource [mem 0x000d8000-0x000dbfff window]
[    4.553551] pci_bus 0000:00: root bus resource [mem 0xc0000000-0xfebfffff window]
[    4.553552] pci_bus 0000:00: root bus resource [io  0x0000-0x0cf7 window]
[    4.553553] pci_bus 0000:00: root bus resource [io  0x0d00-0xfeff window]
[    4.553554] pci_bus 0000:00: root bus resource [bus 00-7f]
[    4.553691] pci 0000:00:00.0: [8086:7190] type 00 class 0x060000
[    4.557083] pci 0000:00:01.0: [8086:7191] type 01 class 0x060400
[    4.570123] pci 0000:00:07.0: [8086:7110] type 00 class 0x060100
[    4.574345] pci 0000:00:07.1: [8086:7111] type 00 class 0x01018a
[    4.578748] pci 0000:00:07.1: reg 0x20: [io  0x1060-0x106f]
[    4.580118] pci 0000:00:07.1: legacy IDE quirk: reg 0x10: [io  0x01f0-0x01f7]
[    4.580119] pci 0000:00:07.1: legacy IDE quirk: reg 0x14: [io  0x03f6]
[    4.580120] pci 0000:00:07.1: legacy IDE quirk: reg 0x18: [io  0x0170-0x0177]
[    4.580121] pci 0000:00:07.1: legacy IDE quirk: reg 0x1c: [io  0x0376]
[    4.581152] pci 0000:00:07.3: [8086:7113] type 00 class 0x068000
[    4.587996] pci 0000:00:07.3: quirk: [io  0x1000-0x103f] claimed by PIIX4 ACPI
[    4.588048] pci 0000:00:07.3: quirk: [io  0x1040-0x104f] claimed by PIIX4 SMB
[    4.590754] pci 0000:00:07.7: [15ad:0740] type 00 class 0x088000
[    4.593506] pci 0000:00:07.7: reg 0x10: [io  0x1080-0x10bf]
[    4.594962] pci 0000:00:07.7: reg 0x14: [mem 0xfebfe000-0xfebfffff 64bit]
[    4.612364] pci 0000:00:0f.0: [15ad:0405] type 00 class 0x030000
[    4.616862] pci 0000:00:0f.0: reg 0x10: [io  0x1070-0x107f]
[    4.618961] pci 0000:00:0f.0: reg 0x14: [mem 0xe8000000-0xefffffff pref]
[    4.622959] pci 0000:00:0f.0: reg 0x18: [mem 0xfe000000-0xfe7fffff]
[    4.638975] pci 0000:00:0f.0: reg 0x30: [mem 0x00000000-0x00007fff pref]
[    4.642605] pci 0000:00:10.0: [1000:0030] type 00 class 0x010000
[    4.645849] pci 0000:00:10.0: reg 0x10: [io  0x1400-0x14ff]
[    4.648334] pci 0000:00:10.0: reg 0x14: [mem 0xfeba0000-0xfebbffff 64bit]
[    4.650443] pci 0000:00:10.0: reg 0x1c: [mem 0xfebc0000-0xfebdffff 64bit]
[    4.654960] pci 0000:00:10.0: reg 0x30: [mem 0x00000000-0x00003fff pref]
[    4.657908] pci 0000:00:11.0: [15ad:0790] type 01 class 0x060401
[    4.664549] pci 0000:00:15.0: [15ad:07a0] type 01 class 0x060400
[    4.668079] pci 0000:00:15.0: PME# supported from D0 D3hot D3cold
[    4.669199] pci 0000:00:15.1: [15ad:07a0] type 01 class 0x060400
[    4.671736] pci 0000:00:15.1: PME# supported from D0 D3hot D3cold
[    4.673236] pci 0000:00:15.2: [15ad:07a0] type 01 class 0x060400
[    4.677541] pci 0000:00:15.2: PME# supported from D0 D3hot D3cold
[    4.679532] pci 0000:00:15.3: [15ad:07a0] type 01 class 0x060400
[    4.682603] pci 0000:00:15.3: PME# supported from D0 D3hot D3cold
[    4.684065] pci 0000:00:15.4: [15ad:07a0] type 01 class 0x060400
[    4.686948] pci 0000:00:15.4: PME# supported from D0 D3hot D3cold
[    4.688247] pci 0000:00:15.5: [15ad:07a0] type 01 class 0x060400
[    4.691065] pci 0000:00:15.5: PME# supported from D0 D3hot D3cold
[    4.692184] pci 0000:00:15.6: [15ad:07a0] type 01 class 0x060400
[    4.694948] pci 0000:00:15.6: PME# supported from D0 D3hot D3cold
[    4.696782] pci 0000:00:15.7: [15ad:07a0] type 01 class 0x060400
[    4.700203] pci 0000:00:15.7: PME# supported from D0 D3hot D3cold
[    4.702348] pci 0000:00:16.0: [15ad:07a0] type 01 class 0x060400
[    4.704988] pci 0000:00:16.0: PME# supported from D0 D3hot D3cold
[    4.706992] pci 0000:00:16.1: [15ad:07a0] type 01 class 0x060400
[    4.710050] pci 0000:00:16.1: PME# supported from D0 D3hot D3cold
[    4.711723] pci 0000:00:16.2: [15ad:07a0] type 01 class 0x060400
[    4.714539] pci 0000:00:16.2: PME# supported from D0 D3hot D3cold
[    4.716142] pci 0000:00:16.3: [15ad:07a0] type 01 class 0x060400
[    4.718948] pci 0000:00:16.3: PME# supported from D0 D3hot D3cold
[    4.720117] pci 0000:00:16.4: [15ad:07a0] type 01 class 0x060400
[    4.722771] pci 0000:00:16.4: PME# supported from D0 D3hot D3cold
[    4.723956] pci 0000:00:16.5: [15ad:07a0] type 01 class 0x060400
[    4.726756] pci 0000:00:16.5: PME# supported from D0 D3hot D3cold
[    4.728210] pci 0000:00:16.6: [15ad:07a0] type 01 class 0x060400
[    4.731316] pci 0000:00:16.6: PME# supported from D0 D3hot D3cold
[    4.732628] pci 0000:00:16.7: [15ad:07a0] type 01 class 0x060400
[    4.735584] pci 0000:00:16.7: PME# supported from D0 D3hot D3cold
[    4.738142] pci 0000:00:17.0: [15ad:07a0] type 01 class 0x060400
[    4.740939] pci 0000:00:17.0: PME# supported from D0 D3hot D3cold
[    4.742036] pci 0000:00:17.1: [15ad:07a0] type 01 class 0x060400
[    4.744717] pci 0000:00:17.1: PME# supported from D0 D3hot D3cold
[    4.746065] pci 0000:00:17.2: [15ad:07a0] type 01 class 0x060400
[    4.750948] pci 0000:00:17.2: PME# supported from D0 D3hot D3cold
[    4.752920] pci 0000:00:17.3: [15ad:07a0] type 01 class 0x060400
[    4.755960] pci 0000:00:17.3: PME# supported from D0 D3hot D3cold
[    4.757173] pci 0000:00:17.4: [15ad:07a0] type 01 class 0x060400
[    4.760008] pci 0000:00:17.4: PME# supported from D0 D3hot D3cold
[    4.761136] pci 0000:00:17.5: [15ad:07a0] type 01 class 0x060400
[    4.763675] pci 0000:00:17.5: PME# supported from D0 D3hot D3cold
[    4.764826] pci 0000:00:17.6: [15ad:07a0] type 01 class 0x060400
[    4.767420] pci 0000:00:17.6: PME# supported from D0 D3hot D3cold
[    4.768604] pci 0000:00:17.7: [15ad:07a0] type 01 class 0x060400
[    4.771438] pci 0000:00:17.7: PME# supported from D0 D3hot D3cold
[    4.773907] pci 0000:00:18.0: [15ad:07a0] type 01 class 0x060400
[    4.776884] pci 0000:00:18.0: PME# supported from D0 D3hot D3cold
[    4.778352] pci 0000:00:18.1: [15ad:07a0] type 01 class 0x060400
[    4.781571] pci 0000:00:18.1: PME# supported from D0 D3hot D3cold
[    4.783283] pci 0000:00:18.2: [15ad:07a0] type 01 class 0x060400
[    4.786103] pci 0000:00:18.2: PME# supported from D0 D3hot D3cold
[    4.787909] pci 0000:00:18.3: [15ad:07a0] type 01 class 0x060400
[    4.790849] pci 0000:00:18.3: PME# supported from D0 D3hot D3cold
[    4.792156] pci 0000:00:18.4: [15ad:07a0] type 01 class 0x060400
[    4.795217] pci 0000:00:18.4: PME# supported from D0 D3hot D3cold
[    4.796924] pci 0000:00:18.5: [15ad:07a0] type 01 class 0x060400
[    4.799596] pci 0000:00:18.5: PME# supported from D0 D3hot D3cold
[    4.800980] pci 0000:00:18.6: [15ad:07a0] type 01 class 0x060400
[    4.803921] pci 0000:00:18.6: PME# supported from D0 D3hot D3cold
[    4.805272] pci 0000:00:18.7: [15ad:07a0] type 01 class 0x060400
[    4.808196] pci 0000:00:18.7: PME# supported from D0 D3hot D3cold
[    4.819496] pci_bus 0000:01: extended config space not accessible
[    4.847175] pci 0000:00:01.0: PCI bridge to [bus 01]
[    4.848247] pci_bus 0000:02: extended config space not accessible
[    4.849316] acpiphp: Slot [32] registered
[    4.849400] acpiphp: Slot [33] registered
[    4.849476] acpiphp: Slot [34] registered
[    4.849551] acpiphp: Slot [35] registered
[    4.849620] acpiphp: Slot [36] registered
[    4.849674] acpiphp: Slot [37] registered
[    4.849718] acpiphp: Slot [38] registered
[    4.849771] acpiphp: Slot [39] registered
[    4.849818] acpiphp: Slot [40] registered
[    4.849938] acpiphp: Slot [41] registered
[    4.850050] acpiphp: Slot [42] registered
[    4.850321] acpiphp: Slot [43] registered
[    4.850401] acpiphp: Slot [44] registered
[    4.850484] acpiphp: Slot [45] registered
[    4.850638] acpiphp: Slot [46] registered
[    4.850686] acpiphp: Slot [47] registered
[    4.850728] acpiphp: Slot [48] registered
[    4.850769] acpiphp: Slot [49] registered
[    4.850820] acpiphp: Slot [50] registered
[    4.850899] acpiphp: Slot [51] registered
[    4.850948] acpiphp: Slot [52] registered
[    4.850986] acpiphp: Slot [53] registered
[    4.851061] acpiphp: Slot [54] registered
[    4.851408] acpiphp: Slot [55] registered
[    4.851486] acpiphp: Slot [56] registered
[    4.851558] acpiphp: Slot [57] registered
[    4.851631] acpiphp: Slot [58] registered
[    4.851706] acpiphp: Slot [59] registered
[    4.851783] acpiphp: Slot [60] registered
[    4.851855] acpiphp: Slot [61] registered
[    4.851928] acpiphp: Slot [62] registered
[    4.851999] acpiphp: Slot [63] registered
[    4.852343] pci 0000:02:00.0: [15ad:0774] type 00 class 0x0c0300
[    4.858254] pci 0000:02:00.0: reg 0x20: [io  0x20c0-0x20df]
[    4.863777] pci 0000:02:01.0: [1022:2000] type 00 class 0x020000
[    4.866076] pci 0000:02:01.0: reg 0x10: [io  0x2000-0x207f]
[    4.870493] pci 0000:02:01.0: reg 0x30: [mem 0x00000000-0x0000ffff pref]
[    4.873057] pci 0000:02:02.0: [1274:1371] type 00 class 0x040100
[    4.873953] pci 0000:02:02.0: reg 0x10: [io  0x2080-0x20bf]
[    4.884331] pci 0000:02:03.0: [15ad:0770] type 00 class 0x0c0320
[    4.885624] pci 0000:02:03.0: reg 0x10: [mem 0xfd5ff000-0xfd5fffff]
[    4.899233] pci 0000:02:05.0: [15ad:07e0] type 00 class 0x010601
[    4.906733] pci 0000:02:05.0: reg 0x24: [mem 0xfd5fe000-0xfd5fefff]
[    4.907469] pci 0000:02:05.0: reg 0x30: [mem 0x00000000-0x0000ffff pref]
[    4.908703] pci 0000:02:05.0: PME# supported from D3hot
[    4.937788] pci 0000:00:11.0: PCI bridge to [bus 02] (subtractive decode)
[    4.937866] pci 0000:00:11.0:   bridge window [io  0x2000-0x3fff]
[    4.937944] pci 0000:00:11.0:   bridge window [mem 0xfd500000-0xfdffffff]
[    4.938069] pci 0000:00:11.0:   bridge window [mem 0xe7b00000-0xe7ffffff 64bit pref]
[    4.938072] pci 0000:00:11.0:   bridge window [mem 0x000a0000-0x000bffff window] (subtractive decode)
[    4.938073] pci 0000:00:11.0:   bridge window [mem 0x000d0000-0x000d3fff window] (subtractive decode)
[    4.938074] pci 0000:00:11.0:   bridge window [mem 0x000d4000-0x000d7fff window] (subtractive decode)
[    4.938075] pci 0000:00:11.0:   bridge window [mem 0x000d8000-0x000dbfff window] (subtractive decode)
[    4.938076] pci 0000:00:11.0:   bridge window [mem 0xc0000000-0xfebfffff window] (subtractive decode)
[    4.938077] pci 0000:00:11.0:   bridge window [io  0x0000-0x0cf7 window] (subtractive decode)
[    4.938078] pci 0000:00:11.0:   bridge window [io  0x0d00-0xfeff window] (subtractive decode)
[    4.969109] pci 0000:00:15.0: PCI bridge to [bus 03]
[    4.969192] pci 0000:00:15.0:   bridge window [io  0x4000-0x4fff]
[    4.969297] pci 0000:00:15.0:   bridge window [mem 0xfd400000-0xfd4fffff]
[    4.969470] pci 0000:00:15.0:   bridge window [mem 0xe7a00000-0xe7afffff 64bit pref]
[    4.998948] pci 0000:00:15.1: PCI bridge to [bus 04]
[    4.998989] pci 0000:00:15.1:   bridge window [io  0x8000-0x8fff]
[    4.999046] pci 0000:00:15.1:   bridge window [mem 0xfd000000-0xfd0fffff]
[    4.999160] pci 0000:00:15.1:   bridge window [mem 0xe7600000-0xe76fffff 64bit pref]
[    5.029550] pci 0000:00:15.2: PCI bridge to [bus 05]
[    5.029668] pci 0000:00:15.2:   bridge window [io  0xc000-0xcfff]
[    5.029757] pci 0000:00:15.2:   bridge window [mem 0xfcc00000-0xfccfffff]
[    5.030031] pci 0000:00:15.2:   bridge window [mem 0xe7200000-0xe72fffff 64bit pref]
[    5.067341] pci 0000:00:15.3: PCI bridge to [bus 06]
[    5.067559] pci 0000:00:15.3:   bridge window [mem 0xfc800000-0xfc8fffff]
[    5.067745] pci 0000:00:15.3:   bridge window [mem 0xe6e00000-0xe6efffff 64bit pref]
[    5.106948] pci 0000:00:15.4: PCI bridge to [bus 07]
[    5.107110] pci 0000:00:15.4:   bridge window [mem 0xfc400000-0xfc4fffff]
[    5.107294] pci 0000:00:15.4:   bridge window [mem 0xe6a00000-0xe6afffff 64bit pref]
[    5.147644] pci 0000:00:15.5: PCI bridge to [bus 08]
[    5.147857] pci 0000:00:15.5:   bridge window [mem 0xfc000000-0xfc0fffff]
[    5.148048] pci 0000:00:15.5:   bridge window [mem 0xe6600000-0xe66fffff 64bit pref]
[    5.188212] pci 0000:00:15.6: PCI bridge to [bus 09]
[    5.188422] pci 0000:00:15.6:   bridge window [mem 0xfbc00000-0xfbcfffff]
[    5.188610] pci 0000:00:15.6:   bridge window [mem 0xe6200000-0xe62fffff 64bit pref]
[    5.226862] pci 0000:00:15.7: PCI bridge to [bus 0a]
[    5.227059] pci 0000:00:15.7:   bridge window [mem 0xfb800000-0xfb8fffff]
[    5.227240] pci 0000:00:15.7:   bridge window [mem 0xe5e00000-0xe5efffff 64bit pref]
[    5.260127] pci 0000:00:16.0: PCI bridge to [bus 0b]
[    5.260200] pci 0000:00:16.0:   bridge window [io  0x5000-0x5fff]
[    5.260255] pci 0000:00:16.0:   bridge window [mem 0xfd300000-0xfd3fffff]
[    5.260359] pci 0000:00:16.0:   bridge window [mem 0xe7900000-0xe79fffff 64bit pref]
[    5.303732] pci 0000:00:16.1: PCI bridge to [bus 0c]
[    5.303822] pci 0000:00:16.1:   bridge window [io  0x9000-0x9fff]
[    5.304007] pci 0000:00:16.1:   bridge window [mem 0xfcf00000-0xfcffffff]
[    5.304118] pci 0000:00:16.1:   bridge window [mem 0xe7500000-0xe75fffff 64bit pref]
[    5.340870] pci 0000:00:16.2: PCI bridge to [bus 0d]
[    5.341042] pci 0000:00:16.2:   bridge window [io  0xd000-0xdfff]
[    5.341136] pci 0000:00:16.2:   bridge window [mem 0xfcb00000-0xfcbfffff]
[    5.341306] pci 0000:00:16.2:   bridge window [mem 0xe7100000-0xe71fffff 64bit pref]
[    5.374948] pci 0000:00:16.3: PCI bridge to [bus 0e]
[    5.375103] pci 0000:00:16.3:   bridge window [mem 0xfc700000-0xfc7fffff]
[    5.375287] pci 0000:00:16.3:   bridge window [mem 0xe6d00000-0xe6dfffff 64bit pref]
[    5.417306] pci 0000:00:16.4: PCI bridge to [bus 0f]
[    5.417429] pci 0000:00:16.4:   bridge window [mem 0xfc300000-0xfc3fffff]
[    5.417555] pci 0000:00:16.4:   bridge window [mem 0xe6900000-0xe69fffff 64bit pref]
[    5.460452] pci 0000:00:16.5: PCI bridge to [bus 10]
[    5.460658] pci 0000:00:16.5:   bridge window [mem 0xfbf00000-0xfbffffff]
[    5.460998] pci 0000:00:16.5:   bridge window [mem 0xe6500000-0xe65fffff 64bit pref]
[    5.494851] pci 0000:00:16.6: PCI bridge to [bus 11]
[    5.495024] pci 0000:00:16.6:   bridge window [mem 0xfbb00000-0xfbbfffff]
[    5.495138] pci 0000:00:16.6:   bridge window [mem 0xe6100000-0xe61fffff 64bit pref]
[    5.526742] pci 0000:00:16.7: PCI bridge to [bus 12]
[    5.526900] pci 0000:00:16.7:   bridge window [mem 0xfb700000-0xfb7fffff]
[    5.527021] pci 0000:00:16.7:   bridge window [mem 0xe5d00000-0xe5dfffff 64bit pref]
[    5.558948] pci 0000:00:17.0: PCI bridge to [bus 13]
[    5.559002] pci 0000:00:17.0:   bridge window [io  0x6000-0x6fff]
[    5.559059] pci 0000:00:17.0:   bridge window [mem 0xfd200000-0xfd2fffff]
[    5.559167] pci 0000:00:17.0:   bridge window [mem 0xe7800000-0xe78fffff 64bit pref]
[    5.592451] pci 0000:00:17.1: PCI bridge to [bus 14]
[    5.592530] pci 0000:00:17.1:   bridge window [io  0xa000-0xafff]
[    5.592587] pci 0000:00:17.1:   bridge window [mem 0xfce00000-0xfcefffff]
[    5.592695] pci 0000:00:17.1:   bridge window [mem 0xe7400000-0xe74fffff 64bit pref]
[    5.623852] pci 0000:00:17.2: PCI bridge to [bus 15]
[    5.623957] pci 0000:00:17.2:   bridge window [io  0xe000-0xefff]
[    5.624015] pci 0000:00:17.2:   bridge window [mem 0xfca00000-0xfcafffff]
[    5.624129] pci 0000:00:17.2:   bridge window [mem 0xe7000000-0xe70fffff 64bit pref]
[    5.654948] pci 0000:00:17.3: PCI bridge to [bus 16]
[    5.655200] pci 0000:00:17.3:   bridge window [mem 0xfc600000-0xfc6fffff]
[    5.655430] pci 0000:00:17.3:   bridge window [mem 0xe6c00000-0xe6cfffff 64bit pref]
[    5.695461] pci 0000:00:17.4: PCI bridge to [bus 17]
[    5.695676] pci 0000:00:17.4:   bridge window [mem 0xfc200000-0xfc2fffff]
[    5.695864] pci 0000:00:17.4:   bridge window [mem 0xe6800000-0xe68fffff 64bit pref]
[    5.727998] pci 0000:00:17.5: PCI bridge to [bus 18]
[    5.728169] pci 0000:00:17.5:   bridge window [mem 0xfbe00000-0xfbefffff]
[    5.728312] pci 0000:00:17.5:   bridge window [mem 0xe6400000-0xe64fffff 64bit pref]
[    5.758948] pci 0000:00:17.6: PCI bridge to [bus 19]
[    5.759046] pci 0000:00:17.6:   bridge window [mem 0xfba00000-0xfbafffff]
[    5.759160] pci 0000:00:17.6:   bridge window [mem 0xe6000000-0xe60fffff 64bit pref]
[    5.796284] pci 0000:00:17.7: PCI bridge to [bus 1a]
[    5.796487] pci 0000:00:17.7:   bridge window [mem 0xfb600000-0xfb6fffff]
[    5.796659] pci 0000:00:17.7:   bridge window [mem 0xe5c00000-0xe5cfffff 64bit pref]
[    5.838419] pci 0000:00:18.0: PCI bridge to [bus 1b]
[    5.838529] pci 0000:00:18.0:   bridge window [io  0x7000-0x7fff]
[    5.838623] pci 0000:00:18.0:   bridge window [mem 0xfd100000-0xfd1fffff]
[    5.838809] pci 0000:00:18.0:   bridge window [mem 0xe7700000-0xe77fffff 64bit pref]
[    5.878948] pci 0000:00:18.1: PCI bridge to [bus 1c]
[    5.879011] pci 0000:00:18.1:   bridge window [io  0xb000-0xbfff]
[    5.879139] pci 0000:00:18.1:   bridge window [mem 0xfcd00000-0xfcdfffff]
[    5.879317] pci 0000:00:18.1:   bridge window [mem 0xe7300000-0xe73fffff 64bit pref]
[    5.920655] pci 0000:00:18.2: PCI bridge to [bus 1d]
[    5.920864] pci 0000:00:18.2:   bridge window [mem 0xfc900000-0xfc9fffff]
[    5.921076] pci 0000:00:18.2:   bridge window [mem 0xe6f00000-0xe6ffffff 64bit pref]
[    5.962086] pci 0000:00:18.3: PCI bridge to [bus 1e]
[    5.962289] pci 0000:00:18.3:   bridge window [mem 0xfc500000-0xfc5fffff]
[    5.962467] pci 0000:00:18.3:   bridge window [mem 0xe6b00000-0xe6bfffff 64bit pref]
[    6.000370] pci 0000:00:18.4: PCI bridge to [bus 1f]
[    6.000568] pci 0000:00:18.4:   bridge window [mem 0xfc100000-0xfc1fffff]
[    6.000751] pci 0000:00:18.4:   bridge window [mem 0xe6700000-0xe67fffff 64bit pref]
[    6.030948] pci 0000:00:18.5: PCI bridge to [bus 20]
[    6.031043] pci 0000:00:18.5:   bridge window [mem 0xfbd00000-0xfbdfffff]
[    6.031205] pci 0000:00:18.5:   bridge window [mem 0xe6300000-0xe63fffff 64bit pref]
[    6.063238] pci 0000:00:18.6: PCI bridge to [bus 21]
[    6.063370] pci 0000:00:18.6:   bridge window [mem 0xfb900000-0xfb9fffff]
[    6.063480] pci 0000:00:18.6:   bridge window [mem 0xe5f00000-0xe5ffffff 64bit pref]
[    6.092662] pci 0000:00:18.7: PCI bridge to [bus 22]
[    6.092792] pci 0000:00:18.7:   bridge window [mem 0xfb500000-0xfb5fffff]
[    6.092901] pci 0000:00:18.7:   bridge window [mem 0xe5b00000-0xe5bfffff 64bit pref]
[    6.102235] ACPI: PCI Interrupt Link [LNKA] (IRQs 3 4 5 6 7 *9 10 11 14 15)
[    6.102458] ACPI: PCI Interrupt Link [LNKB] (IRQs 3 4 5 6 7 9 10 *11 14 15)
[    6.102655] ACPI: PCI Interrupt Link [LNKC] (IRQs 3 4 5 6 7 9 *10 11 14 15)
[    6.102892] ACPI: PCI Interrupt Link [LNKD] (IRQs 3 4 5 6 *7 9 10 11 14 15)
[    6.151378] iommu: Default domain type: Translated 
[    6.152024] SCSI subsystem initialized
[    6.152114] libata version 3.00 loaded.
[    6.152114] pci 0000:00:0f.0: vgaarb: setting as boot VGA device
[    6.152114] pci 0000:00:0f.0: vgaarb: VGA device added: decodes=io+mem,owns=io+mem,locks=none
[    6.152114] pci 0000:00:0f.0: vgaarb: bridge control possible
[    6.152114] vgaarb: loaded
[    6.152114] ACPI: bus type USB registered
[    6.152114] usbcore: registered new interface driver usbfs
[    6.152114] usbcore: registered new interface driver hub
[    6.152114] usbcore: registered new device driver usb
[    6.152114] pps_core: LinuxPPS API ver. 1 registered
[    6.152114] pps_core: Software ver. 5.3.6 - Copyright 2005-2007 Rodolfo Giometti <giometti@linux.it>
[    6.152114] PTP clock support registered
[    6.155988] EDAC MC: Ver: 3.0.0
[    6.159668] NetLabel: Initializing
[    6.159668] NetLabel:  domain hash size = 128
[    6.159668] NetLabel:  protocols = UNLABELED CIPSOv4 CALIPSO
[    6.159668] NetLabel:  unlabeled traffic allowed by default
[    6.159668] PCI: Using ACPI for IRQ routing
[    6.293045] PCI: pci_cache_line_size set to 64 bytes
[    6.295605] e820: reserve RAM buffer [mem 0x0009e800-0x0009ffff]
[    6.295609] e820: reserve RAM buffer [mem 0xbfee0000-0xbfffffff]
[    6.296346] hpet0: at MMIO 0xfed00000, IRQs 2, 8, 0, 0, 0, 0, 0, 0, 0, 0, 0, 0, 0, 0, 0, 0
[    6.296352] hpet0: 16 comparators, 64-bit 14.318180 MHz counter
[    6.299192] clocksource: Switched to clocksource tsc-early
[    6.482266] VFS: Disk quotas dquot_6.6.0
[    6.482429] VFS: Dquot-cache hash table entries: 512 (order 0, 4096 bytes)
[    6.485234] AppArmor: AppArmor Filesystem Enabled
[    6.485294] pnp: PnP ACPI init
[    6.485781] system 00:00: [io  0x1000-0x103f] has been reserved
[    6.485784] system 00:00: [io  0x1040-0x104f] has been reserved
[    6.485787] system 00:00: [io  0x0cf0-0x0cf1] has been reserved
[    6.485797] system 00:00: Plug and Play ACPI device, IDs PNP0c02 (active)
[    6.486273] pnp 00:01: Plug and Play ACPI device, IDs PNP0b00 (active)
[    6.486315] pnp 00:02: Plug and Play ACPI device, IDs PNP0303 (active)
[    6.486346] pnp 00:03: Plug and Play ACPI device, IDs VMW0003 PNP0f13 (active)
[    6.487358] system 00:04: [mem 0xfed00000-0xfed003ff] has been reserved
[    6.487366] system 00:04: Plug and Play ACPI device, IDs PNP0103 PNP0c01 (active)
[    6.492999] pnp 00:05: Plug and Play ACPI device, IDs PNP0501 (active)
[    6.494420] system 00:06: [io  0xfce0-0xfcff] has been reserved
[    6.494425] system 00:06: [mem 0xf0000000-0xf7ffffff] has been reserved
[    6.494427] system 00:06: [mem 0xfe800000-0xfe9fffff] has been reserved
[    6.494435] system 00:06: Plug and Play ACPI device, IDs PNP0c02 (active)
[    6.533435] pnp: PnP ACPI: found 7 devices
[    6.564770] clocksource: acpi_pm: mask: 0xffffff max_cycles: 0xffffff, max_idle_ns: 2085701024 ns
[    6.564972] NET: Registered protocol family 2
[    6.579473] IP idents hash table entries: 131072 (order: 8, 1048576 bytes, linear)
[    6.619976] tcp_listen_portaddr_hash hash table entries: 4096 (order: 4, 65536 bytes, linear)
[    6.627094] TCP established hash table entries: 65536 (order: 7, 524288 bytes, linear)
[    6.640653] TCP bind hash table entries: 65536 (order: 8, 1048576 bytes, linear)
[    6.640748] TCP: Hash tables configured (established 65536 bind 65536)
[    6.649947] UDP hash table entries: 4096 (order: 5, 131072 bytes, linear)
[    6.653456] UDP-Lite hash table entries: 4096 (order: 5, 131072 bytes, linear)
[    6.657102] NET: Registered protocol family 1
[    6.657109] NET: Registered protocol family 44
[    6.657162] pci 0000:00:15.3: bridge window [io  0x1000-0x0fff] to [bus 06] add_size 1000
[    6.657164] pci 0000:00:15.4: bridge window [io  0x1000-0x0fff] to [bus 07] add_size 1000
[    6.657166] pci 0000:00:15.5: bridge window [io  0x1000-0x0fff] to [bus 08] add_size 1000
[    6.657168] pci 0000:00:15.6: bridge window [io  0x1000-0x0fff] to [bus 09] add_size 1000
[    6.657169] pci 0000:00:15.7: bridge window [io  0x1000-0x0fff] to [bus 0a] add_size 1000
[    6.657172] pci 0000:00:16.3: bridge window [io  0x1000-0x0fff] to [bus 0e] add_size 1000
[    6.657174] pci 0000:00:16.4: bridge window [io  0x1000-0x0fff] to [bus 0f] add_size 1000
[    6.657176] pci 0000:00:16.5: bridge window [io  0x1000-0x0fff] to [bus 10] add_size 1000
[    6.657177] pci 0000:00:16.6: bridge window [io  0x1000-0x0fff] to [bus 11] add_size 1000
[    6.657179] pci 0000:00:16.7: bridge window [io  0x1000-0x0fff] to [bus 12] add_size 1000
[    6.657182] pci 0000:00:17.3: bridge window [io  0x1000-0x0fff] to [bus 16] add_size 1000
[    6.657183] pci 0000:00:17.4: bridge window [io  0x1000-0x0fff] to [bus 17] add_size 1000
[    6.657185] pci 0000:00:17.5: bridge window [io  0x1000-0x0fff] to [bus 18] add_size 1000
[    6.657187] pci 0000:00:17.6: bridge window [io  0x1000-0x0fff] to [bus 19] add_size 1000
[    6.657188] pci 0000:00:17.7: bridge window [io  0x1000-0x0fff] to [bus 1a] add_size 1000
[    6.657190] pci 0000:00:18.2: bridge window [io  0x1000-0x0fff] to [bus 1d] add_size 1000
[    6.657192] pci 0000:00:18.3: bridge window [io  0x1000-0x0fff] to [bus 1e] add_size 1000
[    6.657193] pci 0000:00:18.4: bridge window [io  0x1000-0x0fff] to [bus 1f] add_size 1000
[    6.657195] pci 0000:00:18.5: bridge window [io  0x1000-0x0fff] to [bus 20] add_size 1000
[    6.657196] pci 0000:00:18.6: bridge window [io  0x1000-0x0fff] to [bus 21] add_size 1000
[    6.657198] pci 0000:00:18.7: bridge window [io  0x1000-0x0fff] to [bus 22] add_size 1000
[    6.657277] pci 0000:00:0f.0: BAR 6: assigned [mem 0xc0000000-0xc0007fff pref]
[    6.657279] pci 0000:00:10.0: BAR 6: assigned [mem 0xc0008000-0xc000bfff pref]
[    6.657284] pci 0000:00:15.3: BAR 13: no space for [io  size 0x1000]
[    6.657285] pci 0000:00:15.3: BAR 13: failed to assign [io  size 0x1000]
[    6.657287] pci 0000:00:15.4: BAR 13: no space for [io  size 0x1000]
[    6.657287] pci 0000:00:15.4: BAR 13: failed to assign [io  size 0x1000]
[    6.657289] pci 0000:00:15.5: BAR 13: no space for [io  size 0x1000]
[    6.657290] pci 0000:00:15.5: BAR 13: failed to assign [io  size 0x1000]
[    6.657291] pci 0000:00:15.6: BAR 13: no space for [io  size 0x1000]
[    6.657292] pci 0000:00:15.6: BAR 13: failed to assign [io  size 0x1000]
[    6.657294] pci 0000:00:15.7: BAR 13: no space for [io  size 0x1000]
[    6.657294] pci 0000:00:15.7: BAR 13: failed to assign [io  size 0x1000]
[    6.657296] pci 0000:00:16.3: BAR 13: no space for [io  size 0x1000]
[    6.657296] pci 0000:00:16.3: BAR 13: failed to assign [io  size 0x1000]
[    6.657298] pci 0000:00:16.4: BAR 13: no space for [io  size 0x1000]
[    6.657299] pci 0000:00:16.4: BAR 13: failed to assign [io  size 0x1000]
[    6.657300] pci 0000:00:16.5: BAR 13: no space for [io  size 0x1000]
[    6.657301] pci 0000:00:16.5: BAR 13: failed to assign [io  size 0x1000]
[    6.657302] pci 0000:00:16.6: BAR 13: no space for [io  size 0x1000]
[    6.657303] pci 0000:00:16.6: BAR 13: failed to assign [io  size 0x1000]
[    6.657305] pci 0000:00:16.7: BAR 13: no space for [io  size 0x1000]
[    6.657306] pci 0000:00:16.7: BAR 13: failed to assign [io  size 0x1000]
[    6.657307] pci 0000:00:17.3: BAR 13: no space for [io  size 0x1000]
[    6.657308] pci 0000:00:17.3: BAR 13: failed to assign [io  size 0x1000]
[    6.657310] pci 0000:00:17.4: BAR 13: no space for [io  size 0x1000]
[    6.657310] pci 0000:00:17.4: BAR 13: failed to assign [io  size 0x1000]
[    6.657312] pci 0000:00:17.5: BAR 13: no space for [io  size 0x1000]
[    6.657313] pci 0000:00:17.5: BAR 13: failed to assign [io  size 0x1000]
[    6.657314] pci 0000:00:17.6: BAR 13: no space for [io  size 0x1000]
[    6.657315] pci 0000:00:17.6: BAR 13: failed to assign [io  size 0x1000]
[    6.657316] pci 0000:00:17.7: BAR 13: no space for [io  size 0x1000]
[    6.657317] pci 0000:00:17.7: BAR 13: failed to assign [io  size 0x1000]
[    6.657318] pci 0000:00:18.2: BAR 13: no space for [io  size 0x1000]
[    6.657319] pci 0000:00:18.2: BAR 13: failed to assign [io  size 0x1000]
[    6.657374] pci 0000:00:18.3: BAR 13: no space for [io  size 0x1000]
[    6.657374] pci 0000:00:18.3: BAR 13: failed to assign [io  size 0x1000]
[    6.657376] pci 0000:00:18.4: BAR 13: no space for [io  size 0x1000]
[    6.657377] pci 0000:00:18.4: BAR 13: failed to assign [io  size 0x1000]
[    6.657378] pci 0000:00:18.5: BAR 13: no space for [io  size 0x1000]
[    6.657379] pci 0000:00:18.5: BAR 13: failed to assign [io  size 0x1000]
[    6.657380] pci 0000:00:18.6: BAR 13: no space for [io  size 0x1000]
[    6.657381] pci 0000:00:18.6: BAR 13: failed to assign [io  size 0x1000]
[    6.657383] pci 0000:00:18.7: BAR 13: no space for [io  size 0x1000]
[    6.657383] pci 0000:00:18.7: BAR 13: failed to assign [io  size 0x1000]
[    6.657388] pci 0000:00:18.7: BAR 13: no space for [io  size 0x1000]
[    6.657389] pci 0000:00:18.7: BAR 13: failed to assign [io  size 0x1000]
[    6.657390] pci 0000:00:18.6: BAR 13: no space for [io  size 0x1000]
[    6.657391] pci 0000:00:18.6: BAR 13: failed to assign [io  size 0x1000]
[    6.657392] pci 0000:00:18.5: BAR 13: no space for [io  size 0x1000]
[    6.657393] pci 0000:00:18.5: BAR 13: failed to assign [io  size 0x1000]
[    6.657395] pci 0000:00:18.4: BAR 13: no space for [io  size 0x1000]
[    6.657396] pci 0000:00:18.4: BAR 13: failed to assign [io  size 0x1000]
[    6.657397] pci 0000:00:18.3: BAR 13: no space for [io  size 0x1000]
[    6.657398] pci 0000:00:18.3: BAR 13: failed to assign [io  size 0x1000]
[    6.657400] pci 0000:00:18.2: BAR 13: no space for [io  size 0x1000]
[    6.657401] pci 0000:00:18.2: BAR 13: failed to assign [io  size 0x1000]
[    6.657402] pci 0000:00:17.7: BAR 13: no space for [io  size 0x1000]
[    6.657403] pci 0000:00:17.7: BAR 13: failed to assign [io  size 0x1000]
[    6.657405] pci 0000:00:17.6: BAR 13: no space for [io  size 0x1000]
[    6.657406] pci 0000:00:17.6: BAR 13: failed to assign [io  size 0x1000]
[    6.657407] pci 0000:00:17.5: BAR 13: no space for [io  size 0x1000]
[    6.657408] pci 0000:00:17.5: BAR 13: failed to assign [io  size 0x1000]
[    6.657409] pci 0000:00:17.4: BAR 13: no space for [io  size 0x1000]
[    6.657410] pci 0000:00:17.4: BAR 13: failed to assign [io  size 0x1000]
[    6.657412] pci 0000:00:17.3: BAR 13: no space for [io  size 0x1000]
[    6.657412] pci 0000:00:17.3: BAR 13: failed to assign [io  size 0x1000]
[    6.657414] pci 0000:00:16.7: BAR 13: no space for [io  size 0x1000]
[    6.657414] pci 0000:00:16.7: BAR 13: failed to assign [io  size 0x1000]
[    6.657416] pci 0000:00:16.6: BAR 13: no space for [io  size 0x1000]
[    6.657417] pci 0000:00:16.6: BAR 13: failed to assign [io  size 0x1000]
[    6.657418] pci 0000:00:16.5: BAR 13: no space for [io  size 0x1000]
[    6.657419] pci 0000:00:16.5: BAR 13: failed to assign [io  size 0x1000]
[    6.657420] pci 0000:00:16.4: BAR 13: no space for [io  size 0x1000]
[    6.657421] pci 0000:00:16.4: BAR 13: failed to assign [io  size 0x1000]
[    6.657422] pci 0000:00:16.3: BAR 13: no space for [io  size 0x1000]
[    6.657423] pci 0000:00:16.3: BAR 13: failed to assign [io  size 0x1000]
[    6.657425] pci 0000:00:15.7: BAR 13: no space for [io  size 0x1000]
[    6.657425] pci 0000:00:15.7: BAR 13: failed to assign [io  size 0x1000]
[    6.657427] pci 0000:00:15.6: BAR 13: no space for [io  size 0x1000]
[    6.657427] pci 0000:00:15.6: BAR 13: failed to assign [io  size 0x1000]
[    6.657429] pci 0000:00:15.5: BAR 13: no space for [io  size 0x1000]
[    6.657430] pci 0000:00:15.5: BAR 13: failed to assign [io  size 0x1000]
[    6.657431] pci 0000:00:15.4: BAR 13: no space for [io  size 0x1000]
[    6.657432] pci 0000:00:15.4: BAR 13: failed to assign [io  size 0x1000]
[    6.657433] pci 0000:00:15.3: BAR 13: no space for [io  size 0x1000]
[    6.657434] pci 0000:00:15.3: BAR 13: failed to assign [io  size 0x1000]
[    6.657436] pci 0000:00:01.0: PCI bridge to [bus 01]
[    6.657763] pci 0000:02:01.0: BAR 6: assigned [mem 0xfd500000-0xfd50ffff pref]
[    6.657765] pci 0000:02:05.0: BAR 6: assigned [mem 0xfd510000-0xfd51ffff pref]
[    6.657766] pci 0000:00:11.0: PCI bridge to [bus 02]
[    6.657807] pci 0000:00:11.0:   bridge window [io  0x2000-0x3fff]
[    6.657902] pci 0000:00:11.0:   bridge window [mem 0xfd500000-0xfdffffff]
[    6.657961] pci 0000:00:11.0:   bridge window [mem 0xe7b00000-0xe7ffffff 64bit pref]
[    6.658075] pci 0000:00:15.0: PCI bridge to [bus 03]
[    6.658112] pci 0000:00:15.0:   bridge window [io  0x4000-0x4fff]
[    6.658194] pci 0000:00:15.0:   bridge window [mem 0xfd400000-0xfd4fffff]
[    6.658248] pci 0000:00:15.0:   bridge window [mem 0xe7a00000-0xe7afffff 64bit pref]
[    6.658405] pci 0000:00:15.1: PCI bridge to [bus 04]
[    6.658454] pci 0000:00:15.1:   bridge window [io  0x8000-0x8fff]
[    6.658559] pci 0000:00:15.1:   bridge window [mem 0xfd000000-0xfd0fffff]
[    6.658652] pci 0000:00:15.1:   bridge window [mem 0xe7600000-0xe76fffff 64bit pref]
[    6.658870] pci 0000:00:15.2: PCI bridge to [bus 05]
[    6.658957] pci 0000:00:15.2:   bridge window [io  0xc000-0xcfff]
[    6.659106] pci 0000:00:15.2:   bridge window [mem 0xfcc00000-0xfccfffff]
[    6.659185] pci 0000:00:15.2:   bridge window [mem 0xe7200000-0xe72fffff 64bit pref]
[    6.659316] pci 0000:00:15.3: PCI bridge to [bus 06]
[    6.659406] pci 0000:00:15.3:   bridge window [mem 0xfc800000-0xfc8fffff]
[    6.659461] pci 0000:00:15.3:   bridge window [mem 0xe6e00000-0xe6efffff 64bit pref]
[    6.659583] pci 0000:00:15.4: PCI bridge to [bus 07]
[    6.659701] pci 0000:00:15.4:   bridge window [mem 0xfc400000-0xfc4fffff]
[    6.659760] pci 0000:00:15.4:   bridge window [mem 0xe6a00000-0xe6afffff 64bit pref]
[    6.659886] pci 0000:00:15.5: PCI bridge to [bus 08]
[    6.659992] pci 0000:00:15.5:   bridge window [mem 0xfc000000-0xfc0fffff]
[    6.660046] pci 0000:00:15.5:   bridge window [mem 0xe6600000-0xe66fffff 64bit pref]
[    6.660172] pci 0000:00:15.6: PCI bridge to [bus 09]
[    6.660255] pci 0000:00:15.6:   bridge window [mem 0xfbc00000-0xfbcfffff]
[    6.660309] pci 0000:00:15.6:   bridge window [mem 0xe6200000-0xe62fffff 64bit pref]
[    6.660435] pci 0000:00:15.7: PCI bridge to [bus 0a]
[    6.660575] pci 0000:00:15.7:   bridge window [mem 0xfb800000-0xfb8fffff]
[    6.660668] pci 0000:00:15.7:   bridge window [mem 0xe5e00000-0xe5efffff 64bit pref]
[    6.660802] pci 0000:00:16.0: PCI bridge to [bus 0b]
[    6.660835] pci 0000:00:16.0:   bridge window [io  0x5000-0x5fff]
[    6.660939] pci 0000:00:16.0:   bridge window [mem 0xfd300000-0xfd3fffff]
[    6.660995] pci 0000:00:16.0:   bridge window [mem 0xe7900000-0xe79fffff 64bit pref]
[    6.661116] pci 0000:00:16.1: PCI bridge to [bus 0c]
[    6.661147] pci 0000:00:16.1:   bridge window [io  0x9000-0x9fff]
[    6.661229] pci 0000:00:16.1:   bridge window [mem 0xfcf00000-0xfcffffff]
[    6.661283] pci 0000:00:16.1:   bridge window [mem 0xe7500000-0xe75fffff 64bit pref]
[    6.661411] pci 0000:00:16.2: PCI bridge to [bus 0d]
[    6.661443] pci 0000:00:16.2:   bridge window [io  0xd000-0xdfff]
[    6.661524] pci 0000:00:16.2:   bridge window [mem 0xfcb00000-0xfcbfffff]
[    6.661584] pci 0000:00:16.2:   bridge window [mem 0xe7100000-0xe71fffff 64bit pref]
[    6.661793] pci 0000:00:16.3: PCI bridge to [bus 0e]
[    6.661963] pci 0000:00:16.3:   bridge window [mem 0xfc700000-0xfc7fffff]
[    6.662042] pci 0000:00:16.3:   bridge window [mem 0xe6d00000-0xe6dfffff 64bit pref]
[    6.662170] pci 0000:00:16.4: PCI bridge to [bus 0f]
[    6.662254] pci 0000:00:16.4:   bridge window [mem 0xfc300000-0xfc3fffff]
[    6.662308] pci 0000:00:16.4:   bridge window [mem 0xe6900000-0xe69fffff 64bit pref]
[    6.662429] pci 0000:00:16.5: PCI bridge to [bus 10]
[    6.662513] pci 0000:00:16.5:   bridge window [mem 0xfbf00000-0xfbffffff]
[    6.662567] pci 0000:00:16.5:   bridge window [mem 0xe6500000-0xe65fffff 64bit pref]
[    6.662687] pci 0000:00:16.6: PCI bridge to [bus 11]
[    6.662770] pci 0000:00:16.6:   bridge window [mem 0xfbb00000-0xfbbfffff]
[    6.662824] pci 0000:00:16.6:   bridge window [mem 0xe6100000-0xe61fffff 64bit pref]
[    6.662997] pci 0000:00:16.7: PCI bridge to [bus 12]
[    6.663084] pci 0000:00:16.7:   bridge window [mem 0xfb700000-0xfb7fffff]
[    6.663139] pci 0000:00:16.7:   bridge window [mem 0xe5d00000-0xe5dfffff 64bit pref]
[    6.663262] pci 0000:00:17.0: PCI bridge to [bus 13]
[    6.663294] pci 0000:00:17.0:   bridge window [io  0x6000-0x6fff]
[    6.663375] pci 0000:00:17.0:   bridge window [mem 0xfd200000-0xfd2fffff]
[    6.663430] pci 0000:00:17.0:   bridge window [mem 0xe7800000-0xe78fffff 64bit pref]
[    6.663552] pci 0000:00:17.1: PCI bridge to [bus 14]
[    6.663583] pci 0000:00:17.1:   bridge window [io  0xa000-0xafff]
[    6.663664] pci 0000:00:17.1:   bridge window [mem 0xfce00000-0xfcefffff]
[    6.663718] pci 0000:00:17.1:   bridge window [mem 0xe7400000-0xe74fffff 64bit pref]
[    6.663838] pci 0000:00:17.2: PCI bridge to [bus 15]
[    6.663869] pci 0000:00:17.2:   bridge window [io  0xe000-0xefff]
[    6.663956] pci 0000:00:17.2:   bridge window [mem 0xfca00000-0xfcafffff]
[    6.664010] pci 0000:00:17.2:   bridge window [mem 0xe7000000-0xe70fffff 64bit pref]
[    6.664131] pci 0000:00:17.3: PCI bridge to [bus 16]
[    6.664214] pci 0000:00:17.3:   bridge window [mem 0xfc600000-0xfc6fffff]
[    6.664269] pci 0000:00:17.3:   bridge window [mem 0xe6c00000-0xe6cfffff 64bit pref]
[    6.664396] pci 0000:00:17.4: PCI bridge to [bus 17]
[    6.664480] pci 0000:00:17.4:   bridge window [mem 0xfc200000-0xfc2fffff]
[    6.664534] pci 0000:00:17.4:   bridge window [mem 0xe6800000-0xe68fffff 64bit pref]
[    6.664653] pci 0000:00:17.5: PCI bridge to [bus 18]
[    6.664736] pci 0000:00:17.5:   bridge window [mem 0xfbe00000-0xfbefffff]
[    6.664791] pci 0000:00:17.5:   bridge window [mem 0xe6400000-0xe64fffff 64bit pref]
[    6.664911] pci 0000:00:17.6: PCI bridge to [bus 19]
[    6.665014] pci 0000:00:17.6:   bridge window [mem 0xfba00000-0xfbafffff]
[    6.665075] pci 0000:00:17.6:   bridge window [mem 0xe6000000-0xe60fffff 64bit pref]
[    6.665196] pci 0000:00:17.7: PCI bridge to [bus 1a]
[    6.665278] pci 0000:00:17.7:   bridge window [mem 0xfb600000-0xfb6fffff]
[    6.665333] pci 0000:00:17.7:   bridge window [mem 0xe5c00000-0xe5cfffff 64bit pref]
[    6.665452] pci 0000:00:18.0: PCI bridge to [bus 1b]
[    6.665483] pci 0000:00:18.0:   bridge window [io  0x7000-0x7fff]
[    6.665564] pci 0000:00:18.0:   bridge window [mem 0xfd100000-0xfd1fffff]
[    6.665618] pci 0000:00:18.0:   bridge window [mem 0xe7700000-0xe77fffff 64bit pref]
[    6.665738] pci 0000:00:18.1: PCI bridge to [bus 1c]
[    6.665769] pci 0000:00:18.1:   bridge window [io  0xb000-0xbfff]
[    6.665851] pci 0000:00:18.1:   bridge window [mem 0xfcd00000-0xfcdfffff]
[    6.665905] pci 0000:00:18.1:   bridge window [mem 0xe7300000-0xe73fffff 64bit pref]
[    6.666029] pci 0000:00:18.2: PCI bridge to [bus 1d]
[    6.666112] pci 0000:00:18.2:   bridge window [mem 0xfc900000-0xfc9fffff]
[    6.666166] pci 0000:00:18.2:   bridge window [mem 0xe6f00000-0xe6ffffff 64bit pref]
[    6.666286] pci 0000:00:18.3: PCI bridge to [bus 1e]
[    6.666369] pci 0000:00:18.3:   bridge window [mem 0xfc500000-0xfc5fffff]
[    6.666424] pci 0000:00:18.3:   bridge window [mem 0xe6b00000-0xe6bfffff 64bit pref]
[    6.666544] pci 0000:00:18.4: PCI bridge to [bus 1f]
[    6.666627] pci 0000:00:18.4:   bridge window [mem 0xfc100000-0xfc1fffff]
[    6.666681] pci 0000:00:18.4:   bridge window [mem 0xe6700000-0xe67fffff 64bit pref]
[    6.666801] pci 0000:00:18.5: PCI bridge to [bus 20]
[    6.666884] pci 0000:00:18.5:   bridge window [mem 0xfbd00000-0xfbdfffff]
[    6.666980] pci 0000:00:18.5:   bridge window [mem 0xe6300000-0xe63fffff 64bit pref]
[    6.667104] pci 0000:00:18.6: PCI bridge to [bus 21]
[    6.667187] pci 0000:00:18.6:   bridge window [mem 0xfb900000-0xfb9fffff]
[    6.667241] pci 0000:00:18.6:   bridge window [mem 0xe5f00000-0xe5ffffff 64bit pref]
[    6.667367] pci 0000:00:18.7: PCI bridge to [bus 22]
[    6.667450] pci 0000:00:18.7:   bridge window [mem 0xfb500000-0xfb5fffff]
[    6.667505] pci 0000:00:18.7:   bridge window [mem 0xe5b00000-0xe5bfffff 64bit pref]
[    6.667633] pci_bus 0000:00: resource 4 [mem 0x000a0000-0x000bffff window]
[    6.667634] pci_bus 0000:00: resource 5 [mem 0x000d0000-0x000d3fff window]
[    6.667635] pci_bus 0000:00: resource 6 [mem 0x000d4000-0x000d7fff window]
[    6.667636] pci_bus 0000:00: resource 7 [mem 0x000d8000-0x000dbfff window]
[    6.667637] pci_bus 0000:00: resource 8 [mem 0xc0000000-0xfebfffff window]
[    6.667638] pci_bus 0000:00: resource 9 [io  0x0000-0x0cf7 window]
[    6.667639] pci_bus 0000:00: resource 10 [io  0x0d00-0xfeff window]
[    6.667642] pci_bus 0000:02: resource 0 [io  0x2000-0x3fff]
[    6.667643] pci_bus 0000:02: resource 1 [mem 0xfd500000-0xfdffffff]
[    6.667644] pci_bus 0000:02: resource 2 [mem 0xe7b00000-0xe7ffffff 64bit pref]
[    6.667644] pci_bus 0000:02: resource 4 [mem 0x000a0000-0x000bffff window]
[    6.667645] pci_bus 0000:02: resource 5 [mem 0x000d0000-0x000d3fff window]
[    6.667646] pci_bus 0000:02: resource 6 [mem 0x000d4000-0x000d7fff window]
[    6.667647] pci_bus 0000:02: resource 7 [mem 0x000d8000-0x000dbfff window]
[    6.667648] pci_bus 0000:02: resource 8 [mem 0xc0000000-0xfebfffff window]
[    6.667648] pci_bus 0000:02: resource 9 [io  0x0000-0x0cf7 window]
[    6.667649] pci_bus 0000:02: resource 10 [io  0x0d00-0xfeff window]
[    6.667651] pci_bus 0000:03: resource 0 [io  0x4000-0x4fff]
[    6.667652] pci_bus 0000:03: resource 1 [mem 0xfd400000-0xfd4fffff]
[    6.667653] pci_bus 0000:03: resource 2 [mem 0xe7a00000-0xe7afffff 64bit pref]
[    6.667655] pci_bus 0000:04: resource 0 [io  0x8000-0x8fff]
[    6.667656] pci_bus 0000:04: resource 1 [mem 0xfd000000-0xfd0fffff]
[    6.667656] pci_bus 0000:04: resource 2 [mem 0xe7600000-0xe76fffff 64bit pref]
[    6.667658] pci_bus 0000:05: resource 0 [io  0xc000-0xcfff]
[    6.667658] pci_bus 0000:05: resource 1 [mem 0xfcc00000-0xfccfffff]
[    6.667659] pci_bus 0000:05: resource 2 [mem 0xe7200000-0xe72fffff 64bit pref]
[    6.667661] pci_bus 0000:06: resource 1 [mem 0xfc800000-0xfc8fffff]
[    6.667661] pci_bus 0000:06: resource 2 [mem 0xe6e00000-0xe6efffff 64bit pref]
[    6.667662] pci_bus 0000:07: resource 1 [mem 0xfc400000-0xfc4fffff]
[    6.667663] pci_bus 0000:07: resource 2 [mem 0xe6a00000-0xe6afffff 64bit pref]
[    6.667665] pci_bus 0000:08: resource 1 [mem 0xfc000000-0xfc0fffff]
[    6.667665] pci_bus 0000:08: resource 2 [mem 0xe6600000-0xe66fffff 64bit pref]
[    6.667667] pci_bus 0000:09: resource 1 [mem 0xfbc00000-0xfbcfffff]
[    6.667668] pci_bus 0000:09: resource 2 [mem 0xe6200000-0xe62fffff 64bit pref]
[    6.667670] pci_bus 0000:0a: resource 1 [mem 0xfb800000-0xfb8fffff]
[    6.667671] pci_bus 0000:0a: resource 2 [mem 0xe5e00000-0xe5efffff 64bit pref]
[    6.667672] pci_bus 0000:0b: resource 0 [io  0x5000-0x5fff]
[    6.667673] pci_bus 0000:0b: resource 1 [mem 0xfd300000-0xfd3fffff]
[    6.667674] pci_bus 0000:0b: resource 2 [mem 0xe7900000-0xe79fffff 64bit pref]
[    6.667675] pci_bus 0000:0c: resource 0 [io  0x9000-0x9fff]
[    6.667676] pci_bus 0000:0c: resource 1 [mem 0xfcf00000-0xfcffffff]
[    6.667677] pci_bus 0000:0c: resource 2 [mem 0xe7500000-0xe75fffff 64bit pref]
[    6.667678] pci_bus 0000:0d: resource 0 [io  0xd000-0xdfff]
[    6.667678] pci_bus 0000:0d: resource 1 [mem 0xfcb00000-0xfcbfffff]
[    6.667679] pci_bus 0000:0d: resource 2 [mem 0xe7100000-0xe71fffff 64bit pref]
[    6.667681] pci_bus 0000:0e: resource 1 [mem 0xfc700000-0xfc7fffff]
[    6.667682] pci_bus 0000:0e: resource 2 [mem 0xe6d00000-0xe6dfffff 64bit pref]
[    6.667683] pci_bus 0000:0f: resource 1 [mem 0xfc300000-0xfc3fffff]
[    6.667683] pci_bus 0000:0f: resource 2 [mem 0xe6900000-0xe69fffff 64bit pref]
[    6.667685] pci_bus 0000:10: resource 1 [mem 0xfbf00000-0xfbffffff]
[    6.667685] pci_bus 0000:10: resource 2 [mem 0xe6500000-0xe65fffff 64bit pref]
[    6.667686] pci_bus 0000:11: resource 1 [mem 0xfbb00000-0xfbbfffff]
[    6.667687] pci_bus 0000:11: resource 2 [mem 0xe6100000-0xe61fffff 64bit pref]
[    6.667688] pci_bus 0000:12: resource 1 [mem 0xfb700000-0xfb7fffff]
[    6.667689] pci_bus 0000:12: resource 2 [mem 0xe5d00000-0xe5dfffff 64bit pref]
[    6.667690] pci_bus 0000:13: resource 0 [io  0x6000-0x6fff]
[    6.667691] pci_bus 0000:13: resource 1 [mem 0xfd200000-0xfd2fffff]
[    6.667691] pci_bus 0000:13: resource 2 [mem 0xe7800000-0xe78fffff 64bit pref]
[    6.667692] pci_bus 0000:14: resource 0 [io  0xa000-0xafff]
[    6.667693] pci_bus 0000:14: resource 1 [mem 0xfce00000-0xfcefffff]
[    6.667694] pci_bus 0000:14: resource 2 [mem 0xe7400000-0xe74fffff 64bit pref]
[    6.667695] pci_bus 0000:15: resource 0 [io  0xe000-0xefff]
[    6.667696] pci_bus 0000:15: resource 1 [mem 0xfca00000-0xfcafffff]
[    6.667696] pci_bus 0000:15: resource 2 [mem 0xe7000000-0xe70fffff 64bit pref]
[    6.667697] pci_bus 0000:16: resource 1 [mem 0xfc600000-0xfc6fffff]
[    6.667698] pci_bus 0000:16: resource 2 [mem 0xe6c00000-0xe6cfffff 64bit pref]
[    6.667699] pci_bus 0000:17: resource 1 [mem 0xfc200000-0xfc2fffff]
[    6.667700] pci_bus 0000:17: resource 2 [mem 0xe6800000-0xe68fffff 64bit pref]
[    6.667701] pci_bus 0000:18: resource 1 [mem 0xfbe00000-0xfbefffff]
[    6.667702] pci_bus 0000:18: resource 2 [mem 0xe6400000-0xe64fffff 64bit pref]
[    6.667703] pci_bus 0000:19: resource 1 [mem 0xfba00000-0xfbafffff]
[    6.667704] pci_bus 0000:19: resource 2 [mem 0xe6000000-0xe60fffff 64bit pref]
[    6.667706] pci_bus 0000:1a: resource 1 [mem 0xfb600000-0xfb6fffff]
[    6.667707] pci_bus 0000:1a: resource 2 [mem 0xe5c00000-0xe5cfffff 64bit pref]
[    6.667708] pci_bus 0000:1b: resource 0 [io  0x7000-0x7fff]
[    6.667709] pci_bus 0000:1b: resource 1 [mem 0xfd100000-0xfd1fffff]
[    6.667709] pci_bus 0000:1b: resource 2 [mem 0xe7700000-0xe77fffff 64bit pref]
[    6.667710] pci_bus 0000:1c: resource 0 [io  0xb000-0xbfff]
[    6.667711] pci_bus 0000:1c: resource 1 [mem 0xfcd00000-0xfcdfffff]
[    6.667712] pci_bus 0000:1c: resource 2 [mem 0xe7300000-0xe73fffff 64bit pref]
[    6.667713] pci_bus 0000:1d: resource 1 [mem 0xfc900000-0xfc9fffff]
[    6.667713] pci_bus 0000:1d: resource 2 [mem 0xe6f00000-0xe6ffffff 64bit pref]
[    6.667714] pci_bus 0000:1e: resource 1 [mem 0xfc500000-0xfc5fffff]
[    6.667715] pci_bus 0000:1e: resource 2 [mem 0xe6b00000-0xe6bfffff 64bit pref]
[    6.667716] pci_bus 0000:1f: resource 1 [mem 0xfc100000-0xfc1fffff]
[    6.667717] pci_bus 0000:1f: resource 2 [mem 0xe6700000-0xe67fffff 64bit pref]
[    6.667717] pci_bus 0000:20: resource 1 [mem 0xfbd00000-0xfbdfffff]
[    6.667718] pci_bus 0000:20: resource 2 [mem 0xe6300000-0xe63fffff 64bit pref]
[    6.667719] pci_bus 0000:21: resource 1 [mem 0xfb900000-0xfb9fffff]
[    6.667720] pci_bus 0000:21: resource 2 [mem 0xe5f00000-0xe5ffffff 64bit pref]
[    6.667721] pci_bus 0000:22: resource 1 [mem 0xfb500000-0xfb5fffff]
[    6.667722] pci_bus 0000:22: resource 2 [mem 0xe5b00000-0xe5bfffff 64bit pref]
[    6.668080] pci 0000:00:00.0: Limiting direct PCI/PCI transfers
[    6.668394] pci 0000:00:0f.0: Video device with shadowed ROM at [mem 0x000c0000-0x000dffff]
[    6.675252] PCI: CLS 32 bytes, default 64
[    6.676569] Trying to unpack rootfs image as initramfs...
[    9.778727] Freeing initrd memory: 51236K
[    9.778875] PCI-DMA: Using software bounce buffering for IO (SWIOTLB)
[    9.778877] software IO TLB: mapped [mem 0xbbee0000-0xbfee0000] (64MB)
[    9.779818] check: Scanning for low memory corruption every 60 seconds
[    9.782911] Initialise system trusted keyrings
[    9.782924] Key type blacklist registered
[    9.783367] workingset: timestamp_bits=36 max_order=21 bucket_order=0
[    9.785045] zbud: loaded
[    9.786167] squashfs: version 4.0 (2009/01/31) Phillip Lougher
[    9.786845] fuse: init (API version 7.31)
[    9.788134] integrity: Platform Keyring initialized
[    9.798852] Key type asymmetric registered
[    9.798854] Asymmetric key parser 'x509' registered
[    9.798871] Block layer SCSI generic (bsg) driver version 0.4 loaded (major 244)
[    9.799275] io scheduler mq-deadline registered
[    9.801787] pcieport 0000:00:15.0: PME: Signaling with IRQ 24
[    9.802039] pcieport 0000:00:15.0: pciehp: Slot #160 AttnBtn+ PwrCtrl+ MRL- AttnInd- PwrInd- HotPlug+ Surprise- Interlock- NoCompl+ IbPresDis- LLActRep+
[    9.804949] pcieport 0000:00:15.1: PME: Signaling with IRQ 25
[    9.805198] pcieport 0000:00:15.1: pciehp: Slot #161 AttnBtn+ PwrCtrl+ MRL- AttnInd- PwrInd- HotPlug+ Surprise- Interlock- NoCompl+ IbPresDis- LLActRep+
[    9.807913] pcieport 0000:00:15.2: PME: Signaling with IRQ 26
[    9.808140] pcieport 0000:00:15.2: pciehp: Slot #162 AttnBtn+ PwrCtrl+ MRL- AttnInd- PwrInd- HotPlug+ Surprise- Interlock- NoCompl+ IbPresDis- LLActRep+
[    9.810839] pcieport 0000:00:15.3: PME: Signaling with IRQ 27
[    9.811091] pcieport 0000:00:15.3: pciehp: Slot #163 AttnBtn+ PwrCtrl+ MRL- AttnInd- PwrInd- HotPlug+ Surprise- Interlock- NoCompl+ IbPresDis- LLActRep+
[    9.813738] pcieport 0000:00:15.4: PME: Signaling with IRQ 28
[    9.813967] pcieport 0000:00:15.4: pciehp: Slot #164 AttnBtn+ PwrCtrl+ MRL- AttnInd- PwrInd- HotPlug+ Surprise- Interlock- NoCompl+ IbPresDis- LLActRep+
[    9.818198] pcieport 0000:00:15.5: PME: Signaling with IRQ 29
[    9.818613] pcieport 0000:00:15.5: pciehp: Slot #165 AttnBtn+ PwrCtrl+ MRL- AttnInd- PwrInd- HotPlug+ Surprise- Interlock- NoCompl+ IbPresDis- LLActRep+
[    9.821575] pcieport 0000:00:15.6: PME: Signaling with IRQ 30
[    9.821796] pcieport 0000:00:15.6: pciehp: Slot #166 AttnBtn+ PwrCtrl+ MRL- AttnInd- PwrInd- HotPlug+ Surprise- Interlock- NoCompl+ IbPresDis- LLActRep+
[    9.824496] pcieport 0000:00:15.7: PME: Signaling with IRQ 31
[    9.824718] pcieport 0000:00:15.7: pciehp: Slot #167 AttnBtn+ PwrCtrl+ MRL- AttnInd- PwrInd- HotPlug+ Surprise- Interlock- NoCompl+ IbPresDis- LLActRep+
[    9.827474] pcieport 0000:00:16.0: PME: Signaling with IRQ 32
[    9.827754] pcieport 0000:00:16.0: pciehp: Slot #192 AttnBtn+ PwrCtrl+ MRL- AttnInd- PwrInd- HotPlug+ Surprise- Interlock- NoCompl+ IbPresDis- LLActRep+
[    9.831990] pcieport 0000:00:16.1: PME: Signaling with IRQ 33
[    9.832419] pcieport 0000:00:16.1: pciehp: Slot #193 AttnBtn+ PwrCtrl+ MRL- AttnInd- PwrInd- HotPlug+ Surprise- Interlock- NoCompl+ IbPresDis- LLActRep+
[    9.836620] pcieport 0000:00:16.2: PME: Signaling with IRQ 34
[    9.836992] pcieport 0000:00:16.2: pciehp: Slot #194 AttnBtn+ PwrCtrl+ MRL- AttnInd- PwrInd- HotPlug+ Surprise- Interlock- NoCompl+ IbPresDis- LLActRep+
[    9.841397] pcieport 0000:00:16.3: PME: Signaling with IRQ 35
[    9.841745] pcieport 0000:00:16.3: pciehp: Slot #195 AttnBtn+ PwrCtrl+ MRL- AttnInd- PwrInd- HotPlug+ Surprise- Interlock- NoCompl+ IbPresDis- LLActRep+
[    9.845947] pcieport 0000:00:16.4: PME: Signaling with IRQ 36
[    9.846281] pcieport 0000:00:16.4: pciehp: Slot #196 AttnBtn+ PwrCtrl+ MRL- AttnInd- PwrInd- HotPlug+ Surprise- Interlock- NoCompl+ IbPresDis- LLActRep+
[    9.849952] pcieport 0000:00:16.5: PME: Signaling with IRQ 37
[    9.850188] pcieport 0000:00:16.5: pciehp: Slot #197 AttnBtn+ PwrCtrl+ MRL- AttnInd- PwrInd- HotPlug+ Surprise- Interlock- NoCompl+ IbPresDis- LLActRep+
[    9.853069] pcieport 0000:00:16.6: PME: Signaling with IRQ 38
[    9.853297] pcieport 0000:00:16.6: pciehp: Slot #198 AttnBtn+ PwrCtrl+ MRL- AttnInd- PwrInd- HotPlug+ Surprise- Interlock- NoCompl+ IbPresDis- LLActRep+
[    9.856624] pcieport 0000:00:16.7: PME: Signaling with IRQ 39
[    9.856873] pcieport 0000:00:16.7: pciehp: Slot #199 AttnBtn+ PwrCtrl+ MRL- AttnInd- PwrInd- HotPlug+ Surprise- Interlock- NoCompl+ IbPresDis- LLActRep+
[    9.859591] pcieport 0000:00:17.0: PME: Signaling with IRQ 40
[    9.859809] pcieport 0000:00:17.0: pciehp: Slot #224 AttnBtn+ PwrCtrl+ MRL- AttnInd- PwrInd- HotPlug+ Surprise- Interlock- NoCompl+ IbPresDis- LLActRep+
[    9.862624] pcieport 0000:00:17.1: PME: Signaling with IRQ 41
[    9.863007] pcieport 0000:00:17.1: pciehp: Slot #225 AttnBtn+ PwrCtrl+ MRL- AttnInd- PwrInd- HotPlug+ Surprise- Interlock- NoCompl+ IbPresDis- LLActRep+
[    9.866276] pcieport 0000:00:17.2: PME: Signaling with IRQ 42
[    9.866502] pcieport 0000:00:17.2: pciehp: Slot #226 AttnBtn+ PwrCtrl+ MRL- AttnInd- PwrInd- HotPlug+ Surprise- Interlock- NoCompl+ IbPresDis- LLActRep+
[    9.869147] pcieport 0000:00:17.3: PME: Signaling with IRQ 43
[    9.869370] pcieport 0000:00:17.3: pciehp: Slot #227 AttnBtn+ PwrCtrl+ MRL- AttnInd- PwrInd- HotPlug+ Surprise- Interlock- NoCompl+ IbPresDis- LLActRep+
[    9.872031] pcieport 0000:00:17.4: PME: Signaling with IRQ 44
[    9.872270] pcieport 0000:00:17.4: pciehp: Slot #228 AttnBtn+ PwrCtrl+ MRL- AttnInd- PwrInd- HotPlug+ Surprise- Interlock- NoCompl+ IbPresDis- LLActRep+
[    9.874919] pcieport 0000:00:17.5: PME: Signaling with IRQ 45
[    9.875171] pcieport 0000:00:17.5: pciehp: Slot #229 AttnBtn+ PwrCtrl+ MRL- AttnInd- PwrInd- HotPlug+ Surprise- Interlock- NoCompl+ IbPresDis- LLActRep+
[    9.877789] pcieport 0000:00:17.6: PME: Signaling with IRQ 46
[    9.878014] pcieport 0000:00:17.6: pciehp: Slot #230 AttnBtn+ PwrCtrl+ MRL- AttnInd- PwrInd- HotPlug+ Surprise- Interlock- NoCompl+ IbPresDis- LLActRep+
[    9.880649] pcieport 0000:00:17.7: PME: Signaling with IRQ 47
[    9.880867] pcieport 0000:00:17.7: pciehp: Slot #231 AttnBtn+ PwrCtrl+ MRL- AttnInd- PwrInd- HotPlug+ Surprise- Interlock- NoCompl+ IbPresDis- LLActRep+
[    9.883452] pcieport 0000:00:18.0: PME: Signaling with IRQ 48
[    9.883671] pcieport 0000:00:18.0: pciehp: Slot #256 AttnBtn+ PwrCtrl+ MRL- AttnInd- PwrInd- HotPlug+ Surprise- Interlock- NoCompl+ IbPresDis- LLActRep+
[    9.886259] pcieport 0000:00:18.1: PME: Signaling with IRQ 49
[    9.886502] pcieport 0000:00:18.1: pciehp: Slot #257 AttnBtn+ PwrCtrl+ MRL- AttnInd- PwrInd- HotPlug+ Surprise- Interlock- NoCompl+ IbPresDis- LLActRep+
[    9.889218] pcieport 0000:00:18.2: PME: Signaling with IRQ 50
[    9.889449] pcieport 0000:00:18.2: pciehp: Slot #258 AttnBtn+ PwrCtrl+ MRL- AttnInd- PwrInd- HotPlug+ Surprise- Interlock- NoCompl+ IbPresDis- LLActRep+
[    9.892289] pcieport 0000:00:18.3: PME: Signaling with IRQ 51
[    9.892510] pcieport 0000:00:18.3: pciehp: Slot #259 AttnBtn+ PwrCtrl+ MRL- AttnInd- PwrInd- HotPlug+ Surprise- Interlock- NoCompl+ IbPresDis- LLActRep+
[    9.895250] pcieport 0000:00:18.4: PME: Signaling with IRQ 52
[    9.895471] pcieport 0000:00:18.4: pciehp: Slot #260 AttnBtn+ PwrCtrl+ MRL- AttnInd- PwrInd- HotPlug+ Surprise- Interlock- NoCompl+ IbPresDis- LLActRep+
[    9.898076] pcieport 0000:00:18.5: PME: Signaling with IRQ 53
[    9.898304] pcieport 0000:00:18.5: pciehp: Slot #261 AttnBtn+ PwrCtrl+ MRL- AttnInd- PwrInd- HotPlug+ Surprise- Interlock- NoCompl+ IbPresDis- LLActRep+
[    9.900961] pcieport 0000:00:18.6: PME: Signaling with IRQ 54
